<html>
<body>
<pre>
<h1>µVision Build Log</h1>
<h2>Project:</h2>
C:\Keil\STM32F107_ETH_LwIP_V1.0.0\Project\RVMDK\Project.uvproj
Project File Date:  08/13/2010

<h2>Output:</h2>
Rebuild target 'STM3210C-EVAL'
compiling stm32f10x_it.c...
compiling main.c...
compiling stm32f107.c...
compiling netconf.c...
compiling helloworld.c...
compiling httpd.c...
compiling tftpserver.c...
compiling tftputils.c...
compiling client.c...
compiling server.c...
compiling stm32f10x_usart.c...
compiling stm32f10x_gpio.c...
compiling stm32f10x_rcc.c...
compiling stm32f10x_spi.c...
compiling stm32f10x_exti.c...
compiling stm32f10x_flash.c...
compiling misc.c...
compiling stm32f10x_adc.c...
compiling stm32f10x_tim.c...
compiling stm32f10x_i2c.c...
compiling stm32_eth.c...
compiling stm3210c_eval_ioe.c...
compiling stm32_eval.c...
compiling stm3210c_eval_lcd.c...
compiling ethernetif.c...
compiling tcpip.c...
compiling api_lib.c...
compiling netbuf.c...
compiling netifapi.c...
compiling netdb.c...
compiling api_msg.c...
compiling err.c...
compiling stats.c...
compiling sys.c...
compiling tcp.c...
compiling tcp_in.c...
compiling tcp_out.c...
..\..\Utilities\lwip-1.3.1\src\core\tcp_out.c(458): warning:  #550-D: variable "tcphdr" was set but never used
..\..\Utilities\lwip-1.3.1\src\core\tcp_out.c(871): warning:  #550-D: variable "tcphdr" was set but never used
..\..\Utilities\lwip-1.3.1\src\core\tcp_out.c(925): warning:  #550-D: variable "tcphdr" was set but never used
compiling udp.c...
compiling dhcp.c...
compiling init.c...
compiling mem.c...
..\..\Utilities\lwip-1.3.1\src\core\mem.c(184): warning:  #550-D: variable "mem_sem" was set but never used
compiling memp.c...
compiling netif.c...
compiling pbuf.c...
compiling raw.c...
compiling autoip.c...
compiling icmp.c...
compiling igmp.c...
compiling inet.c...
compiling inet_chksum.c...
compiling ip.c...
compiling ip_addr.c...
compiling ip_frag.c...
compiling etharp.c...
compiling dir.c...
..\..\Utilities\efsl\source\dir.c(245): warning:  #1293-D: assignment in condition
..\..\Utilities\efsl\source\dir.c(274): warning:  #1293-D: assignment in condition
..\..\Utilities\efsl\source\dir.c(296): warning:  #1293-D: assignment in condition
..\..\Utilities\efsl\source\dir.c(322): warning:  #1293-D: assignment in condition
compiling disc.c...
compiling efs.c...
compiling extract.c...
compiling fat.c...
compiling file.c...
compiling fs.c...
compiling ioman.c...
compiling ls.c...
compiling mkfs.c...
compiling partition.c...
compiling plibc.c...
compiling time.c...
compiling ui.c...
compiling sd.c...
compiling sd_stm32.c...
compiling system_stm32f10x.c...
compiling core_cm3.c...
assembling startup_stm32f10x_cl.s...
linking...
Program Size: Code=41620 RO-data=37204 RW-data=4932 ZI-data=52868  
".\Obj\STM3210C-EVAL.axf" - 0 Errors, 8 Warning(s).
Load "C:\\Keil\\STM32F107_ETH_LwIP_V1.0.0\\Project\\RVMDK\\Obj\\STM3210C-EVAL.axf" 
Internal DLL Error
Load "C:\\Keil\\STM32F107_ETH_LwIP_V1.0.0\\Project\\RVMDK\\Obj\\STM3210C-EVAL.axf" 
Load "C:\\Keil\\STM32F107_ETH_LwIP_V1.0.0\\Project\\RVMDK\\Obj\\STM3210C-EVAL.axf" 
Erase Done.
Programming Done.
Verify OK.
