###############################################################################
#                                                                             #
# IAR ELF Linker V5.41.2.51793/W32 for ARM              12/Aug/2010  17:46:43 #
# Copyright (C) 2007-2010 IAR Systems AB.                                     #
#                                                                             #
#    Output file  =  D:\SAV\STM32_Documents\lwip_st_STM32\STM32F107_ETH_LwIP_ #
#                    V1.0.0\Project\EWARMv5\STM3210C-EVAL\Exe\STM3210C-EVAL.o #
#                    ut                                                       #
#    Map file     =  D:\SAV\STM32_Documents\lwip_st_STM32\STM32F107_ETH_LwIP_ #
#                    V1.0.0\Project\EWARMv5\STM3210C-EVAL\List\STM3210C-EVAL. #
#                    map                                                      #
#    Command line =  D:\SAV\STM32_Documents\lwip_st_STM32\STM32F107_ETH_LwIP_ #
#                    V1.0.0\Project\EWARMv5\STM3210C-EVAL\Obj\api_lib.o       #
#                    D:\SAV\STM32_Documents\lwip_st_STM32\STM32F107_ETH_LwIP_ #
#                    V1.0.0\Project\EWARMv5\STM3210C-EVAL\Obj\api_msg.o       #
#                    D:\SAV\STM32_Documents\lwip_st_STM32\STM32F107_ETH_LwIP_ #
#                    V1.0.0\Project\EWARMv5\STM3210C-EVAL\Obj\autoip.o        #
#                    D:\SAV\STM32_Documents\lwip_st_STM32\STM32F107_ETH_LwIP_ #
#                    V1.0.0\Project\EWARMv5\STM3210C-EVAL\Obj\client.o        #
#                    D:\SAV\STM32_Documents\lwip_st_STM32\STM32F107_ETH_LwIP_ #
#                    V1.0.0\Project\EWARMv5\STM3210C-EVAL\Obj\core_cm3.o      #
#                    D:\SAV\STM32_Documents\lwip_st_STM32\STM32F107_ETH_LwIP_ #
#                    V1.0.0\Project\EWARMv5\STM3210C-EVAL\Obj\dhcp.o          #
#                    D:\SAV\STM32_Documents\lwip_st_STM32\STM32F107_ETH_LwIP_ #
#                    V1.0.0\Project\EWARMv5\STM3210C-EVAL\Obj\dir.o           #
#                    D:\SAV\STM32_Documents\lwip_st_STM32\STM32F107_ETH_LwIP_ #
#                    V1.0.0\Project\EWARMv5\STM3210C-EVAL\Obj\disc.o          #
#                    D:\SAV\STM32_Documents\lwip_st_STM32\STM32F107_ETH_LwIP_ #
#                    V1.0.0\Project\EWARMv5\STM3210C-EVAL\Obj\efs.o           #
#                    D:\SAV\STM32_Documents\lwip_st_STM32\STM32F107_ETH_LwIP_ #
#                    V1.0.0\Project\EWARMv5\STM3210C-EVAL\Obj\err.o           #
#                    D:\SAV\STM32_Documents\lwip_st_STM32\STM32F107_ETH_LwIP_ #
#                    V1.0.0\Project\EWARMv5\STM3210C-EVAL\Obj\etharp.o        #
#                    D:\SAV\STM32_Documents\lwip_st_STM32\STM32F107_ETH_LwIP_ #
#                    V1.0.0\Project\EWARMv5\STM3210C-EVAL\Obj\ethernetif.o    #
#                    D:\SAV\STM32_Documents\lwip_st_STM32\STM32F107_ETH_LwIP_ #
#                    V1.0.0\Project\EWARMv5\STM3210C-EVAL\Obj\extract.o       #
#                    D:\SAV\STM32_Documents\lwip_st_STM32\STM32F107_ETH_LwIP_ #
#                    V1.0.0\Project\EWARMv5\STM3210C-EVAL\Obj\fat.o           #
#                    D:\SAV\STM32_Documents\lwip_st_STM32\STM32F107_ETH_LwIP_ #
#                    V1.0.0\Project\EWARMv5\STM3210C-EVAL\Obj\file.o          #
#                    D:\SAV\STM32_Documents\lwip_st_STM32\STM32F107_ETH_LwIP_ #
#                    V1.0.0\Project\EWARMv5\STM3210C-EVAL\Obj\fs.o            #
#                    D:\SAV\STM32_Documents\lwip_st_STM32\STM32F107_ETH_LwIP_ #
#                    V1.0.0\Project\EWARMv5\STM3210C-EVAL\Obj\helloworld.o    #
#                    D:\SAV\STM32_Documents\lwip_st_STM32\STM32F107_ETH_LwIP_ #
#                    V1.0.0\Project\EWARMv5\STM3210C-EVAL\Obj\httpd.o         #
#                    D:\SAV\STM32_Documents\lwip_st_STM32\STM32F107_ETH_LwIP_ #
#                    V1.0.0\Project\EWARMv5\STM3210C-EVAL\Obj\icmp.o          #
#                    D:\SAV\STM32_Documents\lwip_st_STM32\STM32F107_ETH_LwIP_ #
#                    V1.0.0\Project\EWARMv5\STM3210C-EVAL\Obj\igmp.o          #
#                    D:\SAV\STM32_Documents\lwip_st_STM32\STM32F107_ETH_LwIP_ #
#                    V1.0.0\Project\EWARMv5\STM3210C-EVAL\Obj\inet.o          #
#                    D:\SAV\STM32_Documents\lwip_st_STM32\STM32F107_ETH_LwIP_ #
#                    V1.0.0\Project\EWARMv5\STM3210C-EVAL\Obj\inet_chksum.o   #
#                    D:\SAV\STM32_Documents\lwip_st_STM32\STM32F107_ETH_LwIP_ #
#                    V1.0.0\Project\EWARMv5\STM3210C-EVAL\Obj\init.o          #
#                    D:\SAV\STM32_Documents\lwip_st_STM32\STM32F107_ETH_LwIP_ #
#                    V1.0.0\Project\EWARMv5\STM3210C-EVAL\Obj\ioman.o         #
#                    D:\SAV\STM32_Documents\lwip_st_STM32\STM32F107_ETH_LwIP_ #
#                    V1.0.0\Project\EWARMv5\STM3210C-EVAL\Obj\ip.o            #
#                    D:\SAV\STM32_Documents\lwip_st_STM32\STM32F107_ETH_LwIP_ #
#                    V1.0.0\Project\EWARMv5\STM3210C-EVAL\Obj\ip_addr.o       #
#                    D:\SAV\STM32_Documents\lwip_st_STM32\STM32F107_ETH_LwIP_ #
#                    V1.0.0\Project\EWARMv5\STM3210C-EVAL\Obj\ip_frag.o       #
#                    D:\SAV\STM32_Documents\lwip_st_STM32\STM32F107_ETH_LwIP_ #
#                    V1.0.0\Project\EWARMv5\STM3210C-EVAL\Obj\ls.o            #
#                    D:\SAV\STM32_Documents\lwip_st_STM32\STM32F107_ETH_LwIP_ #
#                    V1.0.0\Project\EWARMv5\STM3210C-EVAL\Obj\main.o          #
#                    D:\SAV\STM32_Documents\lwip_st_STM32\STM32F107_ETH_LwIP_ #
#                    V1.0.0\Project\EWARMv5\STM3210C-EVAL\Obj\mem.o           #
#                    D:\SAV\STM32_Documents\lwip_st_STM32\STM32F107_ETH_LwIP_ #
#                    V1.0.0\Project\EWARMv5\STM3210C-EVAL\Obj\memp.o          #
#                    D:\SAV\STM32_Documents\lwip_st_STM32\STM32F107_ETH_LwIP_ #
#                    V1.0.0\Project\EWARMv5\STM3210C-EVAL\Obj\misc.o          #
#                    D:\SAV\STM32_Documents\lwip_st_STM32\STM32F107_ETH_LwIP_ #
#                    V1.0.0\Project\EWARMv5\STM3210C-EVAL\Obj\mkfs.o          #
#                    D:\SAV\STM32_Documents\lwip_st_STM32\STM32F107_ETH_LwIP_ #
#                    V1.0.0\Project\EWARMv5\STM3210C-EVAL\Obj\netbuf.o        #
#                    D:\SAV\STM32_Documents\lwip_st_STM32\STM32F107_ETH_LwIP_ #
#                    V1.0.0\Project\EWARMv5\STM3210C-EVAL\Obj\netconf.o       #
#                    D:\SAV\STM32_Documents\lwip_st_STM32\STM32F107_ETH_LwIP_ #
#                    V1.0.0\Project\EWARMv5\STM3210C-EVAL\Obj\netdb.o         #
#                    D:\SAV\STM32_Documents\lwip_st_STM32\STM32F107_ETH_LwIP_ #
#                    V1.0.0\Project\EWARMv5\STM3210C-EVAL\Obj\netif.o         #
#                    D:\SAV\STM32_Documents\lwip_st_STM32\STM32F107_ETH_LwIP_ #
#                    V1.0.0\Project\EWARMv5\STM3210C-EVAL\Obj\netifapi.o      #
#                    D:\SAV\STM32_Documents\lwip_st_STM32\STM32F107_ETH_LwIP_ #
#                    V1.0.0\Project\EWARMv5\STM3210C-EVAL\Obj\partition.o     #
#                    D:\SAV\STM32_Documents\lwip_st_STM32\STM32F107_ETH_LwIP_ #
#                    V1.0.0\Project\EWARMv5\STM3210C-EVAL\Obj\pbuf.o          #
#                    D:\SAV\STM32_Documents\lwip_st_STM32\STM32F107_ETH_LwIP_ #
#                    V1.0.0\Project\EWARMv5\STM3210C-EVAL\Obj\plibc.o         #
#                    D:\SAV\STM32_Documents\lwip_st_STM32\STM32F107_ETH_LwIP_ #
#                    V1.0.0\Project\EWARMv5\STM3210C-EVAL\Obj\raw.o           #
#                    D:\SAV\STM32_Documents\lwip_st_STM32\STM32F107_ETH_LwIP_ #
#                    V1.0.0\Project\EWARMv5\STM3210C-EVAL\Obj\sd.o            #
#                    D:\SAV\STM32_Documents\lwip_st_STM32\STM32F107_ETH_LwIP_ #
#                    V1.0.0\Project\EWARMv5\STM3210C-EVAL\Obj\sd_stm32.o      #
#                    D:\SAV\STM32_Documents\lwip_st_STM32\STM32F107_ETH_LwIP_ #
#                    V1.0.0\Project\EWARMv5\STM3210C-EVAL\Obj\server.o        #
#                    D:\SAV\STM32_Documents\lwip_st_STM32\STM32F107_ETH_LwIP_ #
#                    V1.0.0\Project\EWARMv5\STM3210C-EVAL\Obj\startup_stm32f1 #
#                    0x_cl.o D:\SAV\STM32_Documents\lwip_st_STM32\STM32F107_E #
#                    TH_LwIP_V1.0.0\Project\EWARMv5\STM3210C-EVAL\Obj\stats.o #
#                     D:\SAV\STM32_Documents\lwip_st_STM32\STM32F107_ETH_LwIP #
#                    _V1.0.0\Project\EWARMv5\STM3210C-EVAL\Obj\stm3210c_eval_ #
#                    ioe.o D:\SAV\STM32_Documents\lwip_st_STM32\STM32F107_ETH #
#                    _LwIP_V1.0.0\Project\EWARMv5\STM3210C-EVAL\Obj\stm3210c_ #
#                    eval_lcd.o D:\SAV\STM32_Documents\lwip_st_STM32\STM32F10 #
#                    7_ETH_LwIP_V1.0.0\Project\EWARMv5\STM3210C-EVAL\Obj\stm3 #
#                    2_eth.o D:\SAV\STM32_Documents\lwip_st_STM32\STM32F107_E #
#                    TH_LwIP_V1.0.0\Project\EWARMv5\STM3210C-EVAL\Obj\stm32_e #
#                    val.o D:\SAV\STM32_Documents\lwip_st_STM32\STM32F107_ETH #
#                    _LwIP_V1.0.0\Project\EWARMv5\STM3210C-EVAL\Obj\stm32f107 #
#                    .o D:\SAV\STM32_Documents\lwip_st_STM32\STM32F107_ETH_Lw #
#                    IP_V1.0.0\Project\EWARMv5\STM3210C-EVAL\Obj\stm32f10x_ad #
#                    c.o D:\SAV\STM32_Documents\lwip_st_STM32\STM32F107_ETH_L #
#                    wIP_V1.0.0\Project\EWARMv5\STM3210C-EVAL\Obj\stm32f10x_e #
#                    xti.o D:\SAV\STM32_Documents\lwip_st_STM32\STM32F107_ETH #
#                    _LwIP_V1.0.0\Project\EWARMv5\STM3210C-EVAL\Obj\stm32f10x #
#                    _flash.o D:\SAV\STM32_Documents\lwip_st_STM32\STM32F107_ #
#                    ETH_LwIP_V1.0.0\Project\EWARMv5\STM3210C-EVAL\Obj\stm32f #
#                    10x_gpio.o D:\SAV\STM32_Documents\lwip_st_STM32\STM32F10 #
#                    7_ETH_LwIP_V1.0.0\Project\EWARMv5\STM3210C-EVAL\Obj\stm3 #
#                    2f10x_i2c.o D:\SAV\STM32_Documents\lwip_st_STM32\STM32F1 #
#                    07_ETH_LwIP_V1.0.0\Project\EWARMv5\STM3210C-EVAL\Obj\stm #
#                    32f10x_it.o D:\SAV\STM32_Documents\lwip_st_STM32\STM32F1 #
#                    07_ETH_LwIP_V1.0.0\Project\EWARMv5\STM3210C-EVAL\Obj\stm #
#                    32f10x_rcc.o D:\SAV\STM32_Documents\lwip_st_STM32\STM32F #
#                    107_ETH_LwIP_V1.0.0\Project\EWARMv5\STM3210C-EVAL\Obj\st #
#                    m32f10x_spi.o D:\SAV\STM32_Documents\lwip_st_STM32\STM32 #
#                    F107_ETH_LwIP_V1.0.0\Project\EWARMv5\STM3210C-EVAL\Obj\s #
#                    tm32f10x_tim.o D:\SAV\STM32_Documents\lwip_st_STM32\STM3 #
#                    2F107_ETH_LwIP_V1.0.0\Project\EWARMv5\STM3210C-EVAL\Obj\ #
#                    stm32f10x_usart.o D:\SAV\STM32_Documents\lwip_st_STM32\S #
#                    TM32F107_ETH_LwIP_V1.0.0\Project\EWARMv5\STM3210C-EVAL\O #
#                    bj\sys.o D:\SAV\STM32_Documents\lwip_st_STM32\STM32F107_ #
#                    ETH_LwIP_V1.0.0\Project\EWARMv5\STM3210C-EVAL\Obj\system #
#                    _stm32f10x.o D:\SAV\STM32_Documents\lwip_st_STM32\STM32F #
#                    107_ETH_LwIP_V1.0.0\Project\EWARMv5\STM3210C-EVAL\Obj\tc #
#                    p.o D:\SAV\STM32_Documents\lwip_st_STM32\STM32F107_ETH_L #
#                    wIP_V1.0.0\Project\EWARMv5\STM3210C-EVAL\Obj\tcp_in.o    #
#                    D:\SAV\STM32_Documents\lwip_st_STM32\STM32F107_ETH_LwIP_ #
#                    V1.0.0\Project\EWARMv5\STM3210C-EVAL\Obj\tcp_out.o       #
#                    D:\SAV\STM32_Documents\lwip_st_STM32\STM32F107_ETH_LwIP_ #
#                    V1.0.0\Project\EWARMv5\STM3210C-EVAL\Obj\tcpip.o         #
#                    D:\SAV\STM32_Documents\lwip_st_STM32\STM32F107_ETH_LwIP_ #
#                    V1.0.0\Project\EWARMv5\STM3210C-EVAL\Obj\tftpserver.o    #
#                    D:\SAV\STM32_Documents\lwip_st_STM32\STM32F107_ETH_LwIP_ #
#                    V1.0.0\Project\EWARMv5\STM3210C-EVAL\Obj\tftputils.o     #
#                    D:\SAV\STM32_Documents\lwip_st_STM32\STM32F107_ETH_LwIP_ #
#                    V1.0.0\Project\EWARMv5\STM3210C-EVAL\Obj\time.o          #
#                    D:\SAV\STM32_Documents\lwip_st_STM32\STM32F107_ETH_LwIP_ #
#                    V1.0.0\Project\EWARMv5\STM3210C-EVAL\Obj\udp.o           #
#                    D:\SAV\STM32_Documents\lwip_st_STM32\STM32F107_ETH_LwIP_ #
#                    V1.0.0\Project\EWARMv5\STM3210C-EVAL\Obj\ui.o -o         #
#                    D:\SAV\STM32_Documents\lwip_st_STM32\STM32F107_ETH_LwIP_ #
#                    V1.0.0\Project\EWARMv5\STM3210C-EVAL\Exe\STM3210C-EVAL.o #
#                    ut --map D:\SAV\STM32_Documents\lwip_st_STM32\STM32F107_ #
#                    ETH_LwIP_V1.0.0\Project\EWARMv5\STM3210C-EVAL\List\STM32 #
#                    10C-EVAL.map --config D:\SAV\STM32_Documents\lwip_st_STM #
#                    32\STM32F107_ETH_LwIP_V1.0.0\Project\EWARMv5\STM32F10x_F #
#                    LASH.icf --semihosting --entry __iar_program_start       #
#                                                                             #
#                                                                             #
###############################################################################

*******************************************************************************
*** MESSAGES
***

Error[Li016]: size limit exceeded: 46300 > 32768


*******************************************************************************
*** RUNTIME MODEL ATTRIBUTES
***

__endian      = little
__thumb_aware = enabled


*******************************************************************************
*** PLACEMENT SUMMARY
***

"A1":  place at 0x08000000 { ro section .intvec };
"P1":  place in [from 0x08000000 to 0x0803ffff] { ro };
"P2":  place in [from 0x20000000 to 0x2000ffff] {
          rw, block CSTACK, block HEAP };

  Section            Kind        Address     Size  Object
  -------            ----        -------     ----  ------
"A1":                                       0x150
  .intvec            ro code  0x08000000    0x150  startup_stm32f10x_cl.o [1]
                            - 0x08000150    0x150

"P1":                                     0x15a44
  .rodata            const    0x08000150   0x4a24  httpd.o [1]
  .rodata            const    0x08004b74   0x17ec  httpd.o [1]
  .rodata            const    0x08006360   0x11d0  stm3210c_eval_lcd.o [1]
  .text              ro code  0x08007530   0x104a  xprintffull.o [3]
  .rodata            const    0x0800857c    0xfbc  httpd.o [1]
  .text              ro code  0x08009538    0xb42  dhcp.o [1]
  .text              ro code  0x0800a07c    0xae0  tcp_in.o [1]
  .rodata            const    0x0800ab5c    0xa94  httpd.o [1]
  .text              ro code  0x0800b5f0    0x8a0  stm3210c_eval_ioe.o [1]
  .text              ro code  0x0800be90    0x882  tcp.o [1]
  .text              ro code  0x0800c714    0x7f8  tcp_out.o [1]
  .text              ro code  0x0800cf0c    0x672  ioman.o [1]
  .text              ro code  0x0800d580    0x646  etharp.o [1]
  .text              ro code  0x0800dbc6    0x5a8  file.o [1]
  .text              ro code  0x0800e170    0x538  stm32_eth.o [1]
  .text              ro code  0x0800e6a8    0x536  fat.o [1]
  .text              ro code  0x0800ebe0    0x530  stm3210c_eval_lcd.o [1]
  .text              ro code  0x0800f110    0x494  ip_frag.o [1]
  .text              ro code  0x0800f5a4    0x48c  tftpserver.o [1]
  .text              ro code  0x0800fa30    0x410  fs.o [1]
  .text              ro code  0x0800fe40    0x36c  dir.o [1]
  .text              ro code  0x080101ac    0x362  udp.o [1]
  .text              ro code  0x0801050e    0x334  pbuf.o [1]
  .text              ro code  0x08010844    0x304  httpd.o [1]
  .text              ro code  0x08010b48    0x2d0  stm32f107.o [1]
  .text              ro code  0x08010e18    0x2c8  netconf.o [1]
  .text              ro code  0x080110e0    0x2b4  ip.o [1]
  .text              ro code  0x08011394    0x246  DblDiv.o [4]
  .text              ro code  0x080115da    0x242  sd.o [1]
  .text              ro code  0x0801181c    0x20c  ethernetif.o [1]
  .text              ro code  0x08011a28    0x1f4  mem.o [1]
  .text              ro code  0x08011c1c    0x1a2  DblMul.o [4]
  .text              ro code  0x08011dbe    0x18a  icmp.o [1]
  .text              ro code  0x08011f48    0x17e  DblSub.o [4]
  .text              ro code  0x080120c8    0x168  helloworld.o [1]
  .text              ro code  0x08012230    0x168  stm32f10x_gpio.o [1]
  .text              ro code  0x08012398    0x160  sd_stm32.o [1]
  .text              ro code  0x080124f8    0x158  client.o [1]
  .text              ro code  0x08012650    0x148  stm32f10x_rcc.o [1]
  .text              ro code  0x08012798    0x144  stm32f10x_i2c.o [1]
  .text              ro code  0x080128dc    0x12e  I64DivMod.o [4]
  .text              ro code  0x08012a0c    0x11e  netif.o [1]
  .text              ro code  0x08012b2c    0x11c  stm32_eval.o [1]
  .text              ro code  0x08012c48    0x11a  server.o [1]
  .rodata            const    0x08012d64    0x118  netconf.o [1]
  .text              ro code  0x08012e7c    0x118  system_stm32f10x.o [1]
  .text              ro code  0x08012f94    0x116  stm32f10x_it.o [1]
  .text              ro code  0x080130ac    0x108  xdscale.o [3]
  .text              ro code  0x080131b4     0xe6  DblAdd.o [4]
  .text              ro code  0x0801329c     0xe4  stm32f10x_adc.o [1]
  .text              ro code  0x08013380     0xc6  partition.o [1]
  .text              ro code  0x08013446     0xc6  xdnorm.o [3]
  .text              ro code  0x0801350c     0xc0  stm32f10x_spi.o [1]
  .text              ro code  0x080135cc     0xbc  xxmemxmalloc.o [3]
  .text              ro code  0x08013688     0x9a  inet_chksum.o [1]
  .rodata            const    0x08013724     0x98  netconf.o [1]
  .text              ro code  0x080137bc     0x96  packbits_init2.o [4]
  .text              ro code  0x08013854     0x90  stm32f10x_exti.o [1]
  .text              ro code  0x080138e4     0x8c  misc.o [1]
  .text              ro code  0x08013970     0x88  xxmemxfree.o [3]
  .text              ro code  0x080139f8     0x88  xsyslock.o [3]
  .text              ro code  0x08013a80     0x78  memp.o [1]
  .text              ro code  0x08013af8     0x70  ABImemcpy.o [4]
  .text              ro code  0x08013b68     0x6e  efs.o [1]
  .rodata            const    0x08013bd8     0x6c  httpd.o [1]
  .text              ro code  0x08013c44     0x68  cppinit.o [3]
  .text              ro code  0x08013cac     0x66  ABImemset.o [4]
  .text              ro code  0x08013d12     0x64  extract.o [1]
  .rodata            const    0x08013d78     0x60  stm32f107.o [1]
  .rodata            const    0x08013dd8     0x60  stm32f10x_it.o [1]
  .text              ro code  0x08013e38     0x60  raw.o [1]
  .text              ro code  0x08013e98     0x58  memchr.o [4]
  .text              ro code  0x08013ef0     0x56  DblToI32.o [4]
  .text              ro code  0x08013f46     0x54  tftputils.o [1]
  .text              ro code  0x08013f9c     0x50  main.o [1]
  .text              ro code  0x08013fec     0x50  xencoding_sb.o [3]
  .rodata            const    0x0801403c     0x48  xlocale_c.o [3]
  .text              ro code  0x08014084     0x48  MtxWrapper.o [3]
  .text              ro code  0x080140cc     0x48  plibc.o [1]
  .text              ro code  0x08014114     0x46  ls.o [1]
  .text              ro code  0x0801415c     0x44  strcpy.o [4]
  .text              ro code  0x080141a0     0x42  strcmp.o [4]
  .text              ro code  0x080141e2     0x3c  disc.o [1]
  .text              ro code  0x0801421e     0x3a  ip_addr.o [1]
  .text              ro code  0x08014258     0x38  ABImemset48.o [4]
  .text              ro code  0x08014290     0x36  strlen.o [4]
  .rodata            const    0x080142c8     0x34  stm32_eval.o [1]
  .rodata            const    0x080142fc     0x30  client.o [1]
  .text              ro code  0x0801432c     0x30  sprintf.o [3]
  .text              ro code  0x0801435c     0x2e  DblCmpLe.o [4]
  .text              ro code  0x0801438c     0x2e  DblCmpGe.o [4]
  .text              ro code  0x080143bc     0x2e  I32ToDbl.o [4]
  .rodata            const    0x080143ec     0x2c  server.o [1]
  .text              ro code  0x08014418     0x2a  strncmp.o [3]
  .rodata            const    0x08014444     0x28  memp.o [1]
  .text              ro code  0x0801446c     0x28  xgetmemchunk.o [3]
  .text              ro code  0x08014494     0x26  inet.o [1]
  .iar.init_table    const    0x080144bc     0x2c  - Linker created -
  .text              ro code  0x080144e8     0x20  data_init2.o [4]
  .text              ro code  0x08014508     0x20  xmbtowc.o [3]
  .rodata            const    0x08014528     0x1c  helloworld.o [1]
  .rodata            const    0x08014544     0x1c  httpd.o [1]
  .text              ro code  0x08014560     0x1c  iarwstd.o [5]
  .text              ro code  0x0801457c     0x1a  xwctomb.o [3]
  .text              ro code  0x08014596     0x1a  zero_init2.o [4]
  .rodata            const    0x080145b0     0x18  client.o [1]
  .rodata            const    0x080145c8     0x18  stm32_eval.o [1]
  .rodata            const    0x080145e0     0x18  tcp.o [1]
  .text              ro code  0x080145f8     0x18  cmain.o [4]
  .text              ro code  0x08014610     0x16  strchr.o [4]
  .rodata            const    0x08014628     0x14  tftpserver.o [1]
  .rodata            const    0x0801463c     0x14  tftpserver.o [1]
  .rodata            const    0x08014650     0x14  tftpserver.o [1]
  .rodata            const    0x08014664     0x14  tftpserver.o [1]
  .text              ro code  0x08014678     0x14  localeconv.o [3]
  .text              ro code  0x0801468c     0x14  exit.o [5]
  .text              ro code  0x080146a0     0x14  setlocale.o [3]
  .rodata            const    0x080146b4     0x10  etharp.o [1]
  .rodata            const    0x080146c4     0x10  httpd.o [1]
  .rodata            const    0x080146d4     0x10  httpd.o [1]
  .rodata            const    0x080146e4     0x10  httpd.o [1]
  .rodata            const    0x080146f4     0x10  httpd.o [1]
  .rodata            const    0x08014704     0x10  httpd.o [1]
  .rodata            const    0x08014714     0x10  tftpserver.o [1]
  .rodata            const    0x08014724     0x10  tftpserver.o [1]
  .rodata            const    0x08014734     0x10  xprintffull.o [3]
  .text              ro code  0x08014744      0xe  cexit.o [4]
  .text              ro code  0x08014752      0xe  div.o [3]
  .rodata            const    0x08014760      0xc  tftpserver.o [1]
  .rodata            const    0x0801476c      0xc  tftpserver.o [1]
  .text              ro code  0x08014778      0xa  xsprout.o [3]
  .text              ro code  0x08014782      0xa  xmbcurmax.o [3]
  .rodata            const    0x0801478c      0x8  helloworld.o [1]
  .rodata            const    0x08014794      0x8  xprintffull.o [3]
  .rodata            const    0x0801479c      0x8  localeconv.o [3]
  .rodata            const    0x080147a4      0x8  localeconv.o [3]
  .rodata            const    0x080147ac      0x8  xencoding_sb.o [3]
  .rodata            const    0x080147b4      0x8  xencoding_sb.o [3]
  .rodata            const    0x080147bc      0x8  xlocale_c.o [3]
  .rodata            const    0x080147c4      0x8  xlocale_c.o [3]
  .text              ro code  0x080147cc      0x6  ABImemclr4.o [4]
  .text              ro code  0x080147d4      0x6  ABImemclr.o [4]
  .text              ro code  0x080147da      0x6  exit.o [3]
  .rodata            const    0x080147e0      0x4  ip_addr.o [1]
  .rodata            const    0x080147e4      0x4  ip_addr.o [1]
  .text              ro code  0x080147e8      0x2  I64DivZer.o [4]
  .text              ro code  0x080147ea      0x4  startup_stm32f10x_cl.o [1]
  .text              ro code  0x080147ee      0x4  startup_stm32f10x_cl.o [1]
  .text              ro code  0x080147f2      0x4  startup_stm32f10x_cl.o [1]
  .text              ro code  0x080147f6      0x4  startup_stm32f10x_cl.o [1]
  .text              ro code  0x080147fa      0x4  startup_stm32f10x_cl.o [1]
  .text              ro code  0x080147fe      0x4  startup_stm32f10x_cl.o [1]
  .text              ro code  0x08014802      0x4  startup_stm32f10x_cl.o [1]
  .text              ro code  0x08014806      0x4  startup_stm32f10x_cl.o [1]
  .text              ro code  0x0801480a      0x4  startup_stm32f10x_cl.o [1]
  .text              ro code  0x0801480e      0x4  startup_stm32f10x_cl.o [1]
  .text              ro code  0x08014812      0x4  startup_stm32f10x_cl.o [1]
  .text              ro code  0x08014816      0x4  startup_stm32f10x_cl.o [1]
  .text              ro code  0x0801481a      0x4  startup_stm32f10x_cl.o [1]
  .text              ro code  0x0801481e      0x4  startup_stm32f10x_cl.o [1]
  .text              ro code  0x08014822      0x4  startup_stm32f10x_cl.o [1]
  .text              ro code  0x08014826      0x4  startup_stm32f10x_cl.o [1]
  .text              ro code  0x0801482a      0x4  startup_stm32f10x_cl.o [1]
  .text              ro code  0x0801482e      0x4  startup_stm32f10x_cl.o [1]
  .text              ro code  0x08014832      0x4  startup_stm32f10x_cl.o [1]
  .text              ro code  0x08014836      0x4  startup_stm32f10x_cl.o [1]
  .text              ro code  0x0801483a      0x4  startup_stm32f10x_cl.o [1]
  .text              ro code  0x0801483e      0x4  startup_stm32f10x_cl.o [1]
  .text              ro code  0x08014842      0x4  startup_stm32f10x_cl.o [1]
  .text              ro code  0x08014846      0x4  startup_stm32f10x_cl.o [1]
  .text              ro code  0x0801484a      0x4  startup_stm32f10x_cl.o [1]
  .text              ro code  0x0801484e      0x4  startup_stm32f10x_cl.o [1]
  .text              ro code  0x08014852      0x4  startup_stm32f10x_cl.o [1]
  .text              ro code  0x08014856      0x4  startup_stm32f10x_cl.o [1]
  .text              ro code  0x0801485a      0x4  startup_stm32f10x_cl.o [1]
  .text              ro code  0x0801485e      0x4  startup_stm32f10x_cl.o [1]
  .text              ro code  0x08014862      0x4  startup_stm32f10x_cl.o [1]
  .text              ro code  0x08014866      0x4  startup_stm32f10x_cl.o [1]
  .text              ro code  0x0801486a      0x4  startup_stm32f10x_cl.o [1]
  .text              ro code  0x0801486e      0x4  startup_stm32f10x_cl.o [1]
  .text              ro code  0x08014872      0x4  startup_stm32f10x_cl.o [1]
  .text              ro code  0x08014876      0x4  startup_stm32f10x_cl.o [1]
  .text              ro code  0x0801487a      0x4  startup_stm32f10x_cl.o [1]
  .text              ro code  0x0801487e      0x4  startup_stm32f10x_cl.o [1]
  .text              ro code  0x08014882      0x4  startup_stm32f10x_cl.o [1]
  .text              ro code  0x08014886      0x4  startup_stm32f10x_cl.o [1]
  .text              ro code  0x0801488a      0x4  startup_stm32f10x_cl.o [1]
  .text              ro code  0x0801488e      0x4  startup_stm32f10x_cl.o [1]
  .text              ro code  0x08014892      0x4  startup_stm32f10x_cl.o [1]
  .text              ro code  0x08014896      0x4  startup_stm32f10x_cl.o [1]
  .text              ro code  0x0801489a      0x4  startup_stm32f10x_cl.o [1]
  .text              ro code  0x0801489e      0x4  startup_stm32f10x_cl.o [1]
  .text              ro code  0x080148a2      0x4  startup_stm32f10x_cl.o [1]
  .text              ro code  0x080148a6      0x4  startup_stm32f10x_cl.o [1]
  .text              ro code  0x080148aa      0x4  startup_stm32f10x_cl.o [1]
  .text              ro code  0x080148ae      0x4  startup_stm32f10x_cl.o [1]
  .text              ro code  0x080148b2      0x4  startup_stm32f10x_cl.o [1]
  .text              ro code  0x080148b6      0x4  startup_stm32f10x_cl.o [1]
  .text              ro code  0x080148ba      0x4  startup_stm32f10x_cl.o [1]
  .text              ro code  0x080148be      0x4  startup_stm32f10x_cl.o [1]
  .text              ro code  0x080148c2      0x4  startup_stm32f10x_cl.o [1]
  .text              ro code  0x080148c6      0x4  startup_stm32f10x_cl.o [1]
  .text              ro code  0x080148ca      0x4  startup_stm32f10x_cl.o [1]
  .text              ro code  0x080148ce      0x4  startup_stm32f10x_cl.o [1]
  .text              ro code  0x080148d2      0x4  startup_stm32f10x_cl.o [1]
  .text              ro code  0x080148d6      0x4  startup_stm32f10x_cl.o [1]
  .text              ro code  0x080148da      0x4  startup_stm32f10x_cl.o [1]
  .text              ro code  0x080148de      0x4  startup_stm32f10x_cl.o [1]
  .text              ro code  0x080148e2      0x4  startup_stm32f10x_cl.o [1]
  .text              ro code  0x080148e6      0x4  startup_stm32f10x_cl.o [1]
  .text              ro code  0x080148ea      0x4  startup_stm32f10x_cl.o [1]
  .text              ro code  0x080148ee      0x4  startup_stm32f10x_cl.o [1]
  .text              ro code  0x080148f2      0x4  startup_stm32f10x_cl.o [1]
  .text              ro code  0x080148f6      0x4  startup_stm32f10x_cl.o [1]
  .text              ro code  0x080148fa      0x4  startup_stm32f10x_cl.o [1]
  .text              ro code  0x080148fe      0x4  startup_stm32f10x_cl.o [1]
  .text              ro code  0x08014902      0x4  time.o [1]
  .text              ro code  0x08014906      0x4  low_level_init.o [3]
  .rodata            const    0x0801490a      0x2  localeconv.o [3]
  .rodata            const    0x0801490c      0x2  xlocale_c.o [3]
  .rodata            const    0x0801490e      0x1  localeconv.o [3]
  .rodata            const    0x0801490f      0x1  setlocale.o [3]
  .rodata            const    0x08014910      0x1  xlocale_c.o [3]
  Initializer bytes  ro data  0x08014911   0x1283  <for P2 s0>
                            - 0x08015b94  0x15a44

"P2", part 1 of 3:                         0x12d8
  CSTACK                      0x20000000   0x1000  <Block>
    CSTACK           uninit   0x20000000   0x1000  <Block tail>
  .iar.dynexit                0x20001000    0x1d4  <Block>
    .iar.dynexit     uninit   0x20001000      0xc  cppinit.o [3]
    .iar.dynexit     uninit   0x2000100c    0x1c8  <Block tail>
  HEAP                        0x200011d8    0x100  <Block>
    HEAP             uninit   0x200011d8    0x100  <Block tail>
                            - 0x200012d8   0x12d8

"P2", part 2 of 3:                         0x1368
  P2 s0                       0x200012d8   0x1368  <Init block>
    .data            inited   0x200012d8   0x11fc  httpd.o [1]
    .data            inited   0x200024d4     0x84  setlocale.o [3]
    .data            inited   0x20002558     0x4c  localeconv.o [3]
    .data            inited   0x200025a4     0x20  tcp.o [1]
    .data            inited   0x200025c4     0x20  tftpserver.o [1]
    .data            inited   0x200025e4     0x14  stm32f10x_rcc.o [1]
    .data            inited   0x200025f8     0x10  httpd.o [1]
    .data            inited   0x20002608     0x10  stm32_eval.o [1]
    .data            inited   0x20002618      0xc  netconf.o [1]
    .data            inited   0x20002624      0xc  stm32_eval.o [1]
    .data            inited   0x20002630      0x4  dhcp.o [1]
    .data            inited   0x20002634      0x4  stm3210c_eval_ioe.o [1]
    .data            inited   0x20002638      0x4  cppinit.o [3]
    .data            inited   0x2000263c      0x4  stm3210c_eval_lcd.o [1]
                            - 0x20002640   0x1368

"P2", part 3 of 3:                         0xc8f4
  .bss               zero     0x20002640   0x5020  mem.o [1]
  .bss               zero     0x20007660   0x46b0  memp.o [1]
  .bss               zero     0x2000bd10   0x2408  ethernetif.o [1]
  .bss               zero     0x2000e118    0x674  tftpserver.o [1]
  .bss               zero     0x2000e78c    0x5e0  ip_frag.o [1]
  .bss               zero     0x2000ed6c     0xc8  etharp.o [1]
  .bss               zero     0x2000ee34     0x34  netconf.o [1]
  .bss               zero     0x2000ee68     0x34  tcp_in.o [1]
  .bss               zero     0x2000ee9c     0x14  xsyslock.o [3]
  .bss               zero     0x2000eeb0     0x10  netconf.o [1]
  .bss               zero     0x2000eec0     0x10  stm3210c_eval_ioe.o [1]
  .bss               zero     0x2000eed0      0xc  netif.o [1]
  .bss               zero     0x2000eedc      0x8  ip.o [1]
  .bss               zero     0x2000eee4      0x8  ip_frag.o [1]
  .bss               zero     0x2000eeec      0x8  main.o [1]
  .bss               zero     0x2000eef4      0x8  stm32_eth.o [1]
  .bss               zero     0x2000eefc      0x8  stm32_eth.o [1]
  .bss               zero     0x2000ef04      0x8  xxmemxmalloc.o [3]
  .bss               zero     0x2000ef0c      0x4  client.o [1]
  .bss               zero     0x2000ef10      0x4  raw.o [1]
  .bss               zero     0x2000ef14      0x4  udp.o [1]
  .bss               zero     0x2000ef18      0x4  xgetmemchunk.o [3]
  .bss               zero     0x2000ef1c      0x4  MtxWrapper.o [3]
  .bss               zero     0x2000ef20      0x4  MtxWrapper.o [3]
  .bss               zero     0x2000ef24      0x4  MtxWrapper.o [3]
  .bss               zero     0x2000ef28      0x4  MtxWrapper.o [3]
  .bss               zero     0x2000ef2c      0x4  iarwstd.o [5]
  .bss               zero     0x2000ef30      0x2  ip.o [1]
  .bss               zero     0x2000ef32      0x1  etharp.o [1]
  .bss               zero     0x2000ef33      0x1  tcp.o [1]
                            - 0x2000ef34   0xc8f4


*******************************************************************************
*** INIT TABLE
***

          Address     Size
          -------     ----
Zero (__iar_zero_init2)
    1 destination range, total size 0xc8f4:
          0x20002640  0xc8f4

Copy/packbits (__iar_packbits_init2)
    1 source range, total size 0x1283 (95% of destination):
          0x08014911  0x1283
    1 destination range, total size 0x1368:
          0x200012d8  0x1368


*******************************************************************************
*** MODULE SUMMARY
***

    Module                  ro code  ro data  rw data
    ------                  -------  -------  -------
D:\SAV\STM32_Documents\lwip_st_STM32\STM32F107_ETH_LwIP_V1.0.0\Project\EWARMv5\STM3210C-EVAL\Obj: [1]
    client.o                    344       72        4
    dhcp.o                    2 882        4        4
    dir.o                       876
    disc.o                       60
    efs.o                       110
    etharp.o                  1 606       16      201
    ethernetif.o                524             9 224
    extract.o                   100
    fat.o                     1 334
    file.o                    1 448
    fs.o                      1 040
    helloworld.o                360       36
    httpd.o                     772   36 462    4 620
    icmp.o                      394
    inet.o                       38
    inet_chksum.o               154
    ioman.o                   1 650
    ip.o                        692                10
    ip_addr.o                    58        8
    ip_frag.o                 1 172             1 512
    ls.o                         70
    main.o                       80                 8
    mem.o                       500            20 512
    memp.o                      120       40   18 096
    misc.o                      140
    netconf.o                   712      444       80
    netif.o                     286                12
    partition.o                 198
    pbuf.o                      820
    plibc.o                      72
    raw.o                        96                 4
    sd.o                        578
    sd_stm32.o                  352
    server.o                    282       44
    startup_stm32f10x_cl.o      616
    stm3210c_eval_ioe.o       2 208        4       20
    stm3210c_eval_lcd.o       1 328    4 564        4
    stm32_eth.o               1 336                16
    stm32_eval.o                284      102       28
    stm32f107.o                 720       96
    stm32f10x_adc.o             228
    stm32f10x_exti.o            144
    stm32f10x_gpio.o            360
    stm32f10x_i2c.o             324
    stm32f10x_it.o              278       96
    stm32f10x_rcc.o             328       19       20
    stm32f10x_spi.o             192
    system_stm32f10x.o          280
    tcp.o                     2 178       54       33
    tcp_in.o                  2 784                52
    tcp_out.o                 2 040
    tftpserver.o              1 164      167    1 684
    tftputils.o                  84
    time.o                        4
    udp.o                       866                 4
    -------------------------------------------------
    Total:                   37 666   42 228   56 148

command line: [2]
    -------------------------------------------------
    Total:

dl7M_tl_if.a: [3]
    MtxWrapper.o                 72                16
    cppinit.o                   104        4       16
    div.o                        14
    exit.o                        6
    localeconv.o                 20       92       76
    low_level_init.o              4
    setlocale.o                  20      127      132
    sprintf.o                    48
    strncmp.o                    42
    xdnorm.o                    198
    xdscale.o                   264
    xencoding_sb.o               80       16
    xgetmemchunk.o               40                 4
    xlocale_c.o                           91
    xmbcurmax.o                  10
    xmbtowc.o                    32
    xprintffull.o             4 170       24
    xsprout.o                    10
    xsyslock.o                  136                20
    xwctomb.o                    26
    xxmemxfree.o                136
    xxmemxmalloc.o              188                 8
    -------------------------------------------------
    Total:                    5 620      354      272

rt7M_tl.a: [4]
    ABImemclr.o                   6
    ABImemclr4.o                  6
    ABImemcpy.o                 112
    ABImemset.o                 102
    ABImemset48.o                56
    DblAdd.o                    230
    DblCmpGe.o                   46
    DblCmpLe.o                   46
    DblDiv.o                    582
    DblMul.o                    418
    DblSub.o                    382
    DblToI32.o                   86
    I32ToDbl.o                   46
    I64DivMod.o                 302
    I64DivZer.o                   2
    cexit.o                      14
    cmain.o                      24
    data_init2.o                 32
    memchr.o                     88
    packbits_init2.o            150
    strchr.o                     22
    strcmp.o                     66
    strcpy.o                     68
    strlen.o                     54
    zero_init2.o                 26
    -------------------------------------------------
    Total:                    2 966

shb_l.a: [5]
    exit.o                       20
    iarwstd.o                    28                 4
    -------------------------------------------------
    Total:                       48                 4

    Gaps                         34       20        4
    Linker created                        44    4 808
-----------------------------------------------------
    Grand Total:             46 334   42 646   61 236


*******************************************************************************
*** ENTRY LIST
***

Entry                      Address    Size  Type      Object
-----                      -------    ----  ----      ------
.iar.dynexit$$Base      0x20001000           --   Gb  - Linker created -
.iar.dynexit$$Limit     0x200011d4           --   Gb  - Linker created -
ADC1_2_IRQHandler       0x08014857          Code  Wk  startup_stm32f10x_cl.o [1]
ADCPrescTable           0x200025f4     0x4  Data  Lc  stm32f10x_rcc.o [1]
ADC_Cmd                 0x080132d9    0x12  Code  Gb  stm32f10x_adc.o [1]
ADC_Configuration       0x08010d73    0x4c  Code  Gb  stm32f107.o [1]
ADC_GetConversionValue  0x08013339     0x6  Code  Gb  stm32f10x_adc.o [1]
ADC_Init                0x0801329d    0x3c  Code  Gb  stm32f10x_adc.o [1]
ADC_RegularChannelConfig
                        0x080132fd    0x3c  Code  Gb  stm32f10x_adc.o [1]
ADC_SoftwareStartConvCmd
                        0x080132eb    0x12  Code  Gb  stm32f10x_adc.o [1]
APBAHBPrescTable        0x200025e4    0x10  Data  Lc  stm32f10x_rcc.o [1]
ARPTimer                0x2000eeb4     0x4  Data  Gb  netconf.o [1]
ASCII_Table             0x08006360  0x11d0  Data  Gb  stm3210c_eval_lcd.o [1]
BUTTON_CLK              0x080142f0     0xc  Data  Gb  stm32_eval.o [1]
BUTTON_EXTI_LINE        0x080142d0     0x8  Data  Gb  stm32_eval.o [1]
BUTTON_IRQn             0x080142e8     0x8  Data  Gb  stm32_eval.o [1]
BUTTON_PIN              0x080142c8     0x8  Data  Gb  stm32_eval.o [1]
BUTTON_PIN_SOURCE       0x080142e0     0x8  Data  Gb  stm32_eval.o [1]
BUTTON_PORT             0x20002624     0xc  Data  Gb  stm32_eval.o [1]
BUTTON_PORT_SOURCE      0x080142d8     0x8  Data  Gb  stm32_eval.o [1]
BackColor               0x2000263e     0x2  Data  Lc  stm3210c_eval_lcd.o [1]
BusFault_Handler        0x08012f9b     0x2  Code  Gb  stm32f10x_it.o [1]
CAN1_RX0_IRQHandler     0x0801485f          Code  Wk  startup_stm32f10x_cl.o [1]
CAN1_RX1_IRQHandler     0x08014863          Code  Wk  startup_stm32f10x_cl.o [1]
CAN1_SCE_IRQHandler     0x08014867          Code  Wk  startup_stm32f10x_cl.o [1]
CAN1_TX_IRQHandler      0x0801485b          Code  Wk  startup_stm32f10x_cl.o [1]
CAN2_RX0_IRQHandler     0x080148f3          Code  Wk  startup_stm32f10x_cl.o [1]
CAN2_RX1_IRQHandler     0x080148f7          Code  Wk  startup_stm32f10x_cl.o [1]
CAN2_SCE_IRQHandler     0x080148fb          Code  Wk  startup_stm32f10x_cl.o [1]
CAN2_TX_IRQHandler      0x080148ef          Code  Wk  startup_stm32f10x_cl.o [1]
CSTACK$$Base            0x20000000           --   Gb  - Linker created -
CSTACK$$Limit           0x20001000           --   Gb  - Linker created -
DHCPcoarseTimer         0x2000eebc     0x4  Data  Gb  netconf.o [1]
DHCPfineTimer           0x2000eeb8     0x4  Data  Gb  netconf.o [1]
DMA1_Channel1_IRQHandler
                        0x0801483b          Code  Wk  startup_stm32f10x_cl.o [1]
DMA1_Channel2_IRQHandler
                        0x0801483f          Code  Wk  startup_stm32f10x_cl.o [1]
DMA1_Channel3_IRQHandler
                        0x08014843          Code  Wk  startup_stm32f10x_cl.o [1]
DMA1_Channel4_IRQHandler
                        0x08014847          Code  Wk  startup_stm32f10x_cl.o [1]
DMA1_Channel5_IRQHandler
                        0x0801484b          Code  Wk  startup_stm32f10x_cl.o [1]
DMA1_Channel6_IRQHandler
                        0x0801484f          Code  Wk  startup_stm32f10x_cl.o [1]
DMA1_Channel7_IRQHandler
                        0x08014853          Code  Wk  startup_stm32f10x_cl.o [1]
DMA2_Channel1_IRQHandler
                        0x080148d3          Code  Wk  startup_stm32f10x_cl.o [1]
DMA2_Channel2_IRQHandler
                        0x080148d7          Code  Wk  startup_stm32f10x_cl.o [1]
DMA2_Channel3_IRQHandler
                        0x080148db          Code  Wk  startup_stm32f10x_cl.o [1]
DMA2_Channel4_IRQHandler
                        0x080148df          Code  Wk  startup_stm32f10x_cl.o [1]
DMA2_Channel5_IRQHandler
                        0x080148e3          Code  Wk  startup_stm32f10x_cl.o [1]
DMAPTPRxDescToGet       0x2000ef00     0x4  Data  Gb  stm32_eth.o [1]
DMAPTPTxDescToSet       0x2000eef8     0x4  Data  Gb  stm32_eth.o [1]
DMARxDescToGet          0x2000eefc     0x4  Data  Gb  stm32_eth.o [1]
DMARxDscrTab            0x2000bd18    0x40  Data  Gb  ethernetif.o [1]
DMATxDescToSet          0x2000eef4     0x4  Data  Gb  stm32_eth.o [1]
DMATxDscrTab            0x2000bd58    0x20  Data  Gb  ethernetif.o [1]
DebugMon_Handler        0x08012fa1     0x2  Code  Gb  stm32f10x_it.o [1]
Delay                   0x08013fb9    0x10  Code  Gb  main.o [1]
DisplayTimer            0x20002620     0x4  Data  Gb  netconf.o [1]
Display_Periodic_Handle
                        0x08010f3b   0x158  Code  Gb  netconf.o [1]
DtorRecArray            0x20001000     0xc  Data  Lc  cppinit.o [3]
ETH_DMAClearITPendingBit
                        0x0800e5f1          Code  Gb  stm32_eth.o [1]
ETH_DMAITConfig         0x0800e625    0x14  Code  Gb  stm32_eth.o [1]
ETH_DMAReceptionCmd     0x0800e60f    0x16  Code  Gb  stm32_eth.o [1]
ETH_DMARxDescChainInit  0x0800e579    0x3c  Code  Gb  stm32_eth.o [1]
ETH_DMARxDescReceiveITConfig
                        0x0800e5c5    0x12  Code  Gb  stm32_eth.o [1]
ETH_DMATransmissionCmd  0x0800e5f9    0x16  Code  Gb  stm32_eth.o [1]
ETH_DMATxDescChainInit  0x0800e539    0x36  Code  Gb  stm32_eth.o [1]
ETH_DMATxDescChecksumInsertionConfig
                        0x0800e577     0x2  Code  Gb  stm32_eth.o [1]
ETH_DMATxDescFrameSegmentConfig
                        0x0800e56f          Code  Gb  stm32_eth.o [1]
ETH_DeInit              0x0800e171    0x1a  Code  Gb  stm32_eth.o [1]
ETH_Delay               0x0800e68d    0x1c  Code  Lc  stm32_eth.o [1]
ETH_GetRxPktSize        0x0800e42b    0x20  Code  Gb  stm32_eth.o [1]
ETH_GetSoftwareResetStatus
                        0x0800e5e5     0x4  Code  Gb  stm32_eth.o [1]
ETH_IRQHandler          0x08012fa9    0x22  Code  Gb  stm32f10x_it.o [1]
ETH_Init                0x0800e18b   0x1e0  Code  Gb  stm32_eth.o [1]
ETH_MACAddressConfig    0x0800e50f    0x2a  Code  Gb  stm32_eth.o [1]
ETH_MACReceptionCmd     0x0800e4f9    0x16  Code  Gb  stm32_eth.o [1]
ETH_MACTransmissionCmd  0x0800e4e3    0x16  Code  Gb  stm32_eth.o [1]
ETH_ReadPHYRegister     0x0800e44b    0x4c  Code  Gb  stm32_eth.o [1]
ETH_RxPkt_ChainMode     0x08011985    0x54  Code  Gb  ethernetif.o [1]
ETH_SoftwareReset       0x0800e5d7     0x4  Code  Gb  stm32_eth.o [1]
ETH_Start               0x0800e403    0x28  Code  Gb  stm32_eth.o [1]
ETH_StructInit          0x0800e377    0x8c  Code  Gb  stm32_eth.o [1]
ETH_TxPkt_ChainMode     0x080119d9    0x34  Code  Gb  ethernetif.o [1]
ETH_WKUP_IRQHandler     0x080148eb          Code  Wk  startup_stm32f10x_cl.o [1]
ETH_WritePHYRegister    0x0800e497    0x4c  Code  Gb  stm32_eth.o [1]
EXTI0_IRQHandler        0x08014827          Code  Wk  startup_stm32f10x_cl.o [1]
EXTI15_10_IRQHandler    0x08012fcb    0xd4  Code  Gb  stm32f10x_it.o [1]
EXTI1_IRQHandler        0x0801482b          Code  Wk  startup_stm32f10x_cl.o [1]
EXTI2_IRQHandler        0x0801482f          Code  Wk  startup_stm32f10x_cl.o [1]
EXTI3_IRQHandler        0x08014833          Code  Wk  startup_stm32f10x_cl.o [1]
EXTI4_IRQHandler        0x08014837          Code  Wk  startup_stm32f10x_cl.o [1]
EXTI9_5_IRQHandler      0x0801486b          Code  Wk  startup_stm32f10x_cl.o [1]
EXTI_ClearITPendingBit  0x080138d5          Code  Gb  stm32f10x_exti.o [1]
EXTI_GetITStatus        0x080138b9    0x1a  Code  Gb  stm32f10x_exti.o [1]
EXTI_Init               0x08013855    0x64  Code  Gb  stm32f10x_exti.o [1]
Ethernet_Configuration  0x08010c2b    0x8c  Code  Gb  stm32f107.o [1]
FLASH_IRQHandler        0x0801481f          Code  Wk  startup_stm32f10x_cl.o [1]
GPIO_CLK                0x080145d0    0x10  Data  Gb  stm32_eval.o [1]
GPIO_Configuration      0x08010cb7    0x86  Code  Gb  stm32f107.o [1]
GPIO_ETH_MediaInterfaceConfig
                        0x08012385     0x6  Code  Gb  stm32f10x_gpio.o [1]
GPIO_EXTILineConfig     0x0801235d    0x28  Code  Gb  stm32f10x_gpio.o [1]
GPIO_Init               0x08012231    0xba  Code  Gb  stm32f10x_gpio.o [1]
GPIO_PIN                0x080145c8     0x8  Data  Gb  stm32_eval.o [1]
GPIO_PORT               0x20002608    0x10  Data  Gb  stm32_eval.o [1]
GPIO_PinRemapConfig     0x0801230b    0x52  Code  Gb  stm32f10x_gpio.o [1]
GPIO_ReadInputDataBit   0x080122eb     0xe  Code  Gb  stm32f10x_gpio.o [1]
GPIO_ResetBits          0x080122fd     0x4  Code  Gb  stm32f10x_gpio.o [1]
GPIO_SetBits            0x080122f9     0x4  Code  Gb  stm32f10x_gpio.o [1]
GPIO_WriteBit           0x08012301     0xa  Code  Gb  stm32f10x_gpio.o [1]
HEAP$$Base              0x200011d8           --   Gb  - Linker created -
HEAP$$Limit             0x200012d8           --   Gb  - Linker created -
HardFault_Handler       0x08012f97     0x2  Code  Gb  stm32f10x_it.o [1]
HelloWorld_accept       0x080121bd    0x34  Code  Lc  helloworld.o [1]
HelloWorld_conn_err     0x0801222d     0x4  Code  Lc  helloworld.o [1]
HelloWorld_init         0x080121f1    0x22  Code  Gb  helloworld.o [1]
HelloWorld_recv         0x080120c9    0xf4  Code  Lc  helloworld.o [1]
I2C1_ER_IRQHandler      0x0801488f          Code  Wk  startup_stm32f10x_cl.o [1]
I2C1_EV_IRQHandler      0x0801488b          Code  Wk  startup_stm32f10x_cl.o [1]
I2C2_ER_IRQHandler      0x08014897          Code  Wk  startup_stm32f10x_cl.o [1]
I2C2_EV_IRQHandler      0x08014893          Code  Wk  startup_stm32f10x_cl.o [1]
I2C_AcknowledgeConfig   0x08012887    0x12  Code  Gb  stm32f10x_i2c.o [1]
I2C_CheckEvent          0x080128c5    0x18  Code  Gb  stm32f10x_i2c.o [1]
I2C_Cmd                 0x0801284d    0x12  Code  Gb  stm32f10x_i2c.o [1]
I2C_GenerateSTART       0x0801285f    0x14  Code  Gb  stm32f10x_i2c.o [1]
I2C_GenerateSTOP        0x08012873    0x14  Code  Gb  stm32f10x_i2c.o [1]
I2C_Init                0x08012799    0xaa  Code  Gb  stm32f10x_i2c.o [1]
I2C_ReadDataBuffer      0x0800bcf9   0x100  Code  Gb  stm3210c_eval_ioe.o [1]
I2C_ReadDeviceRegister  0x0800bbed    0xd0  Code  Gb  stm3210c_eval_ioe.o [1]
I2C_ReceiveData         0x0801289d     0x6  Code  Gb  stm32f10x_i2c.o [1]
I2C_Send7bitAddress     0x080128a3    0x10  Code  Gb  stm32f10x_i2c.o [1]
I2C_SendData            0x08012899     0x4  Code  Gb  stm32f10x_i2c.o [1]
I2C_SoftwareResetCmd    0x080128b3    0x12  Code  Gb  stm32f10x_i2c.o [1]
I2C_WriteDeviceRegister
                        0x0800bb59    0x94  Code  Gb  stm3210c_eval_ioe.o [1]
IOE_ClearGITPending     0x0800b8e3     0x6  Code  Gb  stm3210c_eval_ioe.o [1]
IOE_Config              0x0800b5f1   0x126  Code  Gb  stm3210c_eval_ioe.o [1]
IOE_FnctCmd             0x0800b94f    0x1c  Code  Gb  stm3210c_eval_ioe.o [1]
IOE_GITCmd              0x0800b98f    0x18  Code  Gb  stm3210c_eval_ioe.o [1]
IOE_GITConfig           0x0800b9a7    0x1c  Code  Gb  stm3210c_eval_ioe.o [1]
IOE_GetGITStatus        0x0800b8c1    0x22  Code  Gb  stm3210c_eval_ioe.o [1]
IOE_I2C_Config          0x0800be0b    0x38  Code  Lc  stm3210c_eval_ioe.o [1]
IOE_IOAFConfig          0x0800bab3    0x1c  Code  Gb  stm3210c_eval_ioe.o [1]
IOE_IOEdgeConfig        0x0800bacf    0x42  Code  Gb  stm3210c_eval_ioe.o [1]
IOE_IOITConfig          0x0800b9c3    0x1c  Code  Gb  stm3210c_eval_ioe.o [1]
IOE_IOPinConfig         0x0800b96b    0x1a  Code  Gb  stm3210c_eval_ioe.o [1]
IOE_ITConfig            0x0800b71f    0xd6  Code  Gb  stm3210c_eval_ioe.o [1]
IOE_ITOutConfig         0x0800bb11    0x26  Code  Gb  stm3210c_eval_ioe.o [1]
IOE_IsOperational       0x0800b8f1    0x24  Code  Gb  stm3210c_eval_ioe.o [1]
IOE_ReadID              0x0800b935    0x1a  Code  Gb  stm3210c_eval_ioe.o [1]
IOE_Reset               0x0800b915    0x18  Code  Gb  stm3210c_eval_ioe.o [1]
IOE_TS_Config           0x0800b9e7    0x90  Code  Gb  stm3210c_eval_ioe.o [1]
IOE_TS_GetState         0x0800b82b    0x96  Code  Gb  stm3210c_eval_ioe.o [1]
IOE_TempSens_Config     0x0800ba77    0x36  Code  Gb  stm3210c_eval_ioe.o [1]
IOE_WriteIOPin          0x0800b805    0x26  Code  Gb  stm3210c_eval_ioe.o [1]
IPaddress               0x2000261c     0x4  Data  Lc  netconf.o [1]
LCD_Clear               0x0800edfb    0x22  Code  Gb  stm3210c_eval_lcd.o [1]
LCD_CtrlLinesConfig     0x0800f02b    0x20  Code  Gb  stm3210c_eval_lcd.o [1]
LCD_DisplayChar         0x0800ee81    0x16  Code  Gb  stm3210c_eval_lcd.o [1]
LCD_DisplayStringLine   0x0800ee97    0x2a  Code  Gb  stm3210c_eval_lcd.o [1]
LCD_DrawChar            0x0800ee33    0x4e  Code  Gb  stm3210c_eval_lcd.o [1]
LCD_DrawLine            0x0800eec7    0x4a  Code  Gb  stm3210c_eval_lcd.o [1]
LCD_DrawRect            0x0800ef1d    0x40  Code  Gb  stm3210c_eval_lcd.o [1]
LCD_SPIConfig           0x0800f04b    0x7c  Code  Gb  stm3210c_eval_lcd.o [1]
LCD_SetBackColor        0x0800edeb    0x10  Code  Gb  stm3210c_eval_lcd.o [1]
LCD_SetCursor           0x0800ee1d    0x16  Code  Gb  stm3210c_eval_lcd.o [1]
LCD_SetTextColor        0x0800eddb    0x10  Code  Gb  stm3210c_eval_lcd.o [1]
LCD_Setup               0x0800ebe1   0x1f8  Code  Gb  stm3210c_eval_lcd.o [1]
LCD_WriteRAM            0x0800f007    0x12  Code  Gb  stm3210c_eval_lcd.o [1]
LCD_WriteRAMWord        0x0800efa3    0x1c  Code  Gb  stm3210c_eval_lcd.o [1]
LCD_WriteRAM_Prepare    0x0800ef93    0x10  Code  Gb  stm3210c_eval_lcd.o [1]
LCD_WriteReg            0x0800efbf    0x1c  Code  Gb  stm3210c_eval_lcd.o [1]
LCD_WriteRegIndex       0x0800ef75    0x1e  Code  Gb  stm3210c_eval_lcd.o [1]
LCD_nCS_StartByte       0x0800ef61    0x14  Code  Gb  stm3210c_eval_lcd.o [1]
LedToggle               0x20002618     0x1  Data  Gb  netconf.o [1]
LocalTime               0x2000eeec     0x4  Data  Gb  main.o [1]
LwIP_Init               0x08010e19    0xb4  Code  Gb  netconf.o [1]
LwIP_Periodic_Handle    0x08010edf    0x5c  Code  Gb  netconf.o [1]
LwIP_Pkt_Handle         0x08010ed9     0x6  Code  Gb  netconf.o [1]
MACaddr                 0x2000bd10     0x8  Data  Gb  ethernetif.o [1]
MemManage_Handler       0x08012f99     0x2  Code  Gb  stm32f10x_it.o [1]
NMI_Handler             0x08012f95     0x2  Code  Gb  stm32f10x_it.o [1]
NVIC_Configuration      0x08010de5    0x34  Code  Gb  stm32f107.o [1]
NVIC_Init               0x080138ef    0x58  Code  Gb  misc.o [1]
NVIC_PriorityGroupConfig
                        0x080138e5     0xa  Code  Gb  misc.o [1]
NVIC_SetVectorTable     0x08013947     0xc  Code  Gb  misc.o [1]
OTG_FS_IRQHandler       0x080148ff          Code  Wk  startup_stm32f10x_cl.o [1]
OTG_FS_WKUP_IRQHandler  0x080148b7          Code  Wk  startup_stm32f10x_cl.o [1]
PVD_IRQHandler          0x08014813          Code  Wk  startup_stm32f10x_cl.o [1]
PendSV_Handler          0x08012fa3     0x2  Code  Gb  stm32f10x_it.o [1]
RCC_AHBPeriphClockCmd   0x080126f5    0x12  Code  Gb  stm32f10x_rcc.o [1]
RCC_AHBPeriphResetCmd   0x0801272b    0x12  Code  Gb  stm32f10x_rcc.o [1]
RCC_APB1PeriphClockCmd  0x08012719    0x12  Code  Gb  stm32f10x_rcc.o [1]
RCC_APB1PeriphResetCmd  0x0801274f    0x12  Code  Gb  stm32f10x_rcc.o [1]
RCC_APB2PeriphClockCmd  0x08012707    0x12  Code  Gb  stm32f10x_rcc.o [1]
RCC_APB2PeriphResetCmd  0x0801273d    0x12  Code  Gb  stm32f10x_rcc.o [1]
RCC_GetClocksFreq       0x08012651    0xa4  Code  Gb  stm32f10x_rcc.o [1]
RCC_IRQHandler          0x08014823          Code  Wk  startup_stm32f10x_cl.o [1]
RCC_MCOConfig           0x08012761     0x6  Code  Gb  stm32f10x_rcc.o [1]
RTCAlarm_IRQHandler     0x080148b3          Code  Wk  startup_stm32f10x_cl.o [1]
RTC_IRQHandler          0x0801481b          Code  Wk  startup_stm32f10x_cl.o [1]
Region$$Table$$Base     0x080144bc           --   Gb  - Linker created -
Region$$Table$$Limit    0x080144e8           --   Gb  - Linker created -
Rx_Buff                 0x2000bd78  0x17c0  Data  Gb  ethernetif.o [1]
SPI1_IRQHandler         0x0801489b          Code  Wk  startup_stm32f10x_cl.o [1]
SPI2_IRQHandler         0x0801489f          Code  Wk  startup_stm32f10x_cl.o [1]
SPI3_IRQHandler         0x080148bf          Code  Wk  startup_stm32f10x_cl.o [1]
SPI_Cmd                 0x080135a5    0x12  Code  Gb  stm32f10x_spi.o [1]
SPI_Config              0x08012399    0x86  Code  Lc  sd_stm32.o [1]
SPI_I2S_DeInit          0x0801350d    0x54  Code  Gb  stm32f10x_spi.o [1]
SPI_I2S_GetFlagStatus   0x080135bf     0xe  Code  Gb  stm32f10x_spi.o [1]
SPI_I2S_ReceiveData     0x080135bb     0x4  Code  Gb  stm32f10x_spi.o [1]
SPI_I2S_SendData        0x080135b7     0x4  Code  Gb  stm32f10x_spi.o [1]
SPI_Init                0x08013561    0x36  Code  Gb  stm32f10x_spi.o [1]
STM3210C_LCD_Init       0x0800edd9     0x2  Code  Gb  stm3210c_eval_lcd.o [1]
STM_EVAL_LEDInit        0x08012b2d    0x2e  Code  Gb  stm32_eval.o [1]
STM_EVAL_LEDOff         0x08012b6b    0x10  Code  Gb  stm32_eval.o [1]
STM_EVAL_LEDOn          0x08012b5b    0x10  Code  Gb  stm32_eval.o [1]
STM_EVAL_LEDToggle      0x08012b7b    0x14  Code  Gb  stm32_eval.o [1]
STM_EVAL_PBGetState     0x08012c1b    0x10  Code  Gb  stm32_eval.o [1]
STM_EVAL_PBInit         0x08012b8f    0x8c  Code  Gb  stm32_eval.o [1]
SVC_Handler             0x08012f9f     0x2  Code  Gb  stm32f10x_it.o [1]
Server                  0x20002619     0x1  Data  Gb  netconf.o [1]
Set_MAC_Address         0x0801181d    0x22  Code  Gb  ethernetif.o [1]
SysTick_Handler         0x08012fa5     0x4  Code  Gb  stm32f10x_it.o [1]
SystemInit              0x08012e7d   0x118  Code  Gb  system_stm32f10x.o [1]
System_Periodic_Handle  0x08013fd3    0x14  Code  Gb  main.o [1]
System_Setup            0x08010b49    0xe2  Code  Gb  stm32f107.o [1]
TAMPER_IRQHandler       0x08014817          Code  Wk  startup_stm32f10x_cl.o [1]
TCPTimer                0x2000eeb0     0x4  Data  Gb  netconf.o [1]
TIM1_BRK_IRQHandler     0x0801486f          Code  Wk  startup_stm32f10x_cl.o [1]
TIM1_CC_IRQHandler      0x0801487b          Code  Wk  startup_stm32f10x_cl.o [1]
TIM1_TRG_COM_IRQHandler
                        0x08014877          Code  Wk  startup_stm32f10x_cl.o [1]
TIM1_UP_IRQHandler      0x08014873          Code  Wk  startup_stm32f10x_cl.o [1]
TIM2_IRQHandler         0x0801487f          Code  Wk  startup_stm32f10x_cl.o [1]
TIM3_IRQHandler         0x08014883          Code  Wk  startup_stm32f10x_cl.o [1]
TIM4_IRQHandler         0x08014887          Code  Wk  startup_stm32f10x_cl.o [1]
TIM5_IRQHandler         0x080148bb          Code  Wk  startup_stm32f10x_cl.o [1]
TIM6_IRQHandler         0x080148cb          Code  Wk  startup_stm32f10x_cl.o [1]
TIM7_IRQHandler         0x080148cf          Code  Wk  startup_stm32f10x_cl.o [1]
TS_State                0x2000eec0     0x8  Data  Gb  stm3210c_eval_ioe.o [1]
TcpPCB                  0x2000ef0c     0x4  Data  Lc  client.o [1]
TextColor               0x2000263c     0x2  Data  Lc  stm3210c_eval_lcd.o [1]
TimeOut                 0x20002634     0x4  Data  Gb  stm3210c_eval_ioe.o [1]
Time_Update             0x08013fc9     0xa  Code  Gb  main.o [1]
Tx_Buff                 0x2000d538   0xbe0  Data  Gb  ethernetif.o [1]
UART4_IRQHandler        0x080148c3          Code  Wk  startup_stm32f10x_cl.o [1]
UART5_IRQHandler        0x080148c7          Code  Wk  startup_stm32f10x_cl.o [1]
UDPpcb                  0x2000e118     0x4  Data  Gb  tftpserver.o [1]
USART1_IRQHandler       0x080148a3          Code  Wk  startup_stm32f10x_cl.o [1]
USART2_IRQHandler       0x080148a7          Code  Wk  startup_stm32f10x_cl.o [1]
USART3_IRQHandler       0x080148ab          Code  Wk  startup_stm32f10x_cl.o [1]
UsageFault_Handler      0x08012f9d     0x2  Code  Gb  stm32f10x_it.o [1]
WWDG_IRQHandler         0x0801480f          Code  Wk  startup_stm32f10x_cl.o [1]
_EncodingSb_Mbtowc      0x08014007    0x2e  Code  Gb  xencoding_sb.o [3]
_EncodingSb_Wctomb      0x08013fed    0x1a  Code  Gb  xencoding_sb.o [3]
_GenldDefault           0x080082d9   0x258  Code  Lc  xprintffull.o [3]
_IsdstStr               0x200024f8     0x4  Data  Gb  setlocale.o [3]
_LdtobDefault           0x08007ec1   0x40e  Code  Lc  xprintffull.o [3]
_LitobDefault           0x08007db1   0x10e  Code  Lc  xprintffull.o [3]
_LocaleC_lconv          0x0801403c    0x48  Data  Gb  xlocale_c.o [3]
_LocaleEncoding         0x080146a1    0x10  Code  Gb  setlocale.o [3]
_LocaleReturnString     0x20002508    0x50  Data  Lc  setlocale.o [3]
_Locale_LconvArray      0x20002504     0x4  Data  Gb  setlocale.o [3]
_Locale_Profile         0x200024d4    0x1c  Data  Gb  setlocale.o [3]
_Locale_lconv           0x2000255c    0x48  Data  Gb  localeconv.o [3]
_Mbtowc                 0x08014509    0x20  Code  Gb  xmbtowc.o [3]
_Printf                 0x08007531   0x5a8  Code  Gb  xprintffull.o [3]
_PutcharsDefault        0x08008549    0x32  Code  Lc  xprintffull.o [3]
_PutstrDefault          0x08007ad9   0x2d2  Code  Lc  xprintffull.o [3]
_SProut                 0x08014779     0xa  Code  Gb  xsprout.o [3]
_TzoneStr               0x200024f0     0x4  Data  Gb  setlocale.o [3]
_Wctomb                 0x0801457d    0x1a  Code  Gb  xwctomb.o [3]
__aeabi_cdcmple         0x0801435d          Code  Gb  DblCmpLe.o [4]
__aeabi_cdrcmple        0x0801438d          Code  Gb  DblCmpGe.o [4]
__aeabi_d2iz            0x08013ef1          Code  Gb  DblToI32.o [4]
__aeabi_d2uiz           0x08013f1d          Code  Gb  DblToI32.o [4]
__aeabi_dadd            0x080131b5          Code  Gb  DblAdd.o [4]
__aeabi_ddiv            0x08011395          Code  Gb  DblDiv.o [4]
__aeabi_dmul            0x08011c1d          Code  Gb  DblMul.o [4]
__aeabi_dsub            0x08011f49          Code  Gb  DblSub.o [4]
__aeabi_i2d             0x080143bd          Code  Gb  I32ToDbl.o [4]
__aeabi_ldiv0           0x080147e9          Code  Gb  I64DivZer.o [4]
__aeabi_ldivmod         0x080128dd          Code  Gb  I64DivMod.o [4]
__aeabi_memclr          0x080147d5          Code  Gb  ABImemclr.o [4]
__aeabi_memclr4         0x080147cd          Code  Gb  ABImemclr4.o [4]
__aeabi_memcpy          0x08013af9          Code  Gb  ABImemcpy.o [4]
__aeabi_memcpy4         0x08013b13          Code  Gb  ABImemcpy.o [4]
__aeabi_memcpy8         0x08013b13          Code  Gb  ABImemcpy.o [4]
__aeabi_memset          0x08013cad          Code  Gb  ABImemset.o [4]
__aeabi_memset4         0x08014259          Code  Gb  ABImemset48.o [4]
__aeabi_memset8         0x08014259          Code  Gb  ABImemset48.o [4]
__aeabi_ui2d            0x080143d1          Code  Gb  I32ToDbl.o [4]
__aeabi_uldivmod        0x080128f1          Code  Gb  I64DivMod.o [4]
__call_dtors            0x08013c69     0x2  Code  Gb  cppinit.o [3]
__cstart_call_dtors     0x08014747          Code  Gb  cexit.o [4]
__cxa_atexit            0x08013c45    0x24  Code  Gb  cppinit.o [3]
__cxa_finalize          0x08013c6b    0x36  Code  Gb  cppinit.o [3]
__data_Aldata           0x2000ef04     0x8  Data  Gb  xxmemxmalloc.o [3]
__data_GetMemChunk      0x0801446d    0x28  Code  Gb  xgetmemchunk.o [3]
__exit                  0x0801468d    0x14  Code  Gb  exit.o [5]
__iar_Dnorm             0x08013447    0xc6  Code  Gb  xdnorm.o [3]
__iar_Dscale            0x080130ad   0x108  Code  Gb  xdscale.o [3]
__iar_Locksyslock       0x08013a1f    0x46  Code  Gb  xsyslock.o [3]
__iar_Mbcurmax          0x08014783     0xa  Code  Gb  xmbcurmax.o [3]
__iar_Memchr            0x08013e99          Code  Gb  memchr.o [4]
__iar_Memset            0x08013cad          Code  Gb  ABImemset.o [4]
__iar_Memset4_word      0x08014261          Code  Gb  ABImemset48.o [4]
__iar_Memset8_word      0x08014261          Code  Gb  ABImemset48.o [4]
__iar_Memset_word       0x08013cb5          Code  Gb  ABImemset.o [4]
__iar_Mtxdst            0x08014093     0xe  Code  Gb  MtxWrapper.o [3]
__iar_Mtxinit           0x08014085     0xe  Code  Gb  MtxWrapper.o [3]
__iar_Mtxlock           0x080140a1     0xe  Code  Gb  MtxWrapper.o [3]
__iar_Mtxunlock         0x080140af     0xe  Code  Gb  MtxWrapper.o [3]
__iar_Strchr            0x08014611          Code  Gb  strchr.o [4]
__iar_Tls_setup__IsdstStr
                        0x200024fc     0x4  Data  Gb  setlocale.o [3]
__iar_Tls_setup__Locale_Profile
                        0x20002500     0x4  Data  Gb  setlocale.o [3]
__iar_Tls_setup__Locale_lconv
                        0x20002558     0x4  Data  Gb  localeconv.o [3]
__iar_Tls_setup__TzoneStr
                        0x200024f4     0x4  Data  Gb  setlocale.o [3]
__iar_Unlocksyslock     0x08013a65    0x14  Code  Gb  xsyslock.o [3]
__iar_d2uiz             0x08013f27          Code  Gb  DblToI32.o [4]
__iar_dadd              0x080131c7          Code  Gb  DblAdd.o [4]
__iar_data_init2        0x080144e9    0x20  Code  Gb  data_init2.o [4]
__iar_dsub              0x08011f5b          Code  Gb  DblSub.o [4]
__iar_dsubStart         0x08011f6d          Code  Gb  DblSub.o [4]
__iar_packbits_init2    0x080137bd    0x96  Code  Gb  packbits_init2.o [4]
__iar_program_start     0x080145f9          Code  Gb  cmain.o [4]
__iar_sh_stdout_close   0x08014561    0x16  Code  Gb  iarwstd.o [5]
__iar_sh_stdout_handle  0x2000ef2c     0x4  Data  Lc  iarwstd.o [5]
__iar_strcmp            0x080141a1          Code  Gb  strcmp.o [4]
__iar_ui2d              0x080143d3          Code  Gb  I32ToDbl.o [4]
__iar_zero_init2        0x08014597    0x1a  Code  Gb  zero_init2.o [4]
__low_level_init        0x08014907     0x4  Code  Gb  low_level_init.o [3]
__vector_table          0x08000000          Data  Gb  startup_stm32f10x_cl.o [1]
_exit                   0x08014745          Code  Gb  cexit.o [4]
_main                   0x0801460b          Code  Gb  cmain.o [4]
ackno                   0x2000ee90     0x4  Data  Lc  tcp_in.o [1]
arp_table               0x2000ed6c    0xc8  Data  Lc  etharp.o [1]
buf                     0x2000e78c   0x5e0  Data  Lc  ip_frag.o [1]
clearlocks              0x080139f9    0x26  Code  Lc  xsyslock.o [3]
client_init             0x080124f9    0x48  Code  Gb  client.o [1]
close_conn              0x08010849    0x2c  Code  Lc  httpd.o [1]
conn_err                0x08010845     0x4  Code  Lc  httpd.o [1]
current_header          0x2000eee0     0x4  Data  Lc  ip.o [1]
current_netif           0x2000eedc     0x4  Data  Lc  ip.o [1]
data_STM32F107ADC_html  0x200012d8  0x11fc  Data  Gb  httpd.o [1]
data_STM32F107LED_html  0x0800857c   0xfbc  Data  Lc  httpd.o [1]
data_STM32F107_html     0x08004b74  0x17ec  Data  Lc  httpd.o [1]
data_images_ST_gif      0x0800ab5c   0xa94  Data  Lc  httpd.o [1]
data_images_stm32_newline__gif
                        0x08000150  0x4a24  Data  Lc  httpd.o [1]
delay                   0x0800be43    0x20  Code  Lc  stm3210c_eval_ioe.o [1]
delay                   0x0800f0d3    0x20  Code  Lc  stm3210c_eval_lcd.o [1]
dhcp_arp_reply          0x08009841    0x1c  Code  Gb  dhcp.o [1]
dhcp_bind               0x0800996d    0xc2  Code  Lc  dhcp.o [1]
dhcp_check              0x08009539    0x24  Code  Lc  dhcp.o [1]
dhcp_coarse_tmr         0x080095fd    0x50  Code  Gb  dhcp.o [1]
dhcp_create_request     0x08009e9b    0xe4  Code  Lc  dhcp.o [1]
dhcp_decline            0x0800985d    0x76  Code  Lc  dhcp.o [1]
dhcp_delete_request     0x08009f9d    0x18  Code  Lc  dhcp.o [1]
dhcp_discover           0x080098d3    0x8a  Code  Lc  dhcp.o [1]
dhcp_fine_tmr           0x0800964d    0x8a  Code  Gb  dhcp.o [1]
dhcp_free_reply         0x08009d53    0x20  Code  Lc  dhcp.o [1]
dhcp_get_option_long    0x0800a05d    0x1e  Code  Lc  dhcp.o [1]
dhcp_get_option_ptr     0x08009fdf    0x7e  Code  Lc  dhcp.o [1]
dhcp_handle_ack         0x080096d7    0xbe  Code  Lc  dhcp.o [1]
dhcp_option             0x08009c6b    0x20  Code  Lc  dhcp.o [1]
dhcp_option_byte        0x08009c8b     0x2  Code  Lc  dhcp.o [1]
dhcp_option_long        0x08009c9b    0x30  Code  Lc  dhcp.o [1]
dhcp_option_short       0x08009c8d     0xe  Code  Lc  dhcp.o [1]
dhcp_option_trailer     0x08009fb5    0x2a  Code  Lc  dhcp.o [1]
dhcp_rebind             0x08009af3    0x52  Code  Lc  dhcp.o [1]
dhcp_recv               0x08009d73   0x124  Code  Lc  dhcp.o [1]
dhcp_release            0x08009b51    0xa6  Code  Gb  dhcp.o [1]
dhcp_renew              0x08009a3f    0x64  Code  Gb  dhcp.o [1]
dhcp_select             0x0800955d    0xa0  Code  Lc  dhcp.o [1]
dhcp_set_state          0x08009c5d     0xe  Code  Lc  dhcp.o [1]
dhcp_start              0x0800979b    0xa6  Code  Gb  dhcp.o [1]
dhcp_stop               0x08009c1d    0x40  Code  Gb  dhcp.o [1]
dhcp_unfold_reply       0x08009cdf    0x74  Code  Lc  dhcp.o [1]
dir_addCluster          0x08010149    0x5a  Code  Gb  dir.o [1]
dir_createDefaultEntry  0x0800fe7b    0x2c  Code  Gb  dir.o [1]
dir_createDirectoryEntry
                        0x0800fe65     0xa  Code  Gb  dir.o [1]
dir_findFileinBuf       0x0800ff1f    0x52  Code  Gb  dir.o [1]
dir_findFreeEntryinBuf  0x0800ff71    0x3c  Code  Gb  dir.o [1]
dir_findinBuf           0x0800ffb9    0x12  Code  Gb  dir.o [1]
dir_findinCluster       0x0800ffcb    0x6a  Code  Gb  dir.o [1]
dir_findinDir           0x08010035    0x58  Code  Gb  dir.o [1]
dir_findinRootArea      0x0801008d    0x6a  Code  Gb  dir.o [1]
dir_getFatFileName      0x080100ff    0x4a  Code  Gb  dir.o [1]
dir_getFileStructure    0x0800fe41    0x24  Code  Gb  dir.o [1]
dir_setFileSize         0x0800fec1     0xe  Code  Gb  dir.o [1]
dir_setFirstCluster     0x0800fea7    0x1a  Code  Gb  dir.o [1]
dir_updateDirectoryEntry
                        0x0800feeb    0x14  Code  Gb  dir.o [1]
disc_initDisc           0x080141e3     0x6  Code  Gb  disc.o [1]
disc_loadMBR            0x080141e9    0x36  Code  Gb  disc.o [1]
div                     0x08014753     0xe  Code  Gb  div.o [3]
efs1                    0x2000e11c   0x2b4  Data  Gb  tftpserver.o [1]
efs2                    0x2000e3d0   0x2b4  Data  Gb  tftpserver.o [1]
efs_init                0x08013b69    0x6e  Code  Gb  efs.o [1]
etharp_arp_input        0x0800d7fb    0xf0  Code  Gb  etharp.o [1]
etharp_cached_entry     0x2000ef32     0x1  Data  Lc  etharp.o [1]
etharp_ip_input         0x0800d7d9    0x22  Code  Gb  etharp.o [1]
etharp_output           0x0800d8f3    0xa2  Code  Gb  etharp.o [1]
etharp_query            0x0800d9a7    0xf2  Code  Gb  etharp.o [1]
etharp_raw              0x0800da99    0xa8  Code  Lc  etharp.o [1]
etharp_request          0x0800db41    0x26  Code  Gb  etharp.o [1]
etharp_send_ip          0x0800d715    0x2c  Code  Lc  etharp.o [1]
etharp_tmr              0x0800d59f    0x44  Code  Gb  etharp.o [1]
ethbroadcast            0x080146b4     0x8  Data  Gb  etharp.o [1]
ethernet_input          0x0800db75    0x52  Code  Gb  etharp.o [1]
ethernetif_init         0x080118db    0xa4  Code  Gb  ethernetif.o [1]
ethernetif_input        0x080118b9    0x22  Code  Gb  ethernetif.o [1]
ethzero                 0x080146bc     0x8  Data  Gb  etharp.o [1]
ex_getPartitionField    0x08013d3b    0x3c  Code  Gb  extract.o [1]
ex_getb16               0x08013d13     0xe  Code  Gb  extract.o [1]
ex_getb32               0x08013d21    0x1a  Code  Gb  extract.o [1]
exit                    0x080147db     0x6  Code  Gb  exit.o [3]
fat_DiscToLogicCluster  0x0800eba3    0x3c  Code  Gb  fat.o [1]
fat_LogicToDiscCluster  0x0800ea33    0x54  Code  Gb  fat.o [1]
fat_allocClusterChain   0x0800ea87    0xe6  Code  Gb  fat.o [1]
fat_countClustersInChain
                        0x0800eb73    0x30  Code  Gb  fat.o [1]
fat_getNextClusterAddress
                        0x0800e6e7    0x8e  Code  Gb  fat.o [1]
fat_getNextClusterAddressWBuf
                        0x0800e875    0x6c  Code  Gb  fat.o [1]
fat_getNextClusterChain
                        0x0800e9ab    0x88  Code  Gb  fat.o [1]
fat_getSectorAddressFatEntry
                        0x0800e6a9    0x3e  Code  Gb  fat.o [1]
fat_giveEocMarker       0x0800e84d    0x28  Code  Gb  fat.o [1]
fat_isEocMarker         0x0800e813    0x36  Code  Gb  fat.o [1]
fat_setNextClusterAddress
                        0x0800e775    0x98  Code  Gb  fat.o [1]
fat_setNextClusterAddressWBuf
                        0x0800e8e9    0x7c  Code  Gb  fat.o [1]
file_CR                 0x2000e73c    0x50  Data  Gb  tftpserver.o [1]
file_SD                 0x2000e6ec    0x50  Data  Gb  tftpserver.o [1]
file_STM32F107ADC_html  0x200025f8    0x10  Data  Gb  httpd.o [1]
file_STM32F107LED_html  0x08014704    0x10  Data  Lc  httpd.o [1]
file_STM32F107_html     0x080146f4    0x10  Data  Lc  httpd.o [1]
file_fclose             0x0800df8d    0x56  Code  Gb  file.o [1]
file_fopen              0x0800ddd9   0x130  Code  Gb  file.o [1]
file_fread              0x0800dbc7    0xce  Code  Gb  file.o [1]
file_fwrite             0x0800dccd   0x10c  Code  Gb  file.o [1]
file_getAttr            0x0800e113     0xe  Code  Gb  file.o [1]
file_images_ST_gif      0x080146d4    0x10  Data  Lc  httpd.o [1]
file_images_stm32_newline__gif
                        0x080146e4    0x10  Data  Lc  httpd.o [1]
file_initFile           0x0800dff3    0x30  Code  Gb  file.o [1]
file_normalToFatName    0x0800e023    0x8e  Code  Gb  file.o [1]
file_read               0x0800dc95    0x10  Code  Gb  file.o [1]
file_requiredCluster    0x0800e121    0x4e  Code  Gb  file.o [1]
file_setAttr            0x0800e0f7    0x1c  Code  Gb  file.o [1]
file_setpos             0x0800dcbb    0x12  Code  Gb  file.o [1]
file_validateChar       0x0800e0b1    0x46  Code  Gb  file.o [1]
file_write              0x0800dca5     0xe  Code  Gb  file.o [1]
find_entry              0x0800d5e3   0x132  Code  Lc  etharp.o [1]
flags                   0x2000ee68     0x1  Data  Lc  tcp_in.o [1]
free                    0x08013971    0x84  Code  Gb  xxmemxfree.o [3]
free_etharp_q           0x0800d581    0x1e  Code  Lc  etharp.o [1]
fs_clearCluster         0x0800fded    0x38  Code  Gb  fs.o [1]
fs_clusterToSector      0x0800fc21    0x10  Code  Gb  fs.o [1]
fs_countDataSectors     0x0800fb75    0x44  Code  Gb  fs.o [1]
fs_determineFatType     0x0800fbb9    0x2a  Code  Gb  fs.o [1]
fs_findFile             0x0800fc79    0xa4  Code  Gb  fs.o [1]
fs_findFirstSectorRootDir
                        0x0800fbe3    0x32  Code  Gb  fs.o [1]
fs_findFreeFile         0x0800fd25    0x4a  Code  Gb  fs.o [1]
fs_flushFs              0x0800fde1     0xa  Code  Gb  fs.o [1]
fs_getFirstClusterRootDir
                        0x0800fdb9    0x10  Code  Gb  fs.o [1]
fs_getLastCluster       0x0800fd7f    0x3a  Code  Gb  fs.o [1]
fs_getNextFreeCluster   0x0800fc4f    0x26  Code  Gb  fs.o [1]
fs_giveFreeClusterHint  0x0800fc75     0x4  Code  Gb  fs.o [1]
fs_hasTimeSupport       0x08014903     0x4  Code  Gb  time.o [1]
fs_initClusterChain     0x0800fdc9    0x10  Code  Gb  fs.o [1]
fs_initCurrentDir       0x0800fc15     0xc  Code  Gb  fs.o [1]
fs_initFs               0x0800fa31    0x48  Code  Gb  fs.o [1]
fs_isValidFat           0x0800fa79    0x2e  Code  Gb  fs.o [1]
fs_loadVolumeId         0x0800faa7    0x66  Code  Gb  fs.o [1]
fs_open                 0x08010af3    0x2c  Code  Gb  httpd.o [1]
fs_setFirstClusterInDirEntry
                        0x0800fdd9     0x8  Code  Gb  fs.o [1]
fs_umount               0x0800fdeb     0x2  Code  Gb  fs.o [1]
fs_verifySanity         0x0800fb13    0x62  Code  Gb  fs.o [1]
htonl                   0x080144a1    0x18  Code  Gb  inet.o [1]
htons                   0x08014495     0xa  Code  Gb  inet.o [1]
http_accept             0x08010a93    0x3e  Code  Lc  httpd.o [1]
http_poll               0x0801089f    0x1a  Code  Lc  httpd.o [1]
http_recv               0x080108d5   0x1b8  Code  Lc  httpd.o [1]
http_sent               0x080108b9    0x1c  Code  Lc  httpd.o [1]
httpd_init              0x08010ad1    0x22  Code  Gb  httpd.o [1]
icmp_dest_unreach       0x08011ed3     0x6  Code  Gb  icmp.o [1]
icmp_input              0x08011dbf   0x10c  Code  Gb  icmp.o [1]
icmp_send_response      0x08011edd    0x60  Code  Lc  icmp.o [1]
icmp_time_exceeded      0x08011ed9     0x4  Code  Gb  icmp.o [1]
if_initInterface        0x080124b1    0x48  Code  Gb  sd_stm32.o [1]
if_readBuf              0x0801242b     0x8  Code  Gb  sd_stm32.o [1]
if_spiInit              0x08012437    0x32  Code  Gb  sd_stm32.o [1]
if_spiSend              0x08012469    0x38  Code  Gb  sd_stm32.o [1]
if_writeBuf             0x08012433     0x4  Code  Gb  sd_stm32.o [1]
inet_chksum             0x080136cf     0xc  Code  Gb  inet_chksum.o [1]
inet_chksum_pbuf        0x080136db    0x3c  Code  Gb  inet_chksum.o [1]
inseg                   0x2000ee6c    0x14  Data  Lc  tcp_in.o [1]
ioman_decUseCnt         0x0800cfe7    0x16  Code  Gb  ioman.o [1]
ioman_directSectorRead  0x0800d491    0x5c  Code  Gb  ioman.o [1]
ioman_directSectorWrite
                        0x0800d4f5    0x70  Code  Gb  ioman.o [1]
ioman_findFreeSpot      0x0800d185    0x20  Code  Gb  ioman.o [1]
ioman_findOverallocableSpot
                        0x0800d227    0x5e  Code  Gb  ioman.o [1]
ioman_findSectorInCache
                        0x0800d14d    0x30  Code  Gb  ioman.o [1]
ioman_findUnusedSpot    0x0800d1ab    0x76  Code  Gb  ioman.o [1]
ioman_flushRange        0x0800d309    0x5c  Code  Gb  ioman.o [1]
ioman_flushSector       0x0800d2c7    0x42  Code  Gb  ioman.o [1]
ioman_getAttr           0x0800cfa9    0x1a  Code  Gb  ioman.o [1]
ioman_getBp             0x0800d0cf    0x26  Code  Gb  ioman.o [1]
ioman_getPtr            0x0800d0bf    0x10  Code  Gb  ioman.o [1]
ioman_getRefCnt         0x0800d003     0xe  Code  Gb  ioman.o [1]
ioman_getSector         0x0800d375    0xc4  Code  Gb  ioman.o [1]
ioman_getUseCnt         0x0800cfc3     0xe  Code  Gb  ioman.o [1]
ioman_incRefCnt         0x0800d019    0x16  Code  Gb  ioman.o [1]
ioman_incUseCnt         0x0800cfd1    0x16  Code  Gb  ioman.o [1]
ioman_init              0x0800cf0d    0x18  Code  Gb  ioman.o [1]
ioman_pop               0x0800d02f    0x40  Code  Gb  ioman.o [1]
ioman_push              0x0800d06f    0x3c  Code  Gb  ioman.o [1]
ioman_putSectorInCache  0x0800d28b    0x3c  Code  Gb  ioman.o [1]
ioman_readSector        0x0800d0fd    0x18  Code  Gb  ioman.o [1]
ioman_releaseSector     0x0800d44d    0x44  Code  Gb  ioman.o [1]
ioman_reset             0x0800cf25    0x5e  Code  Gb  ioman.o [1]
ioman_resetCacheItem    0x0800d133    0x1a  Code  Gb  ioman.o [1]
ioman_setAttr           0x0800cf83    0x26  Code  Gb  ioman.o [1]
ioman_writeSector       0x0800d115    0x1e  Code  Gb  ioman.o [1]
ip_addr_any             0x080147e0     0x4  Data  Gb  ip_addr.o [1]
ip_addr_broadcast       0x080147e4     0x4  Data  Gb  ip_addr.o [1]
ip_addr_isbroadcast     0x0801421f    0x3a  Code  Gb  ip_addr.o [1]
ip_frag                 0x0800f475   0x128  Code  Gb  ip_frag.o [1]
ip_input                0x08011123   0x162  Code  Gb  ip.o [1]
ip_output               0x08011361    0x34  Code  Gb  ip.o [1]
ip_output_if            0x08011291    0xbe  Code  Gb  ip.o [1]
ip_reass                0x0800f2df   0x18a  Code  Gb  ip_frag.o [1]
ip_reass_chain_frag_into_datagram_and_validate
                        0x0800f203    0xdc  Code  Lc  ip_frag.o [1]
ip_reass_dequeue_datagram
                        0x0800f1e5    0x1e  Code  Lc  ip_frag.o [1]
ip_reass_free_complete_datagram
                        0x0800f111    0x6c  Code  Lc  ip_frag.o [1]
ip_reass_pbufcount      0x2000eee4     0x2  Data  Lc  ip_frag.o [1]
ip_reass_remove_oldest_datagram
                        0x0800f17d    0x68  Code  Lc  ip_frag.o [1]
ip_route                0x080110e1    0x42  Code  Gb  ip.o [1]
iphdr                   0x2000ee88     0x4  Data  Lc  tcp_in.o [1]
lfree                   0x20002648     0x4  Data  Lc  mem.o [1]
list1                   0x2000e684    0x34  Data  Gb  tftpserver.o [1]
list2                   0x2000e6b8    0x34  Data  Gb  tftpserver.o [1]
localeconv              0x08014679    0x10  Code  Gb  localeconv.o [3]
low_level_input         0x0801186b    0x4e  Code  Lc  ethernetif.o [1]
low_level_output        0x0801183f    0x2c  Code  Lc  ethernetif.o [1]
ls_openDir              0x08014115    0x46  Code  Gb  ls.o [1]
lwip_standard_chksum    0x08013689    0x46  Code  Lc  inet_chksum.o [1]
main                    0x08013f9d    0x1c  Code  Gb  main.o [1]
malloc                  0x080135cd    0xb6  Code  Gb  xxmemxmalloc.o [3]
memClr                  0x08014103    0x12  Code  Gb  plibc.o [1]
memCpy                  0x080140eb    0x18  Code  Gb  plibc.o [1]
mem_calloc              0x08011bfd    0x20  Code  Gb  mem.o [1]
mem_free                0x08011a57    0x66  Code  Gb  mem.o [1]
mem_init                0x08011a29    0x2e  Code  Gb  mem.o [1]
mem_malloc              0x08011b5f    0x9a  Code  Gb  mem.o [1]
mem_realloc             0x08011abd    0xa2  Code  Gb  mem.o [1]
memchr                  0x08013e99          Code  Gb  memchr.o [4]
memp_free               0x08013adf    0x10  Code  Gb  memp.o [1]
memp_init               0x08013a81    0x42  Code  Gb  memp.o [1]
memp_malloc             0x08013ac3    0x1c  Code  Gb  memp.o [1]
memp_memory             0x20007684  0x468c  Data  Lc  memp.o [1]
memp_num                0x08014458    0x14  Data  Lc  memp.o [1]
memp_sizes              0x08014444    0x14  Data  Lc  memp.o [1]
memp_tab                0x20007660    0x24  Data  Lc  memp.o [1]
mtx                     0x2000eea0    0x10  Data  Lc  xsyslock.o [3]
mtxdst                  0x2000ef20     0x4  Data  Lc  MtxWrapper.o [3]
mtxinit                 0x2000ef1c     0x4  Data  Lc  MtxWrapper.o [3]
mtxlock                 0x2000ef24     0x4  Data  Lc  MtxWrapper.o [3]
mtxunlock               0x2000ef28     0x4  Data  Lc  MtxWrapper.o [3]
netif                   0x2000ee34    0x34  Data  Gb  netconf.o [1]
netif_add               0x08012a0d    0x44  Code  Gb  netif.o [1]
netif_default           0x2000eed8     0x4  Data  Gb  netif.o [1]
netif_is_up             0x08012b21     0xa  Code  Gb  netif.o [1]
netif_list              0x2000eed4     0x4  Data  Gb  netif.o [1]
netif_set_addr          0x08012a51    0x1e  Code  Gb  netif.o [1]
netif_set_default       0x08012adb     0x6  Code  Gb  netif.o [1]
netif_set_down          0x08012b0b    0x16  Code  Gb  netif.o [1]
netif_set_gw            0x08012acb     0x8  Code  Gb  netif.o [1]
netif_set_ipaddr        0x08012a6f    0x5c  Code  Gb  netif.o [1]
netif_set_netmask       0x08012ad3     0x8  Code  Gb  netif.o [1]
netif_set_up            0x08012aed    0x1e  Code  Gb  netif.o [1]
next_abi_dtor_rec       0x20002638     0x4  Data  Lc  cppinit.o [3]
ntohl                   0x080144b9     0x2  Code  Gb  inet.o [1]
ntohs                   0x0801449f     0x2  Code  Gb  inet.o [1]
part_directSectorRead   0x0801341d    0x12  Code  Gb  partition.o [1]
part_directSectorWrite  0x08013435    0x12  Code  Gb  partition.o [1]
part_flushPart          0x080133f9    0x24  Code  Gb  partition.o [1]
part_getRealLBA         0x080133c5    0x10  Code  Gb  partition.o [1]
part_getSect            0x080133d5    0x12  Code  Gb  partition.o [1]
part_initPartition      0x08013381    0x24  Code  Gb  partition.o [1]
part_isFatPart          0x080133a5    0x20  Code  Gb  partition.o [1]
part_relSect            0x080133f1     0x8  Code  Gb  partition.o [1]
pbuf_alloc              0x0801050f    0xfe  Code  Gb  pbuf.o [1]
pbuf_cat                0x08010727    0x22  Code  Gb  pbuf.o [1]
pbuf_chain              0x08010749    0x10  Code  Gb  pbuf.o [1]
pbuf_clen               0x0801070b    0x12  Code  Gb  pbuf.o [1]
pbuf_copy               0x08010759    0x8a  Code  Gb  pbuf.o [1]
pbuf_copy_partial       0x080107e3    0x60  Code  Gb  pbuf.o [1]
pbuf_free               0x080106c9    0x42  Code  Gb  pbuf.o [1]
pbuf_header             0x08010667    0x62  Code  Gb  pbuf.o [1]
pbuf_realloc            0x08010619    0x4e  Code  Gb  pbuf.o [1]
pbuf_ref                0x0801071d     0xa  Code  Gb  pbuf.o [1]
process_tftp_request    0x0800f91b    0xb6  Code  Gb  tftpserver.o [1]
ram                     0x20002640     0x4  Data  Lc  mem.o [1]
ram_end                 0x20002644     0x4  Data  Lc  mem.o [1]
ram_heap                0x2000264c  0x5014  Data  Lc  mem.o [1]
raw_input               0x08013e39    0x5c  Code  Gb  raw.o [1]
raw_pcbs                0x2000ef10     0x4  Data  Lc  raw.o [1]
reassdatagrams          0x2000eee8     0x4  Data  Lc  ip_frag.o [1]
recv_callback_tftp      0x0800f9d1    0x1a  Code  Gb  tftpserver.o [1]
recv_data               0x2000ee94     0x4  Data  Lc  tcp_in.o [1]
recv_flags              0x2000ee69     0x1  Data  Lc  tcp_in.o [1]
rrq_recv_callback       0x0800f72f    0x52  Code  Gb  tftpserver.o [1]
sd_Command              0x0801163d    0x42  Code  Gb  sd.o [1]
sd_Init                 0x080115db    0x62  Code  Gb  sd.o [1]
sd_Resp16b              0x0801169f    0x14  Code  Gb  sd.o [1]
sd_Resp8b               0x0801167f    0x18  Code  Gb  sd.o [1]
sd_State                0x080116b3    0x30  Code  Gb  sd.o [1]
sd_getDriveSize         0x08011795    0x88  Code  Gb  sd.o [1]
sd_readSector           0x0801172d    0x68  Code  Gb  sd.o [1]
sd_writeSector          0x080116e3    0x4a  Code  Gb  sd.o [1]
send_data               0x08010875    0x2a  Code  Lc  httpd.o [1]
seqno                   0x2000ee8c     0x4  Data  Lc  tcp_in.o [1]
server_init             0x08012c49    0x1e  Code  Gb  server.o [1]
sprintf                 0x0801432d    0x30  Code  Gb  sprintf.o [3]
strMatch                0x080140cd    0x1e  Code  Gb  plibc.o [1]
strchr                  0x08014611          Code  Gb  strchr.o [4]
strcmp                  0x080141a1          Code  Gb  strcmp.o [4]
strcpy                  0x0801415d          Code  Gb  strcpy.o [4]
strlen                  0x08014291          Code  Gb  strlen.o [4]
strncmp                 0x08014419    0x2a  Code  Gb  strncmp.o [3]
syslock_o               0x2000ee9c     0x4  Data  Lc  xsyslock.o [3]
tcp_abandon             0x0800bf35    0x8a  Code  Gb  tcp.o [1]
tcp_accept              0x0800c637     0x4  Code  Gb  tcp.o [1]
tcp_accept_null         0x0800c08b     0x6  Code  Lc  tcp.o [1]
tcp_active_pcbs         0x200025b4     0x4  Data  Gb  tcp.o [1]
tcp_alloc               0x0800c533    0xea  Code  Gb  tcp.o [1]
tcp_arg                 0x0800c621     0x4  Code  Gb  tcp.o [1]
tcp_backoff             0x080145e0    0x10  Data  Gb  tcp.o [1]
tcp_bind                0x0800bfbf    0xcc  Code  Gb  tcp.o [1]
tcp_bound_pcbs          0x200025ac     0x4  Data  Gb  tcp.o [1]
tcp_client_connected    0x080125b3    0x5c  Code  Gb  client.o [1]
tcp_close               0x0800bead    0x88  Code  Gb  tcp.o [1]
tcp_connect             0x0800c1c3    0xcc  Code  Gb  tcp.o [1]
tcp_eff_send_mss        0x0800c6f5    0x1e  Code  Gb  tcp.o [1]
tcp_enqueue             0x0800c7c5   0x304  Code  Gb  tcp_out.o [1]
tcp_err                 0x0800c631     0x6  Code  Gb  tcp.o [1]
tcp_fasttmr             0x0800c48d    0x48  Code  Gb  tcp.o [1]
tcp_input               0x0800a07d   0x2d2  Code  Gb  tcp_in.o [1]
tcp_input_pcb           0x2000ee98     0x4  Data  Gb  tcp_in.o [1]
tcp_keepalive           0x0800ce93    0x28  Code  Gb  tcp_out.o [1]
tcp_led_control         0x08012615    0x1e  Code  Gb  client.o [1]
tcp_listen_input        0x0800a35b    0xca  Code  Lc  tcp_in.o [1]
tcp_listen_pcbs         0x200025b0     0x4  Data  Gb  tcp.o [1]
tcp_listen_with_backlog
                        0x0800c091    0x7a  Code  Gb  tcp.o [1]
tcp_new                 0x0800c61d     0x4  Code  Gb  tcp.o [1]
tcp_new_port            0x0800c177    0x4c  Code  Lc  tcp.o [1]
tcp_next_iss            0x0800c6c9     0xc  Code  Gb  tcp.o [1]
tcp_output              0x0800cadb   0x1c6  Code  Gb  tcp_out.o [1]
tcp_output_segment      0x0800ccb5    0xaa  Code  Lc  tcp_out.o [1]
tcp_output_set_header   0x0800c715    0x68  Code  Lc  tcp_out.o [1]
tcp_parseopt            0x0800aacd    0x78  Code  Lc  tcp_in.o [1]
tcp_pcb_purge           0x0800c645    0x30  Code  Gb  tcp.o [1]
tcp_pcb_remove          0x0800c675    0x3e  Code  Gb  tcp.o [1]
tcp_persist_backoff     0x080145f0     0x8  Data  Gb  tcp.o [1]
tcp_poll                0x0800c63b     0xa  Code  Gb  tcp.o [1]
tcp_process             0x0800a445   0x2b6  Code  Lc  tcp_in.o [1]
tcp_receive             0x0800a711   0x38e  Code  Lc  tcp_in.o [1]
tcp_recv                0x0800c625     0x6  Code  Gb  tcp.o [1]
tcp_recv_null           0x0800c519    0x1a  Code  Lc  tcp.o [1]
tcp_recved              0x0800c13b    0x3c  Code  Gb  tcp.o [1]
tcp_rexmit              0x0800ce47    0x4c  Code  Gb  tcp_out.o [1]
tcp_rexmit_rto          0x0800ce17    0x30  Code  Gb  tcp_out.o [1]
tcp_rst                 0x0800cd75    0x98  Code  Gb  tcp_out.o [1]
tcp_seg_free            0x0800c4fb    0x1e  Code  Gb  tcp.o [1]
tcp_segs_free           0x0800c4e1    0x1a  Code  Gb  tcp.o [1]
tcp_send_ctrl           0x0800c77d    0x18  Code  Gb  tcp_out.o [1]
tcp_sent                0x0800c62b     0x6  Code  Gb  tcp.o [1]
tcp_server_accept       0x08012d19     0xe  Code  Gb  server.o [1]
tcp_server_recv         0x08012d3d    0x26  Code  Lc  server.o [1]
tcp_slowtmr             0x0800c28f   0x1f6  Code  Gb  tcp.o [1]
tcp_ticks               0x200025a8     0x4  Data  Gb  tcp.o [1]
tcp_timer               0x2000ef33     0x1  Data  Lc  tcp.o [1]
tcp_tmp_pcb             0x200025bc     0x4  Data  Gb  tcp.o [1]
tcp_tmr                 0x0800be91    0x1a  Code  Gb  tcp.o [1]
tcp_tw_pcbs             0x200025b8     0x4  Data  Gb  tcp.o [1]
tcp_update_rcv_ann_wnd  0x0800c113    0x28  Code  Gb  tcp.o [1]
tcp_write               0x0800c795    0x30  Code  Gb  tcp_out.o [1]
tcp_zero_window_probe   0x0800cebb    0x36  Code  Gb  tcp_out.o [1]
tcphdr                  0x2000ee84     0x4  Data  Lc  tcp_in.o [1]
tcplen                  0x2000ee80     0x2  Data  Lc  tcp_in.o [1]
tftp_cleanup_rd         0x0800f6a9    0x16  Code  Gb  tftpserver.o [1]
tftp_cleanup_wr         0x0800f6bf    0x14  Code  Gb  tftpserver.o [1]
tftp_construct_error_message
                        0x0800f5eb    0x2e  Code  Gb  tftpserver.o [1]
tftp_decode_op          0x08013f47     0x4  Code  Gb  tftputils.o [1]
tftp_errorcode_string   0x200025c4    0x20  Data  Gb  tftpserver.o [1]
tftp_extract_block      0x08013f4b     0x6  Code  Gb  tftputils.o [1]
tftp_extract_filename   0x08013f51     0x6  Code  Gb  tftputils.o [1]
tftp_is_correct_ack     0x08013f81    0x1a  Code  Gb  tftputils.o [1]
tftp_process_read       0x0800f781    0x74  Code  Gb  tftpserver.o [1]
tftp_process_write      0x0800f8a5    0x76  Code  Gb  tftpserver.o [1]
tftp_send_ack_packet    0x0800f67b    0x22  Code  Gb  tftpserver.o [1]
tftp_send_data_packet   0x0800f635    0x46  Code  Gb  tftpserver.o [1]
tftp_send_error_message
                        0x0800f619    0x1c  Code  Gb  tftpserver.o [1]
tftp_send_message       0x0800f5a5    0x46  Code  Gb  tftpserver.o [1]
tftp_send_next_block    0x0800f6f7    0x30  Code  Gb  tftpserver.o [1]
tftp_set_block          0x08013f6d     0xe  Code  Gb  tftputils.o [1]
tftp_set_data_message   0x08013f7b     0x6  Code  Gb  tftputils.o [1]
tftp_set_errorcode      0x08013f5f     0x8  Code  Gb  tftputils.o [1]
tftp_set_errormsg       0x08013f67     0x6  Code  Gb  tftputils.o [1]
tftp_set_opcode         0x08013f57     0x8  Code  Gb  tftputils.o [1]
tftpd_init              0x0800f9eb    0x22  Code  Gb  tftpserver.o [1]
timingdelay             0x2000eef0     0x4  Data  Gb  main.o [1]
udp_bind                0x0801040d    0x56  Code  Gb  udp.o [1]
udp_client_callback     0x08012541    0x72  Code  Gb  client.o [1]
udp_connect             0x08010463    0x46  Code  Gb  udp.o [1]
udp_disconnect          0x080104a9    0x14  Code  Gb  udp.o [1]
udp_input               0x080101ad   0x17a  Code  Gb  udp.o [1]
udp_new                 0x080104f5    0x1a  Code  Gb  udp.o [1]
udp_pcbs                0x2000ef14     0x4  Data  Gb  udp.o [1]
udp_recv                0x080104bd     0x6  Code  Gb  udp.o [1]
udp_remove              0x080104c3    0x28  Code  Gb  udp.o [1]
udp_send                0x08010327     0x4  Code  Gb  udp.o [1]
udp_sendto              0x0801032b    0x2a  Code  Gb  udp.o [1]
udp_sendto_if           0x08010355    0xb8  Code  Gb  udp.o [1]
udp_server_callback     0x08012c67    0xb2  Code  Gb  server.o [1]
update_arp_entry        0x0800d741    0x86  Code  Lc  etharp.o [1]
wrq_recv_callback       0x0800f7f5    0xa4  Code  Gb  tftpserver.o [1]


[1] = D:\SAV\STM32_Documents\lwip_st_STM32\STM32F107_ETH_LwIP_V1.0.0\Project\EWARMv5\STM3210C-EVAL\Obj
[2] = command line
[3] = dl7M_tl_if.a
[4] = rt7M_tl.a
[5] = shb_l.a

  46 334 bytes of readonly  code memory
  42 646 bytes of readonly  data memory
  61 236 bytes of readwrite data memory

Errors: 1
Warnings: none
