Component: ARM Compiler 5.06 (build 20) Tool: armlink [4d35a3]

==============================================================================

Section Cross References

    queue.o(i.prvCopyDataFromQueue) refers to memcpya.o(.text) for __aeabi_memcpy
    queue.o(i.prvCopyDataToQueue) refers to memcpya.o(.text) for __aeabi_memcpy
    queue.o(i.prvCopyDataToQueue) refers to tasks.o(i.xTaskPriorityDisinherit) for xTaskPriorityDisinherit
    queue.o(i.prvUnlockQueue) refers to port.o(i.vPortEnterCritical) for vPortEnterCritical
    queue.o(i.prvUnlockQueue) refers to tasks.o(i.xTaskRemoveFromEventList) for xTaskRemoveFromEventList
    queue.o(i.prvUnlockQueue) refers to tasks.o(i.vTaskMissedYield) for vTaskMissedYield
    queue.o(i.prvUnlockQueue) refers to port.o(i.vPortExitCritical) for vPortExitCritical
    queue.o(i.uxQueueMessagesWaiting) refers to port.o(i.vPortEnterCritical) for vPortEnterCritical
    queue.o(i.uxQueueMessagesWaiting) refers to port.o(i.vPortExitCritical) for vPortExitCritical
    queue.o(i.uxQueueSpacesAvailable) refers to port.o(i.vPortEnterCritical) for vPortEnterCritical
    queue.o(i.uxQueueSpacesAvailable) refers to port.o(i.vPortExitCritical) for vPortExitCritical
    queue.o(i.vQueueAddToRegistry) refers to queue.o(.bss) for .bss
    queue.o(i.vQueueDelete) refers to queue.o(i.vQueueUnregisterQueue) for vQueueUnregisterQueue
    queue.o(i.vQueueDelete) refers to heap_4.o(i.vPortFree) for vPortFree
    queue.o(i.vQueueUnregisterQueue) refers to queue.o(.bss) for .bss
    queue.o(i.xQueueCreateCountingSemaphore) refers to queue.o(i.xQueueGenericCreate) for xQueueGenericCreate
    queue.o(i.xQueueCreateMutex) refers to heap_4.o(i.pvPortMalloc) for pvPortMalloc
    queue.o(i.xQueueCreateMutex) refers to list.o(i.vListInitialise) for vListInitialise
    queue.o(i.xQueueCreateMutex) refers to queue.o(i.xQueueGenericSend) for xQueueGenericSend
    queue.o(i.xQueueGenericCreate) refers to heap_4.o(i.pvPortMalloc) for pvPortMalloc
    queue.o(i.xQueueGenericCreate) refers to queue.o(i.xQueueGenericReset) for xQueueGenericReset
    queue.o(i.xQueueGenericReceive) refers to tasks.o(i.xTaskGetSchedulerState) for xTaskGetSchedulerState
    queue.o(i.xQueueGenericReceive) refers to port.o(i.vPortEnterCritical) for vPortEnterCritical
    queue.o(i.xQueueGenericReceive) refers to queue.o(i.prvCopyDataFromQueue) for prvCopyDataFromQueue
    queue.o(i.xQueueGenericReceive) refers to tasks.o(i.xTaskRemoveFromEventList) for xTaskRemoveFromEventList
    queue.o(i.xQueueGenericReceive) refers to port.o(i.vPortExitCritical) for vPortExitCritical
    queue.o(i.xQueueGenericReceive) refers to tasks.o(i.pvTaskIncrementMutexHeldCount) for pvTaskIncrementMutexHeldCount
    queue.o(i.xQueueGenericReceive) refers to tasks.o(i.vTaskSetTimeOutState) for vTaskSetTimeOutState
    queue.o(i.xQueueGenericReceive) refers to tasks.o(i.vTaskSuspendAll) for vTaskSuspendAll
    queue.o(i.xQueueGenericReceive) refers to tasks.o(i.xTaskCheckForTimeOut) for xTaskCheckForTimeOut
    queue.o(i.xQueueGenericReceive) refers to queue.o(i.prvUnlockQueue) for prvUnlockQueue
    queue.o(i.xQueueGenericReceive) refers to tasks.o(i.xTaskResumeAll) for xTaskResumeAll
    queue.o(i.xQueueGenericReceive) refers to tasks.o(i.vTaskPriorityInherit) for vTaskPriorityInherit
    queue.o(i.xQueueGenericReceive) refers to tasks.o(i.vTaskPlaceOnEventList) for vTaskPlaceOnEventList
    queue.o(i.xQueueGenericReset) refers to port.o(i.vPortEnterCritical) for vPortEnterCritical
    queue.o(i.xQueueGenericReset) refers to list.o(i.vListInitialise) for vListInitialise
    queue.o(i.xQueueGenericReset) refers to port.o(i.vPortExitCritical) for vPortExitCritical
    queue.o(i.xQueueGenericReset) refers to tasks.o(i.xTaskRemoveFromEventList) for xTaskRemoveFromEventList
    queue.o(i.xQueueGenericSend) refers to tasks.o(i.xTaskGetSchedulerState) for xTaskGetSchedulerState
    queue.o(i.xQueueGenericSend) refers to port.o(i.vPortEnterCritical) for vPortEnterCritical
    queue.o(i.xQueueGenericSend) refers to queue.o(i.prvCopyDataToQueue) for prvCopyDataToQueue
    queue.o(i.xQueueGenericSend) refers to tasks.o(i.xTaskRemoveFromEventList) for xTaskRemoveFromEventList
    queue.o(i.xQueueGenericSend) refers to port.o(i.vPortExitCritical) for vPortExitCritical
    queue.o(i.xQueueGenericSend) refers to tasks.o(i.vTaskSetTimeOutState) for vTaskSetTimeOutState
    queue.o(i.xQueueGenericSend) refers to tasks.o(i.vTaskSuspendAll) for vTaskSuspendAll
    queue.o(i.xQueueGenericSend) refers to tasks.o(i.xTaskCheckForTimeOut) for xTaskCheckForTimeOut
    queue.o(i.xQueueGenericSend) refers to queue.o(i.prvUnlockQueue) for prvUnlockQueue
    queue.o(i.xQueueGenericSend) refers to tasks.o(i.xTaskResumeAll) for xTaskResumeAll
    queue.o(i.xQueueGenericSend) refers to tasks.o(i.vTaskPlaceOnEventList) for vTaskPlaceOnEventList
    queue.o(i.xQueueGenericSendFromISR) refers to port.o(i.vPortValidateInterruptPriority) for vPortValidateInterruptPriority
[...]
    _memset$wrapper                          0x080002f3   Thumb Code    18  memseta.o(.text)
    strcat                                   0x08000305   Thumb Code    24  strcat.o(.text)
    strlen                                   0x0800031d   Thumb Code    14  strlen.o(.text)
    strcmp                                   0x0800032b   Thumb Code    28  strcmp.o(.text)
    memcmp                                   0x08000347   Thumb Code    26  memcmp.o(.text)
    strcpy                                   0x08000361   Thumb Code    18  strcpy.o(.text)
    strncmp                                  0x08000373   Thumb Code    30  strncmp.o(.text)
    __aeabi_uidiv                            0x08000391   Thumb Code     0  uidiv.o(.text)
    __aeabi_uidivmod                         0x08000391   Thumb Code    44  uidiv.o(.text)
    __scatterload                            0x080003bd   Thumb Code    28  init.o(.text)
    __scatterload_rt2                        0x080003bd   Thumb Code     0  init.o(.text)
    __decompress                             0x080003e1   Thumb Code     0  __dczerorl2.o(.text)
    __decompress1                            0x080003e1   Thumb Code    86  __dczerorl2.o(.text)
    BSP_LCD_Clear                            0x080004dd   Thumb Code    48  stm32746g_discovery_lcd.o(i.BSP_LCD_Clear)
    BSP_LCD_ClockConfig                      0x08000515   Thumb Code    26  stm32746g_discovery_lcd.o(i.BSP_LCD_ClockConfig)
    BSP_LCD_DisplayChar                      0x08000535   Thumb Code    44  stm32746g_discovery_lcd.o(i.BSP_LCD_DisplayChar)
    BSP_LCD_DisplayStringAt                  0x08000569   Thumb Code   192  stm32746g_discovery_lcd.o(i.BSP_LCD_DisplayStringAt)
    BSP_LCD_DisplayStringAtLine              0x08000631   Thumb Code    28  stm32746g_discovery_lcd.o(i.BSP_LCD_DisplayStringAtLine)
    BSP_LCD_DrawPixel                        0x0800064d   Thumb Code    90  stm32746g_discovery_lcd.o(i.BSP_LCD_DrawPixel)
    BSP_LCD_FillRect                         0x080006b1   Thumb Code   148  stm32746g_discovery_lcd.o(i.BSP_LCD_FillRect)
    BSP_LCD_GetFont                          0x0800074d   Thumb Code    18  stm32746g_discovery_lcd.o(i.BSP_LCD_GetFont)
    BSP_LCD_GetXSize                         0x08000769   Thumb Code    22  stm32746g_discovery_lcd.o(i.BSP_LCD_GetXSize)
    BSP_LCD_GetYSize                         0x08000789   Thumb Code    22  stm32746g_discovery_lcd.o(i.BSP_LCD_GetYSize)
    BSP_LCD_Init                             0x080007a9   Thumb Code   142  stm32746g_discovery_lcd.o(i.BSP_LCD_Init)
    BSP_LCD_LayerDefaultInit                 0x0800084d   Thumb Code   112  stm32746g_discovery_lcd.o(i.BSP_LCD_LayerDefaultInit)
    BSP_LCD_MspInit                          0x080008c5   Thumb Code   286  stm32746g_discovery_lcd.o(i.BSP_LCD_MspInit)
    BSP_LCD_SelectLayer                      0x080009fd   Thumb Code     6  stm32746g_discovery_lcd.o(i.BSP_LCD_SelectLayer)
    BSP_LCD_SetBackColor                     0x08000a09   Thumb Code    18  stm32746g_discovery_lcd.o(i.BSP_LCD_SetBackColor)
    BSP_LCD_SetFont                          0x08000a25   Thumb Code    18  stm32746g_discovery_lcd.o(i.BSP_LCD_SetFont)
    BSP_LCD_SetTextColor                     0x08000a41   Thumb Code    16  stm32746g_discovery_lcd.o(i.BSP_LCD_SetTextColor)
    BSP_SDRAM_Init                           0x08000a59   Thumb Code   108  stm32746g_discovery_sdram.o(i.BSP_SDRAM_Init)
    BSP_SDRAM_Initialization_sequence        0x08000ad1   Thumb Code   134  stm32746g_discovery_sdram.o(i.BSP_SDRAM_Initialization_sequence)
    BSP_SDRAM_MspInit                        0x08000b5d   Thumb Code   322  stm32746g_discovery_sdram.o(i.BSP_SDRAM_MspInit)
    BusFault_Handler                         0x08000cc5   Thumb Code     2  stm32f7xx_it.o(i.BusFault_Handler)
    DHCP_thread                              0x08000d59   Thumb Code   198  app_ethernet.o(i.DHCP_thread)
    DebugMon_Handler                         0x08000f79   Thumb Code     2  stm32f7xx_it.o(i.DebugMon_Handler)
    DynWebPage                               0x0800102d   Thumb Code   142  httpserver-netconn.o(i.DynWebPage)
    ETHERNET_IRQHandler                      0x080011a9   Thumb Code     6  ethernetif.o(i.ETHERNET_IRQHandler)
    ETH_IRQHandler                           0x080011e3   Thumb Code     4  stm32f7xx_it.o(i.ETH_IRQHandler)
    FMC_SDRAM_Init                           0x0800130d   Thumb Code    94  stm32f7xx_ll_fmc.o(i.FMC_SDRAM_Init)
    FMC_SDRAM_ProgramRefreshRate             0x0800136b   Thumb Code    12  stm32f7xx_ll_fmc.o(i.FMC_SDRAM_ProgramRefreshRate)
    FMC_SDRAM_SendCommand                    0x08001377   Thumb Code    72  stm32f7xx_ll_fmc.o(i.FMC_SDRAM_SendCommand)
    FMC_SDRAM_Timing_Init                    0x080013bf   Thumb Code   130  stm32f7xx_ll_fmc.o(i.FMC_SDRAM_Timing_Init)
    HAL_DMA2D_ConfigLayer                    0x08001441   Thumb Code   218  stm32f7xx_hal_dma2d.o(i.HAL_DMA2D_ConfigLayer)
    HAL_DMA2D_Init                           0x08001521   Thumb Code    90  stm32f7xx_hal_dma2d.o(i.HAL_DMA2D_Init)
    HAL_DMA2D_MspInit                        0x0800157b   Thumb Code     2  stm32f7xx_hal_dma2d.o(i.HAL_DMA2D_MspInit)
    HAL_DMA2D_PollForTransfer                0x0800157d   Thumb Code   220  stm32f7xx_hal_dma2d.o(i.HAL_DMA2D_PollForTransfer)
    HAL_DMA2D_Start                          0x08001659   Thumb Code    62  stm32f7xx_hal_dma2d.o(i.HAL_DMA2D_Start)
    HAL_DMA_DeInit                           0x08001697   Thumb Code    86  stm32f7xx_hal_dma.o(i.HAL_DMA_DeInit)
    HAL_DMA_Init                             0x080016ed   Thumb Code   134  stm32f7xx_hal_dma.o(i.HAL_DMA_Init)
    HAL_Delay                                0x08001779   Thumb Code    38  tm_stm32_delay.o(i.HAL_Delay)
    HAL_ETH_DMARxDescListInit                0x080017a5   Thumb Code   116  stm32f7xx_hal_eth.o(i.HAL_ETH_DMARxDescListInit)
    HAL_ETH_DMATxDescListInit                0x08001819   Thumb Code   132  stm32f7xx_hal_eth.o(i.HAL_ETH_DMATxDescListInit)
    HAL_ETH_ErrorCallback                    0x0800189d   Thumb Code     2  stm32f7xx_hal_eth.o(i.HAL_ETH_ErrorCallback)
    HAL_ETH_GetReceivedFrame_IT              0x0800189f   Thumb Code   140  stm32f7xx_hal_eth.o(i.HAL_ETH_GetReceivedFrame_IT)
    HAL_ETH_IRQHandler                       0x0800192b   Thumb Code   118  stm32f7xx_hal_eth.o(i.HAL_ETH_IRQHandler)
    HAL_ETH_Init                             0x080019a1   Thumb Code   422  stm32f7xx_hal_eth.o(i.HAL_ETH_Init)
    HAL_ETH_MspInit                          0x08001b71   Thumb Code   170  ethernetif.o(i.HAL_ETH_MspInit)
    HAL_ETH_ReadPHYRegister                  0x08001c2d   Thumb Code   134  stm32f7xx_hal_eth.o(i.HAL_ETH_ReadPHYRegister)
    HAL_ETH_RxCpltCallback                   0x08001cb5   Thumb Code     8  ethernetif.o(i.HAL_ETH_RxCpltCallback)
    HAL_ETH_Start                            0x08001cc1   Thumb Code   132  stm32f7xx_hal_eth.o(i.HAL_ETH_Start)
    HAL_ETH_TransmitFrame                    0x08001d45   Thumb Code   274  stm32f7xx_hal_eth.o(i.HAL_ETH_TransmitFrame)
    HAL_ETH_TxCpltCallback                   0x08001e57   Thumb Code     2  stm32f7xx_hal_eth.o(i.HAL_ETH_TxCpltCallback)
    HAL_ETH_WritePHYRegister                 0x08001e59   Thumb Code   122  stm32f7xx_hal_eth.o(i.HAL_ETH_WritePHYRegister)
    HAL_GPIO_Init                            0x08001ed5   Thumb Code   418  stm32f7xx_hal_gpio.o(i.HAL_GPIO_Init)
    HAL_GPIO_WritePin                        0x080020ad   Thumb Code    10  stm32f7xx_hal_gpio.o(i.HAL_GPIO_WritePin)
    HAL_GetTick                              0x080020b9   Thumb Code     6  tm_stm32_delay.o(i.HAL_GetTick)
    HAL_IncTick                              0x080020c5   Thumb Code    96  tm_stm32_delay.o(i.HAL_IncTick)
    HAL_Init                                 0x0800212d   Thumb Code    32  stm32f7xx_hal.o(i.HAL_Init)
    HAL_InitTick                             0x08002151   Thumb Code    34  stm32f7xx_hal.o(i.HAL_InitTick)
    HAL_LTDC_ConfigLayer                     0x08002173   Thumb Code    82  stm32f7xx_hal_ltdc.o(i.HAL_LTDC_ConfigLayer)
    HAL_LTDC_GetState                        0x080021c5   Thumb Code     6  stm32f7xx_hal_ltdc.o(i.HAL_LTDC_GetState)
    HAL_LTDC_Init                            0x080021cd   Thumb Code   252  stm32f7xx_hal_ltdc.o(i.HAL_LTDC_Init)
    HAL_LTDC_MspInit                         0x080022cd   Thumb Code     2  stm32f7xx_hal_ltdc.o(i.HAL_LTDC_MspInit)
    HAL_MPU_ConfigRegion                     0x080022d1   Thumb Code    86  stm32f7xx_hal_cortex.o(i.HAL_MPU_ConfigRegion)
    HAL_MspInit                              0x0800232d   Thumb Code     2  stm32f7xx_hal.o(i.HAL_MspInit)
    HAL_NVIC_EnableIRQ                       0x0800232f   Thumb Code    22  stm32f7xx_hal_cortex.o(i.HAL_NVIC_EnableIRQ)
    HAL_NVIC_SetPriority                     0x08002345   Thumb Code    60  stm32f7xx_hal_cortex.o(i.HAL_NVIC_SetPriority)
    HAL_NVIC_SetPriorityGrouping             0x08002385   Thumb Code    28  stm32f7xx_hal_cortex.o(i.HAL_NVIC_SetPriorityGrouping)
    HAL_PWREx_EnableOverDrive                0x080023a9   Thumb Code   100  stm32f7xx_hal_pwr_ex.o(i.HAL_PWREx_EnableOverDrive)
    HAL_RCCEx_PeriphCLKConfig                0x08002415   Thumb Code  1416  stm32f7xx_hal_rcc_ex.o(i.HAL_RCCEx_PeriphCLKConfig)
    HAL_RCC_ClockConfig                      0x080029a1   Thumb Code   450  stm32f7xx_hal_rcc.o(i.HAL_RCC_ClockConfig)
    HAL_RCC_GetHCLKFreq                      0x08002b6d   Thumb Code    38  stm32f7xx_hal_rcc.o(i.HAL_RCC_GetHCLKFreq)
    HAL_RCC_GetSysClockFreq                  0x08002ba1   Thumb Code   120  stm32f7xx_hal_rcc.o(i.HAL_RCC_GetSysClockFreq)
    HAL_RCC_OscConfig                        0x08002c25   Thumb Code   922  stm32f7xx_hal_rcc.o(i.HAL_RCC_OscConfig)
    HAL_SDRAM_Init                           0x08002fc9   Thumb Code    66  stm32f7xx_hal_sdram.o(i.HAL_SDRAM_Init)
    HAL_SDRAM_MspInit                        0x0800300b   Thumb Code     2  stm32f7xx_hal_sdram.o(i.HAL_SDRAM_MspInit)
    HAL_SDRAM_ProgramRefreshRate             0x0800300d   Thumb Code    34  stm32f7xx_hal_sdram.o(i.HAL_SDRAM_ProgramRefreshRate)
    HAL_SDRAM_SendCommand                    0x08003031   Thumb Code    48  stm32f7xx_hal_sdram.o(i.HAL_SDRAM_SendCommand)
    HAL_SYSTICK_Config                       0x08003061   Thumb Code    38  stm32f7xx_hal_cortex.o(i.HAL_SYSTICK_Config)
    HardFault_Handler                        0x08003087   Thumb Code     2  stm32f7xx_it.o(i.HardFault_Handler)
    LCD_LOG_DeInit                           0x08003089   Thumb Code    32  lcd_log.o(i.LCD_LOG_DeInit)
    LCD_LOG_Init                             0x080030b1   Thumb Code    18  lcd_log.o(i.LCD_LOG_Init)
    LCD_LOG_SetFooter                        0x080030c5   Thumb Code   112  lcd_log.o(i.LCD_LOG_SetFooter)
    LCD_LOG_SetHeader                        0x0800313d   Thumb Code    94  lcd_log.o(i.LCD_LOG_SetHeader)
    LCD_LOG_UpdateDisplay                    0x080031a9   Thumb Code   124  lcd_log.o(i.LCD_LOG_UpdateDisplay)
    MemManage_Handler                        0x080034e9   Thumb Code     2  stm32f7xx_it.o(i.MemManage_Handler)
    NMI_Handler                              0x080034eb   Thumb Code     2  stm32f7xx_it.o(i.NMI_Handler)
    SysTick_Handler                          0x080036fd   Thumb Code    14  stm32f7xx_it.o(i.SysTick_Handler)
    SystemInit                               0x0800370d   Thumb Code    68  system_stm32f7xx.o(i.SystemInit)
    TM_DELAY_1msHandler                      0x08003761   Thumb Code     2  tm_stm32_delay.o(i.TM_DELAY_1msHandler)
    UsageFault_Handler                       0x08003763   Thumb Code     2  stm32f7xx_it.o(i.UsageFault_Handler)
    User_notification                        0x08003765   Thumb Code    32  app_ethernet.o(i.User_notification)
    __0printf$3                              0x080037b9   Thumb Code    22  printf3.o(i.__0printf$3)
    __1printf$3                              0x080037b9   Thumb Code     0  printf3.o(i.__0printf$3)
    __2printf                                0x080037b9   Thumb Code     0  printf3.o(i.__0printf$3)
    __0sprintf$3                             0x080037d9   Thumb Code    34  printf3.o(i.__0sprintf$3)
    __1sprintf$3                             0x080037d9   Thumb Code     0  printf3.o(i.__0sprintf$3)
    __2sprintf                               0x080037d9   Thumb Code     0  printf3.o(i.__0sprintf$3)
    __scatterload_copy                       0x08003801   Thumb Code    14  handlers.o(i.__scatterload_copy)
    __scatterload_null                       0x0800380f   Thumb Code     2  handlers.o(i.__scatterload_null)
    __scatterload_zeroinit                   0x08003811   Thumb Code    14  handlers.o(i.__scatterload_zeroinit)
    dhcp_arp_reply                           0x08003a9d   Thumb Code    30  dhcp.o(i.dhcp_arp_reply)
    dhcp_coarse_tmr                          0x08003ba5   Thumb Code    90  dhcp.o(i.dhcp_coarse_tmr)
    dhcp_fine_tmr                            0x08003e75   Thumb Code    46  dhcp.o(i.dhcp_fine_tmr)
    dhcp_release                             0x08004409   Thumb Code   160  dhcp.o(i.dhcp_release)
    dhcp_renew                               0x080044ad   Thumb Code   132  dhcp.o(i.dhcp_renew)
    dhcp_start                               0x08004629   Thumb Code   156  dhcp.o(i.dhcp_start)
    dhcp_stop                                0x080046cd   Thumb Code    50  dhcp.o(i.dhcp_stop)
    do_bind                                  0x080047c1   Thumb Code    92  api_msg.o(i.do_bind)
    do_close                                 0x0800481d   Thumb Code    84  api_msg.o(i.do_close)
    do_delconn                               0x0800495d   Thumb Code   148  api_msg.o(i.do_delconn)
    do_listen                                0x080049f1   Thumb Code   172  api_msg.o(i.do_listen)
    do_newconn                               0x08004aa1   Thumb Code    32  api_msg.o(i.do_newconn)
    do_recv                                  0x08004ac1   Thumb Code    66  api_msg.o(i.do_recv)
    do_write                                 0x08004b03   Thumb Code    66  api_msg.o(i.do_write)
    etharp_cleanup_netif                     0x08004da5   Thumb Code    42  etharp.o(i.etharp_cleanup_netif)
    etharp_output                            0x08004eed   Thumb Code   242  etharp.o(i.etharp_output)
    etharp_query                             0x08005031   Thumb Code   228  etharp.o(i.etharp_query)
    etharp_request                           0x080051c5   Thumb Code    32  etharp.o(i.etharp_request)
    etharp_tmr                               0x08005209   Thumb Code    68  etharp.o(i.etharp_tmr)
    ethernet_input                           0x080052cd   Thumb Code   138  etharp.o(i.ethernet_input)
    ethernetif_init                          0x0800535d   Thumb Code    30  ethernetif.o(i.ethernetif_init)
    fputc                                    0x080053b5   Thumb Code   258  lcd_log.o(i.fputc)
    fs_close                                 0x080054c1   Thumb Code     4  fs.o(i.fs_close)
    fs_open                                  0x080054f1   Thumb Code   100  fs.o(i.fs_open)
    http_server_netconn_init                 0x0800555d   Thumb Code    22  httpserver-netconn.o(i.http_server_netconn_init)
    http_server_serve                        0x080055c1   Thumb Code   144  httpserver-netconn.o(i.http_server_serve)
    icmp_dest_unreach                        0x08005689   Thumb Code     8  icmp.o(i.icmp_dest_unreach)
    icmp_input                               0x08005691   Thumb Code   242  icmp.o(i.icmp_input)
    inet_chksum                              0x080057ff   Thumb Code    12  inet_chksum.o(i.inet_chksum)
    inet_chksum_pbuf                         0x0800580b   Thumb Code    72  inet_chksum.o(i.inet_chksum_pbuf)
    ip4_addr_isbroadcast                     0x08005853   Thumb Code    46  ip_addr.o(i.ip4_addr_isbroadcast)
    ip_input                                 0x08005881   Thumb Code   348  ip.o(i.ip_input)
    ip_output                                0x080059e5   Thumb Code    52  ip.o(i.ip_output)
    ip_output_if                             0x08005a19   Thumb Code   138  ip.o(i.ip_output_if)
    ip_route                                 0x08005aa9   Thumb Code    54  ip.o(i.ip_route)
    lwip_htonl                               0x08005d41   Thumb Code     4  def.o(i.lwip_htonl)
    lwip_htons                               0x08005d45   Thumb Code     4  def.o(i.lwip_htons)
    lwip_init                                0x08005d49   Thumb Code    34  init.o(i.lwip_init)
    lwip_ntohl                               0x08005d6b   Thumb Code     4  def.o(i.lwip_ntohl)
    lwip_ntohs                               0x08005d6f   Thumb Code     4  def.o(i.lwip_ntohs)
    main                                     0x08005dd1   Thumb Code   126  main.o(i.main)
    mem_free                                 0x08005e65   Thumb Code    64  mem.o(i.mem_free)
    mem_init                                 0x08005ea9   Thumb Code    52  mem.o(i.mem_init)
    mem_malloc                               0x08005ee5   Thumb Code   208  mem.o(i.mem_malloc)
    mem_trim                                 0x08005fb9   Thumb Code   224  mem.o(i.mem_trim)
    memp_free                                0x0800609d   Thumb Code    18  memp.o(i.memp_free)
    memp_init                                0x080060b5   Thumb Code    78  memp.o(i.memp_init)
    memp_malloc                              0x0800610d   Thumb Code    28  memp.o(i.memp_malloc)
    netbuf_data                              0x0800612d   Thumb Code    38  netbuf.o(i.netbuf_data)
    netbuf_delete                            0x08006153   Thumb Code    34  netbuf.o(i.netbuf_delete)
    netconn_accept                           0x08006175   Thumb Code    92  api_lib.o(i.netconn_accept)
    netconn_alloc                            0x080061d1   Thumb Code   116  api_msg.o(i.netconn_alloc)
    netconn_bind                             0x08006245   Thumb Code    48  api_lib.o(i.netconn_bind)
    netconn_close                            0x08006279   Thumb Code     6  api_lib.o(i.netconn_close)
    netconn_delete                           0x080062b5   Thumb Code    32  api_lib.o(i.netconn_delete)
    netconn_free                             0x08006369   Thumb Code    46  api_msg.o(i.netconn_free)
    netconn_listen_with_backlog              0x08006399   Thumb Code    42  api_lib.o(i.netconn_listen_with_backlog)
    netconn_new_with_proto_and_callback      0x080063c9   Thumb Code    92  api_lib.o(i.netconn_new_with_proto_and_callback)
    netconn_recv                             0x08006429   Thumb Code   126  api_lib.o(i.netconn_recv)
    netconn_write_partly                     0x08006555   Thumb Code   110  api_lib.o(i.netconn_write_partly)
    netif_add                                0x080065c9   Thumb Code    74  netif.o(i.netif_add)
    netif_init                               0x08006619   Thumb Code     2  netif.o(i.netif_init)
    netif_set_addr                           0x0800661b   Thumb Code    32  netif.o(i.netif_set_addr)
    netif_set_default                        0x0800663d   Thumb Code     6  netif.o(i.netif_set_default)
    netif_set_down                           0x08006649   Thumb Code    26  netif.o(i.netif_set_down)
    netif_set_gw                             0x08006663   Thumb Code     8  netif.o(i.netif_set_gw)
    netif_set_ipaddr                         0x0800666d   Thumb Code    96  netif.o(i.netif_set_ipaddr)
    netif_set_netmask                        0x080066d5   Thumb Code     8  netif.o(i.netif_set_netmask)
    netif_set_up                             0x080066dd   Thumb Code    32  netif.o(i.netif_set_up)
    osDelay                                  0x080066fd   Thumb Code    14  cmsis_os.o(i.osDelay)
    osKernelStart                            0x0800670b   Thumb Code    10  cmsis_os.o(i.osKernelStart)
    osSemaphoreCreate                        0x08006715   Thumb Code    46  cmsis_os.o(i.osSemaphoreCreate)
    osSemaphoreRelease                       0x08006745   Thumb Code    74  cmsis_os.o(i.osSemaphoreRelease)
    osSemaphoreWait                          0x08006795   Thumb Code   102  cmsis_os.o(i.osSemaphoreWait)
    osSystickHandler                         0x08006801   Thumb Code    20  cmsis_os.o(i.osSystickHandler)
    osThreadCreate                           0x08006815   Thumb Code    56  cmsis_os.o(i.osThreadCreate)
    osThreadList                             0x0800684d   Thumb Code    10  cmsis_os.o(i.osThreadList)
    osThreadTerminate                        0x08006857   Thumb Code    10  cmsis_os.o(i.osThreadTerminate)
    pbuf_alloc                               0x08006861   Thumb Code   276  pbuf.o(i.pbuf_alloc)
    pbuf_cat                                 0x08006975   Thumb Code    40  pbuf.o(i.pbuf_cat)
    pbuf_chain                               0x0800699d   Thumb Code    18  pbuf.o(i.pbuf_chain)
    pbuf_clen                                0x080069af   Thumb Code    18  pbuf.o(i.pbuf_clen)
    pbuf_copy                                0x080069c1   Thumb Code   154  pbuf.o(i.pbuf_copy)
    pbuf_copy_partial                        0x08006a5b   Thumb Code   102  pbuf.o(i.pbuf_copy_partial)
    pbuf_free                                0x08006ac1   Thumb Code    70  pbuf.o(i.pbuf_free)
    pbuf_header                              0x08006b07   Thumb Code    96  pbuf.o(i.pbuf_header)
    pbuf_realloc                             0x08006b67   Thumb Code    78  pbuf.o(i.pbuf_realloc)
    pbuf_ref                                 0x08006bb5   Thumb Code    12  pbuf.o(i.pbuf_ref)
    pvPortMalloc                             0x08007005   Thumb Code   222  heap_4.o(i.pvPortMalloc)
    pvTaskIncrementMutexHeldCount            0x080070e9   Thumb Code    18  tasks.o(i.pvTaskIncrementMutexHeldCount)
    pxPortInitialiseStack                    0x08007101   Thumb Code    36  port.o(i.pxPortInitialiseStack)
    raw_bind                                 0x08007129   Thumb Code    10  raw.o(i.raw_bind)
    raw_input                                0x08007135   Thumb Code   106  raw.o(i.raw_input)
    raw_new                                  0x080071ad   Thumb Code    38  raw.o(i.raw_new)
    raw_recv                                 0x080071d9   Thumb Code     6  raw.o(i.raw_recv)
    raw_remove                               0x080071e1   Thumb Code    40  raw.o(i.raw_remove)
    sys_arch_mbox_fetch                      0x080073f1   Thumb Code    80  sys_arch.o(i.sys_arch_mbox_fetch)
    sys_arch_mbox_tryfetch                   0x08007441   Thumb Code    30  sys_arch.o(i.sys_arch_mbox_tryfetch)
    sys_arch_sem_wait                        0x0800745f   Thumb Code    66  sys_arch.o(i.sys_arch_sem_wait)
    sys_init                                 0x080074a1   Thumb Code     8  sys_arch.o(i.sys_init)
    sys_mbox_free                            0x080074ad   Thumb Code    20  sys_arch.o(i.sys_mbox_free)
    sys_mbox_new                             0x080074c1   Thumb Code    28  sys_arch.o(i.sys_mbox_new)
    sys_mbox_post                            0x080074dd   Thumb Code    26  sys_arch.o(i.sys_mbox_post)
    sys_mbox_set_invalid                     0x080074f7   Thumb Code     6  sys_arch.o(i.sys_mbox_set_invalid)
    sys_mbox_trypost                         0x080074fd   Thumb Code    28  sys_arch.o(i.sys_mbox_trypost)
    sys_mbox_valid                           0x08007519   Thumb Code    10  sys_arch.o(i.sys_mbox_valid)
    sys_sem_free                             0x08007523   Thumb Code     6  sys_arch.o(i.sys_sem_free)
    sys_sem_new                              0x08007529   Thumb Code    58  sys_arch.o(i.sys_sem_new)
    sys_sem_set_invalid                      0x08007563   Thumb Code     6  sys_arch.o(i.sys_sem_set_invalid)
    sys_sem_signal                           0x08007569   Thumb Code    12  sys_arch.o(i.sys_sem_signal)
    sys_sem_valid                            0x08007575   Thumb Code    10  sys_arch.o(i.sys_sem_valid)
    sys_thread_new                           0x08007581   Thumb Code    56  sys_arch.o(i.sys_thread_new)
    sys_timeout                              0x080075bd   Thumb Code    88  lwip_timers.o(i.sys_timeout)
    sys_timeouts_init                        0x08007619   Thumb Code    42  lwip_timers.o(i.sys_timeouts_init)
    sys_timeouts_mbox_fetch                  0x08007651   Thumb Code    92  lwip_timers.o(i.sys_timeouts_mbox_fetch)
    sys_untimeout                            0x080076b1   Thumb Code    68  lwip_timers.o(i.sys_untimeout)
    tcp_abandon                              0x080076f9   Thumb Code   136  tcp.o(i.tcp_abandon)
    tcp_abort                                0x08007785   Thumb Code     6  tcp.o(i.tcp_abort)
    tcp_accept                               0x0800778b   Thumb Code     4  tcp.o(i.tcp_accept)
    tcp_alloc                                0x08007795   Thumb Code   236  tcp.o(i.tcp_alloc)
    tcp_arg                                  0x0800788d   Thumb Code     4  tcp.o(i.tcp_arg)
    tcp_bind                                 0x08007891   Thumb Code   122  tcp.o(i.tcp_bind)
    tcp_close                                0x08007915   Thumb Code    20  tcp.o(i.tcp_close)
    tcp_eff_send_mss                         0x08007af5   Thumb Code    32  tcp.o(i.tcp_eff_send_mss)
    tcp_enqueue_flags                        0x08007b15   Thumb Code   172  tcp_out.o(i.tcp_enqueue_flags)
    tcp_err                                  0x08007bc1   Thumb Code     6  tcp.o(i.tcp_err)
    tcp_fasttmr                              0x08007bc9   Thumb Code    90  tcp.o(i.tcp_fasttmr)
    tcp_init                                 0x08007c29   Thumb Code     2  tcp.o(i.tcp_init)
    tcp_input                                0x08007c2d   Thumb Code   754  tcp_in.o(i.tcp_input)
    tcp_keepalive                            0x08007f3d   Thumb Code    60  tcp_out.o(i.tcp_keepalive)
    tcp_listen_with_backlog                  0x0800805d   Thumb Code   126  tcp.o(i.tcp_listen_with_backlog)
    tcp_new                                  0x080080e5   Thumb Code     6  tcp.o(i.tcp_new)
    tcp_next_iss                             0x08008149   Thumb Code    12  tcp.o(i.tcp_next_iss)
    tcp_output                               0x08008159   Thumb Code   396  tcp_out.o(i.tcp_output)
    tcp_pcb_purge                            0x080084d7   Thumb Code    58  tcp.o(i.tcp_pcb_purge)
    tcp_pcb_remove                           0x08008511   Thumb Code    82  tcp.o(i.tcp_pcb_remove)
    tcp_poll                                 0x08008569   Thumb Code    10  tcp.o(i.tcp_poll)
    tcp_process_refused_data                 0x080088b1   Thumb Code   102  tcp.o(i.tcp_process_refused_data)
    tcp_recv                                 0x08008d39   Thumb Code     4  tcp.o(i.tcp_recv)
    tcp_recv_null                            0x08008d3d   Thumb Code    36  tcp.o(i.tcp_recv_null)
    tcp_recved                               0x08008d61   Thumb Code    56  tcp.o(i.tcp_recved)
    tcp_rexmit                               0x08008d99   Thumb Code    82  tcp_out.o(i.tcp_rexmit)
    tcp_rexmit_fast                          0x08008deb   Thumb Code    88  tcp_out.o(i.tcp_rexmit_fast)
    tcp_rexmit_rto                           0x08008e43   Thumb Code    44  tcp_out.o(i.tcp_rexmit_rto)
    tcp_rst                                  0x08008e6f   Thumb Code   120  tcp_out.o(i.tcp_rst)
    tcp_seg_free                             0x08008ee7   Thumb Code    28  tcp.o(i.tcp_seg_free)
    tcp_segs_free                            0x08008f03   Thumb Code    18  tcp.o(i.tcp_segs_free)
    tcp_send_empty_ack                       0x08008f15   Thumb Code    72  tcp_out.o(i.tcp_send_empty_ack)
    tcp_send_fin                             0x08008f5d   Thumb Code    68  tcp_out.o(i.tcp_send_fin)
    tcp_sent                                 0x08008fa1   Thumb Code     4  tcp.o(i.tcp_sent)
    tcp_shutdown                             0x08008fa5   Thumb Code    78  tcp.o(i.tcp_shutdown)
    tcp_slowtmr                              0x08008ff5   Thumb Code   592  tcp.o(i.tcp_slowtmr)
    tcp_timer_needed                         0x08009255   Thumb Code    36  lwip_timers.o(i.tcp_timer_needed)
    tcp_tmr                                  0x080092f5   Thumb Code    28  tcp.o(i.tcp_tmr)
    tcp_update_rcv_ann_wnd                   0x08009315   Thumb Code    54  tcp.o(i.tcp_update_rcv_ann_wnd)
    tcp_write                                0x0800934d   Thumb Code   770  tcp_out.o(i.tcp_write)
    tcp_zero_window_probe                    0x0800964f   Thumb Code   136  tcp_out.o(i.tcp_zero_window_probe)
    tcpip_apimsg                             0x080096d9   Thumb Code    58  tcpip.o(i.tcpip_apimsg)
    tcpip_init                               0x08009719   Thumb Code    44  tcpip.o(i.tcpip_init)
    tcpip_input                              0x08009755   Thumb Code    70  tcpip.o(i.tcpip_input)
    udp_bind                                 0x08009859   Thumb Code   148  udp.o(i.udp_bind)
    udp_connect                              0x080098f1   Thumb Code    70  udp.o(i.udp_connect)
    udp_init                                 0x0800993d   Thumb Code     2  udp.o(i.udp_init)
    udp_input                                0x08009941   Thumb Code   368  udp.o(i.udp_input)
    udp_new                                  0x08009abd   Thumb Code    26  udp.o(i.udp_new)
    udp_recv                                 0x08009ad7   Thumb Code     6  udp.o(i.udp_recv)
    udp_remove                               0x08009add   Thumb Code    40  udp.o(i.udp_remove)
    udp_sendto_if                            0x08009b09   Thumb Code   182  udp.o(i.udp_sendto_if)
    uxListRemove                             0x08009bbf   Thumb Code    36  list.o(i.uxListRemove)
    uxQueueMessagesWaiting                   0x08009be3   Thumb Code    40  queue.o(i.uxQueueMessagesWaiting)
    uxTaskGetSystemState                     0x08009c0d   Thumb Code   124  tasks.o(i.uxTaskGetSystemState)
    vListInitialise                          0x08009c91   Thumb Code    22  list.o(i.vListInitialise)
    vListInitialiseItem                      0x08009ca7   Thumb Code     6  list.o(i.vListInitialiseItem)
    vListInsert                              0x08009cad   Thumb Code    48  list.o(i.vListInsert)
    vListInsertEnd                           0x08009cdd   Thumb Code    24  list.o(i.vListInsertEnd)
    vPortEnterCritical                       0x08009cf5   Thumb Code    62  port.o(i.vPortEnterCritical)
    vPortExitCritical                        0x08009d3d   Thumb Code    38  port.o(i.vPortExitCritical)
    vPortFree                                0x08009d69   Thumb Code    96  heap_4.o(i.vPortFree)
    vPortSetupTimerInterrupt                 0x08009dcd   Thumb Code    26  port.o(i.vPortSetupTimerInterrupt)
    vPortValidateInterruptPriority           0x08009ded   Thumb Code    82  port.o(i.vPortValidateInterruptPriority)
    vQueueDelete                             0x08009e49   Thumb Code    40  queue.o(i.vQueueDelete)
    vQueueUnregisterQueue                    0x08009e71   Thumb Code    30  queue.o(i.vQueueUnregisterQueue)
    vTaskDelay                               0x08009e95   Thumb Code    98  tasks.o(i.vTaskDelay)
    vTaskDelete                              0x08009f01   Thumb Code   154  tasks.o(i.vTaskDelete)
    vTaskList                                0x08009fa9   Thumb Code   178  tasks.o(i.vTaskList)
    vTaskMissedYield                         0x0800a071   Thumb Code     8  tasks.o(i.vTaskMissedYield)
    vTaskPlaceOnEventList                    0x0800a07d   Thumb Code    76  tasks.o(i.vTaskPlaceOnEventList)
    vTaskPriorityInherit                     0x0800a0cd   Thumb Code   128  tasks.o(i.vTaskPriorityInherit)
    vTaskSetTimeOutState                     0x0800a155   Thumb Code    34  tasks.o(i.vTaskSetTimeOutState)
    vTaskStartScheduler                      0x0800a17d   Thumb Code    88  tasks.o(i.vTaskStartScheduler)
    vTaskSuspendAll                          0x0800a1e5   Thumb Code    10  tasks.o(i.vTaskSuspendAll)
    vTaskSwitchContext                       0x0800a1f5   Thumb Code    86  tasks.o(i.vTaskSwitchContext)
    xPortStartScheduler                      0x0800a255   Thumb Code   152  port.o(i.xPortStartScheduler)
    xPortSysTickHandler                      0x0800a2fd   Thumb Code    42  port.o(i.xPortSysTickHandler)
    xQueueCreateCountingSemaphore            0x0800a32d   Thumb Code    84  queue.o(i.xQueueCreateCountingSemaphore)
    xQueueGenericCreate                      0x0800a381   Thumb Code   108  queue.o(i.xQueueGenericCreate)
    xQueueGenericReceive                     0x0800a3ed   Thumb Code   372  queue.o(i.xQueueGenericReceive)
    xQueueGenericReset                       0x0800a565   Thumb Code   146  queue.o(i.xQueueGenericReset)
    xQueueGenericSend                        0x0800a5fd   Thumb Code   364  queue.o(i.xQueueGenericSend)
    xQueueGiveFromISR                        0x0800a76d   Thumb Code   172  queue.o(i.xQueueGiveFromISR)
    xQueueReceiveFromISR                     0x0800a819   Thumb Code   154  queue.o(i.xQueueReceiveFromISR)
    xTaskCheckForTimeOut                     0x0800a8b5   Thumb Code   106  tasks.o(i.xTaskCheckForTimeOut)
    xTaskGenericCreate                       0x0800a925   Thumb Code   434  tasks.o(i.xTaskGenericCreate)
    xTaskGetSchedulerState                   0x0800aae5   Thumb Code    22  tasks.o(i.xTaskGetSchedulerState)
    xTaskGetTickCount                        0x0800ab01   Thumb Code     6  tasks.o(i.xTaskGetTickCount)
    xTaskIncrementTick                       0x0800ab0d   Thumb Code   198  tasks.o(i.xTaskIncrementTick)
    xTaskPriorityDisinherit                  0x0800abdd   Thumb Code   158  tasks.o(i.xTaskPriorityDisinherit)
    xTaskRemoveFromEventList                 0x0800ac85   Thumb Code   112  tasks.o(i.xTaskRemoveFromEventList)
    xTaskResumeAll                           0x0800acfd   Thumb Code   186  tasks.o(i.xTaskResumeAll)
    tcp_persist_backoff                      0x0800adf4   Data           7  tcp.o(.constdata)
    tcp_state_str                            0x0800adfc   Data          44  tcp.o(.constdata)
    tcp_backoff                              0x0800ae28   Data          13  tcp.o(.constdata)
    tcp_pcb_lists                            0x0800ae38   Data          16  tcp.o(.constdata)
    ip_addr_any                              0x0800ae48   Data           4  ip_addr.o(.constdata)
    ip_addr_broadcast                        0x0800ae4c   Data           4  ip_addr.o(.constdata)
    file__404_html                           0x0800ba8c   Data          20  fs.o(.constdata)
    file__light_html                         0x0800baa0   Data          20  fs.o(.constdata)
    APBAHBPrescTable                         0x0800c134   Data          16  stm32f7xx_hal_rcc.o(.constdata)
    ethbroadcast                             0x0800c144   Data           6  etharp.o(.constdata)
    ethzero                                  0x0800c14a   Data           6  etharp.o(.constdata)
    Font24_Table                             0x0800c150   Data        6840  stm32746g_discovery_lcd.o(.constdata)
    Font16_Table                             0x0800dc08   Data        3040  stm32746g_discovery_lcd.o(.constdata)
    Font12_Table                             0x0800e7e8   Data        1140  stm32746g_discovery_lcd.o(.constdata)
    Region$$Table$$Base                      0x0800ecec   Number         0  anon$$obj.o(Region$$Table)
    Region$$Table$$Limit                     0x0800ed0c   Number         0  anon$$obj.o(Region$$Table)
    pxCurrentTCB                             0x20000000   Data           4  tasks.o(.data)
    LCD_CacheBuffer_yptr_invert              0x2000005c   Data           1  lcd_log.o(.data)
    LCD_ScrollActive                         0x2000005d   Data           1  lcd_log.o(.data)
    LCD_Lock                                 0x2000005e   Data           1  lcd_log.o(.data)
    LCD_Scrolled                             0x2000005f   Data           1  lcd_log.o(.data)
    LCD_CacheBuffer_xptr                     0x20000060   Data           2  lcd_log.o(.data)
    LCD_CacheBuffer_yptr_top                 0x20000062   Data           2  lcd_log.o(.data)
    LCD_CacheBuffer_yptr_bottom              0x20000064   Data           2  lcd_log.o(.data)
    LCD_CacheBuffer_yptr_top_bak             0x20000066   Data           2  lcd_log.o(.data)
    LCD_CacheBuffer_yptr_bottom_bak          0x20000068   Data           2  lcd_log.o(.data)
    LCD_ScrollBackStep                       0x2000006a   Data           2  lcd_log.o(.data)
    LCD_LineColor                            0x2000006c   Data           4  lcd_log.o(.data)
    netif_list                               0x20000084   Data           4  netif.o(.data)
    netif_default                            0x20000088   Data           4  netif.o(.data)
    tcp_input_pcb                            0x200000a4   Data           4  tcp_in.o(.data)
    udp_pcbs                                 0x200000b8   Data           4  udp.o(.data)
    tcp_active_pcbs_changed                  0x200000c0   Data           1  tcp.o(.data)
    tcp_ticks                                0x200000cc   Data           4  tcp.o(.data)
    tcp_bound_pcbs                           0x200000d0   Data           4  tcp.o(.data)
    tcp_listen_pcbs                          0x200000d4   Data           4  tcp.o(.data)
    tcp_active_pcbs                          0x200000d8   Data           4  tcp.o(.data)
    tcp_tw_pcbs                              0x200000dc   Data           4  tcp.o(.data)
    tcp_tmp_pcb                              0x200000e0   Data           4  tcp.o(.data)
    current_netif                            0x200000e8   Data           4  ip.o(.data)
    current_header                           0x200000ec   Data           4  ip.o(.data)
    current_iphdr_src                        0x200000f0   Data           4  ip.o(.data)
    current_iphdr_dest                       0x200000f4   Data           4  ip.o(.data)
    nPageHits                                0x20000104   Data           4  httpserver-netconn.o(.data)
    DHCP_state                               0x20000108   Data           1  app_ethernet.o(.data)
    s_xSemaphore                             0x2000010c   Data           4  ethernetif.o(.data)
    TM_Time2                                 0x20000110   Data           4  tm_stm32_delay.o(.data)
    TM_Time                                  0x20000114   Data           4  tm_stm32_delay.o(.data)
    Font24                                   0x20000124   Data           8  stm32746g_discovery_lcd.o(.data)
    Font16                                   0x2000012c   Data           8  stm32746g_discovery_lcd.o(.data)
    Font12                                   0x20000134   Data           8  stm32746g_discovery_lcd.o(.data)
    SystemCoreClock                          0x2000013c   Data           4  system_stm32f7xx.o(.data)
    AHBPrescTable                            0x20000140   Data          16  system_stm32f7xx.o(.data)
    __stdout                                 0x20000150   Data           4  stdout.o(.data)
    xQueueRegistry                           0x20000154   Data          64  queue.o(.bss)
    LCD_CacheBuffer                          0x20005270   Data       15444  lcd_log.o(.bss)
    ram_heap                                 0x20008ec4   Data        5140  mem.o(.bss)
    dhcp_rx_options_val                      0x2000a2ec   Data          40  dhcp.o(.bss)
    dhcp_rx_options_given                    0x2000a314   Data          10  dhcp.o(.bss)
    fs_memory                                0x2000a320   Data         240  fs.o(.bss)
    gnetif                                   0x2000a410   Data          56  main.o(.bss)
    EthHandle                                0x2000a448   Data          72  ethernetif.o(.bss)
    __initial_sp                             0x2000c808   Data           0  startup_stm32f746xx.o(STACK)
    DMARxDscrTab                             0x2000e000   Data         160  ethernetif.o(.ARM.__AT_0x2000E000)
    DMATxDscrTab                             0x2000e100   Data         160  ethernetif.o(.ARM.__AT_0x2000E100)
    Rx_Buff                                  0x2000e200   Data        7620  ethernetif.o(.ARM.__AT_0x2000E200)
    Tx_Buff                                  0x2000ffc4   Data        7620  ethernetif.o(.ARM.__AT_0x2000FFC4)



==============================================================================

Memory Map of the image

  Image Entry point : 0x080001c9

  Load Region LR_IROM1 (Base: 0x08000000, Size: 0x0000ee60, Max: 0x00100000, ABSOLUTE, COMPRESSED[0x0000ed4c])

    Execution Region ER_IROM1 (Base: 0x08000000, Size: 0x0000ed0c, Max: 0x00100000, ABSOLUTE)

    Base Addr    Size         Type   Attr      Idx    E Section Name        Object

    0x08000000   0x000001c8   Data   RO         6202    RESET               startup_stm32f746xx.o
    0x080001c8   0x00000000   Code   RO         6884  * .ARM.Collect$$$$00000000  mc_w.l(entry.o)
    0x080001c8   0x00000004   Code   RO         7194    .ARM.Collect$$$$00000001  mc_w.l(entry2.o)
    0x080001cc   0x00000004   Code   RO         7197    .ARM.Collect$$$$00000004  mc_w.l(entry5.o)
    0x080001d0   0x00000000   Code   RO         7199    .ARM.Collect$$$$00000008  mc_w.l(entry7b.o)
    0x080001d0   0x00000000   Code   RO         7201    .ARM.Collect$$$$0000000A  mc_w.l(entry8b.o)
    0x080001d0   0x00000008   Code   RO         7202    .ARM.Collect$$$$0000000B  mc_w.l(entry9a.o)
    0x080001d8   0x00000000   Code   RO         7204    .ARM.Collect$$$$0000000D  mc_w.l(entry10a.o)
    0x080001d8   0x00000000   Code   RO         7206    .ARM.Collect$$$$0000000F  mc_w.l(entry11a.o)
    0x080001d8   0x00000004   Code   RO         7195    .ARM.Collect$$$$00002712  mc_w.l(entry2.o)
    0x080001dc   0x000000ba   Code   RO          937    .emb_text           port.o
    0x08000296   0x00000002   PAD
    0x08000298   0x00000024   Code   RO         6203    .text               startup_stm32f746xx.o
    0x080002bc   0x00000024   Code   RO         6887    .text               mc_w.l(memcpya.o)
    0x080002e0   0x00000024   Code   RO         6889    .text               mc_w.l(memseta.o)
    0x08000304   0x00000018   Code   RO         6891    .text               mc_w.l(strcat.o)
    0x0800031c   0x0000000e   Code   RO         6893    .text               mc_w.l(strlen.o)
    0x0800032a   0x0000001c   Code   RO         6895    .text               mc_w.l(strcmp.o)
    0x08000346   0x0000001a   Code   RO         6897    .text               mc_w.l(memcmp.o)
    0x08000360   0x00000012   Code   RO         6899    .text               mc_w.l(strcpy.o)
    0x08000372   0x0000001e   Code   RO         6901    .text               mc_w.l(strncmp.o)
    0x08000390   0x0000002c   Code   RO         7209    .text               mc_w.l(uidiv.o)
    0x080003bc   0x00000024   Code   RO         7226    .text               mc_w.l(init.o)
    0x080003e0   0x00000056   Code   RO         7244    .text               mc_w.l(__dczerorl2.o)
    0x08000436   0x00000002   PAD
    0x08000438   0x000000a4   Code   RO         3179    i.BSP_Config        main.o
    0x080004dc   0x00000038   Code   RO         6297    i.BSP_LCD_Clear     stm32746g_discovery_lcd.o
    0x08000514   0x00000020   Code   RO         6299    i.BSP_LCD_ClockConfig  stm32746g_discovery_lcd.o
    0x08000534   0x00000034   Code   RO         6301    i.BSP_LCD_DisplayChar  stm32746g_discovery_lcd.o
    0x08000568   0x000000c8   Code   RO         6304    i.BSP_LCD_DisplayStringAt  stm32746g_discovery_lcd.o
    0x08000630   0x0000001c   Code   RO         6305    i.BSP_LCD_DisplayStringAtLine  stm32746g_discovery_lcd.o
    0x0800064c   0x00000064   Code   RO         6311    i.BSP_LCD_DrawPixel  stm32746g_discovery_lcd.o
    0x080006b0   0x0000009c   Code   RO         6318    i.BSP_LCD_FillRect  stm32746g_discovery_lcd.o
    0x0800074c   0x0000001c   Code   RO         6320    i.BSP_LCD_GetFont   stm32746g_discovery_lcd.o
    0x08000768   0x00000020   Code   RO         6322    i.BSP_LCD_GetXSize  stm32746g_discovery_lcd.o
    0x08000788   0x00000020   Code   RO         6323    i.BSP_LCD_GetYSize  stm32746g_discovery_lcd.o
    0x080007a8   0x000000a4   Code   RO         6324    i.BSP_LCD_Init      stm32746g_discovery_lcd.o
    0x0800084c   0x00000078   Code   RO         6325    i.BSP_LCD_LayerDefaultInit  stm32746g_discovery_lcd.o
    0x080008c4   0x00000138   Code   RO         6328    i.BSP_LCD_MspInit   stm32746g_discovery_lcd.o
    0x080009fc   0x0000000c   Code   RO         6331    i.BSP_LCD_SelectLayer  stm32746g_discovery_lcd.o
    0x08000a08   0x0000001c   Code   RO         6332    i.BSP_LCD_SetBackColor  stm32746g_discovery_lcd.o
    0x08000a24   0x0000001c   Code   RO         6334    i.BSP_LCD_SetFont   stm32746g_discovery_lcd.o
    0x08000a40   0x00000018   Code   RO         6338    i.BSP_LCD_SetTextColor  stm32746g_discovery_lcd.o
    0x08000a58   0x00000078   Code   RO         6212    i.BSP_SDRAM_Init    stm32746g_discovery_sdram.o
    0x08000ad0   0x0000008c   Code   RO         6213    i.BSP_SDRAM_Initialization_sequence  stm32746g_discovery_sdram.o
    0x08000b5c   0x00000168   Code   RO         6215    i.BSP_SDRAM_MspInit  stm32746g_discovery_sdram.o
    0x08000cc4   0x00000002   Code   RO         3276    i.BusFault_Handler  stm32f7xx_it.o
    0x08000cc6   0x00000002   PAD
    0x08000cc8   0x00000090   Code   RO         3180    i.CPU_CACHE_Enable  main.o
    0x08000d58   0x0000016c   Code   RO         3391    i.DHCP_thread       app_ethernet.o
    0x08000ec4   0x0000008c   Code   RO         4045    i.DMA2D_SetConfig   stm32f7xx_hal_dma2d.o
    0x08000f50   0x00000028   Code   RO         4874    i.DMA_CalcBaseAndBitshift  stm32f7xx_hal_dma.o
    0x08000f78   0x00000002   Code   RO         3277    i.DebugMon_Handler  stm32f7xx_it.o
    0x08000f7a   0x00000002   PAD
    0x08000f7c   0x000000b0   Code   RO         6342    i.DrawChar          stm32746g_discovery_lcd.o
    0x0800102c   0x0000017c   Code   RO         3346    i.DynWebPage        httpserver-netconn.o
    0x080011a8   0x0000000c   Code   RO         3424    i.ETHERNET_IRQHandler  ethernetif.o
    0x080011b4   0x0000002e   Code   RO         4726    i.ETH_FlushTransmitFIFO  stm32f7xx_hal_eth.o
    0x080011e2   0x00000004   Code   RO         3278    i.ETH_IRQHandler    stm32f7xx_it.o
    0x080011e6   0x00000002   PAD
    0x080011e8   0x00000124   Code   RO         4727    i.ETH_MACDMAConfig  stm32f7xx_hal_eth.o
    0x0800130c   0x0000005e   Code   RO         5139    i.FMC_SDRAM_Init    stm32f7xx_ll_fmc.o
    0x0800136a   0x0000000c   Code   RO         5140    i.FMC_SDRAM_ProgramRefreshRate  stm32f7xx_ll_fmc.o
    0x08001376   0x00000048   Code   RO         5141    i.FMC_SDRAM_SendCommand  stm32f7xx_ll_fmc.o
    0x080013be   0x00000082   Code   RO         5143    i.FMC_SDRAM_Timing_Init  stm32f7xx_ll_fmc.o
    0x08001440   0x000000e0   Code   RO         4050    i.HAL_DMA2D_ConfigLayer  stm32f7xx_hal_dma2d.o
    0x08001520   0x0000005a   Code   RO         4057    i.HAL_DMA2D_Init    stm32f7xx_hal_dma2d.o
    0x0800157a   0x00000002   Code   RO         4059    i.HAL_DMA2D_MspInit  stm32f7xx_hal_dma2d.o
    0x0800157c   0x000000dc   Code   RO         4060    i.HAL_DMA2D_PollForTransfer  stm32f7xx_hal_dma2d.o
    0x08001658   0x0000003e   Code   RO         4063    i.HAL_DMA2D_Start   stm32f7xx_hal_dma2d.o
    0x08001696   0x00000056   Code   RO         4877    i.HAL_DMA_DeInit    stm32f7xx_hal_dma.o
    0x080016ec   0x0000008c   Code   RO         4881    i.HAL_DMA_Init      stm32f7xx_hal_dma.o
    0x08001778   0x0000002c   Code   RO         5881    i.HAL_Delay         tm_stm32_delay.o
    0x080017a4   0x00000074   Code   RO         4730    i.HAL_ETH_DMARxDescListInit  stm32f7xx_hal_eth.o
    0x08001818   0x00000084   Code   RO         4731    i.HAL_ETH_DMATxDescListInit  stm32f7xx_hal_eth.o
    0x0800189c   0x00000002   Code   RO         4733    i.HAL_ETH_ErrorCallback  stm32f7xx_hal_eth.o
    0x0800189e   0x0000008c   Code   RO         4735    i.HAL_ETH_GetReceivedFrame_IT  stm32f7xx_hal_eth.o
    0x0800192a   0x00000076   Code   RO         4737    i.HAL_ETH_IRQHandler  stm32f7xx_hal_eth.o
    0x080019a0   0x000001d0   Code   RO         4738    i.HAL_ETH_Init      stm32f7xx_hal_eth.o
    0x08001b70   0x000000bc   Code   RO         3425    i.HAL_ETH_MspInit   ethernetif.o
    0x08001c2c   0x00000086   Code   RO         4741    i.HAL_ETH_ReadPHYRegister  stm32f7xx_hal_eth.o
    0x08001cb2   0x00000002   PAD
    0x08001cb4   0x0000000c   Code   RO         3426    i.HAL_ETH_RxCpltCallback  ethernetif.o
    0x08001cc0   0x00000084   Code   RO         4743    i.HAL_ETH_Start     stm32f7xx_hal_eth.o
    0x08001d44   0x00000112   Code   RO         4745    i.HAL_ETH_TransmitFrame  stm32f7xx_hal_eth.o
    0x08001e56   0x00000002   Code   RO         4746    i.HAL_ETH_TxCpltCallback  stm32f7xx_hal_eth.o
    0x08001e58   0x0000007a   Code   RO         4747    i.HAL_ETH_WritePHYRegister  stm32f7xx_hal_eth.o
    0x08001ed2   0x00000002   PAD
    0x08001ed4   0x000001d8   Code   RO         5818    i.HAL_GPIO_Init     stm32f7xx_hal_gpio.o
    0x080020ac   0x0000000a   Code   RO         5822    i.HAL_GPIO_WritePin  stm32f7xx_hal_gpio.o
    0x080020b6   0x00000002   PAD
    0x080020b8   0x0000000c   Code   RO         5882    i.HAL_GetTick       tm_stm32_delay.o
    0x080020c4   0x00000068   Code   RO         5883    i.HAL_IncTick       tm_stm32_delay.o
    0x0800212c   0x00000024   Code   RO         4585    i.HAL_Init          stm32f7xx_hal.o
    0x08002150   0x00000022   Code   RO         4586    i.HAL_InitTick      stm32f7xx_hal.o
    0x08002172   0x00000052   Code   RO         4959    i.HAL_LTDC_ConfigLayer  stm32f7xx_hal_ltdc.o
    0x080021c4   0x00000006   Code   RO         4969    i.HAL_LTDC_GetState  stm32f7xx_hal_ltdc.o
    0x080021ca   0x00000002   PAD
    0x080021cc   0x00000100   Code   RO         4971    i.HAL_LTDC_Init     stm32f7xx_hal_ltdc.o
    0x080022cc   0x00000002   Code   RO         4974    i.HAL_LTDC_MspInit  stm32f7xx_hal_ltdc.o
    0x080022ce   0x00000002   PAD
    0x080022d0   0x0000005c   Code   RO         4445    i.HAL_MPU_ConfigRegion  stm32f7xx_hal_cortex.o
    0x0800232c   0x00000002   Code   RO         4588    i.HAL_MspInit       stm32f7xx_hal.o
    0x0800232e   0x00000016   Code   RO         4448    i.HAL_NVIC_EnableIRQ  stm32f7xx_hal_cortex.o
    0x08002344   0x00000040   Code   RO         4454    i.HAL_NVIC_SetPriority  stm32f7xx_hal_cortex.o
    0x08002384   0x00000024   Code   RO         4455    i.HAL_NVIC_SetPriorityGrouping  stm32f7xx_hal_cortex.o
    0x080023a8   0x0000006c   Code   RO         5389    i.HAL_PWREx_EnableOverDrive  stm32f7xx_hal_pwr_ex.o
    0x08002414   0x0000058c   Code   RO         3546    i.HAL_RCCEx_PeriphCLKConfig  stm32f7xx_hal_rcc_ex.o
    0x080029a0   0x000001cc   Code   RO         5275    i.HAL_RCC_ClockConfig  stm32f7xx_hal_rcc.o
    0x08002b6c   0x00000034   Code   RO         5280    i.HAL_RCC_GetHCLKFreq  stm32f7xx_hal_rcc.o
    0x08002ba0   0x00000084   Code   RO         5284    i.HAL_RCC_GetSysClockFreq  stm32f7xx_hal_rcc.o
    0x08002c24   0x000003a4   Code   RO         5287    i.HAL_RCC_OscConfig  stm32f7xx_hal_rcc.o
    0x08002fc8   0x00000042   Code   RO         5665    i.HAL_SDRAM_Init    stm32f7xx_hal_sdram.o
    0x0800300a   0x00000002   Code   RO         5667    i.HAL_SDRAM_MspInit  stm32f7xx_hal_sdram.o
    0x0800300c   0x00000022   Code   RO         5668    i.HAL_SDRAM_ProgramRefreshRate  stm32f7xx_hal_sdram.o
    0x0800302e   0x00000002   PAD
    0x08003030   0x00000030   Code   RO         5674    i.HAL_SDRAM_SendCommand  stm32f7xx_hal_sdram.o
    0x08003060   0x00000026   Code   RO         4459    i.HAL_SYSTICK_Config  stm32f7xx_hal_cortex.o
    0x08003086   0x00000002   Code   RO         3279    i.HardFault_Handler  stm32f7xx_it.o
    0x08003088   0x00000028   Code   RO         1007    i.LCD_LOG_DeInit    lcd_log.o
    0x080030b0   0x00000012   Code   RO         1008    i.LCD_LOG_Init      lcd_log.o
    0x080030c2   0x00000002   PAD
    0x080030c4   0x00000078   Code   RO         1011    i.LCD_LOG_SetFooter  lcd_log.o
    0x0800313c   0x0000006c   Code   RO         1012    i.LCD_LOG_SetHeader  lcd_log.o
    0x080031a8   0x00000084   Code   RO         1013    i.LCD_LOG_UpdateDisplay  lcd_log.o
    0x0800322c   0x00000080   Code   RO         6345    i.LL_FillBuffer     stm32746g_discovery_lcd.o
    0x080032ac   0x000001d0   Code   RO         4981    i.LTDC_SetConfig    stm32f7xx_hal_ltdc.o
    0x0800347c   0x0000006c   Code   RO         3181    i.MPU_Config        main.o
    0x080034e8   0x00000002   Code   RO         3280    i.MemManage_Handler  stm32f7xx_it.o
    0x080034ea   0x00000002   Code   RO         3281    i.NMI_Handler       stm32f7xx_it.o
    0x080034ec   0x00000022   Code   RO         4461    i.NVIC_SetPriority  stm32f7xx_hal_cortex.o
    0x0800350e   0x00000002   PAD
    0x08003510   0x000001ec   Code   RO         3182    i.StartThread       main.o
    0x080036fc   0x0000000e   Code   RO         3282    i.SysTick_Handler   stm32f7xx_it.o
    0x0800370a   0x00000002   PAD
    0x0800370c   0x00000054   Code   RO         6852    i.SystemInit        system_stm32f7xx.o
    0x08003760   0x00000002   Code   RO         5884    i.TM_DELAY_1msHandler  tm_stm32_delay.o
    0x08003762   0x00000002   Code   RO         3283    i.UsageFault_Handler  stm32f7xx_it.o
    0x08003764   0x00000054   Code   RO         3392    i.User_notification  app_ethernet.o
    0x080037b8   0x00000020   Code   RO         6994    i.__0printf$3       mc_w.l(printf3.o)
    0x080037d8   0x00000028   Code   RO         6996    i.__0sprintf$3      mc_w.l(printf3.o)
    0x08003800   0x0000000e   Code   RO         7238    i.__scatterload_copy  mc_w.l(handlers.o)
    0x0800380e   0x00000002   Code   RO         7239    i.__scatterload_null  mc_w.l(handlers.o)
    0x08003810   0x0000000e   Code   RO         7240    i.__scatterload_zeroinit  mc_w.l(handlers.o)
    0x0800381e   0x00000002   PAD
    0x08003820   0x000001b8   Code   RO         7001    i._printf_core      mc_w.l(printf3.o)
    0x080039d8   0x0000000a   Code   RO         7003    i._sputc            mc_w.l(printf3.o)
    0x080039e2   0x0000009e   Code   RO         2994    i.accept_function   api_msg.o
    0x08003a80   0x0000001c   Code   RO         1891    i.arp_timer         lwip_timers.o
    0x08003a9c   0x0000001e   Code   RO         1605    i.dhcp_arp_reply    dhcp.o
    0x08003aba   0x000000ba   Code   RO         1606    i.dhcp_bind         dhcp.o
    0x08003b74   0x00000030   Code   RO         1607    i.dhcp_check        dhcp.o
    0x08003ba4   0x00000060   Code   RO         1609    i.dhcp_coarse_tmr   dhcp.o
    0x08003c04   0x00000124   Code   RO         1610    i.dhcp_create_msg   dhcp.o
    0x08003d28   0x00000078   Code   RO         1611    i.dhcp_decline      dhcp.o
    0x08003da0   0x00000016   Code   RO         1612    i.dhcp_delete_msg   dhcp.o
    0x08003db6   0x00000002   PAD
    0x08003db8   0x000000bc   Code   RO         1613    i.dhcp_discover     dhcp.o
    0x08003e74   0x00000034   Code   RO         1614    i.dhcp_fine_tmr     dhcp.o
    0x08003ea8   0x0000005c   Code   RO         1615    i.dhcp_handle_ack   dhcp.o
    0x08003f04   0x00000020   Code   RO         1618    i.dhcp_option       dhcp.o
    0x08003f24   0x00000012   Code   RO         1619    i.dhcp_option_byte  dhcp.o
    0x08003f36   0x00000042   Code   RO         1620    i.dhcp_option_long  dhcp.o
    0x08003f78   0x00000022   Code   RO         1621    i.dhcp_option_short  dhcp.o
    0x08003f9a   0x00000030   Code   RO         1622    i.dhcp_option_trailer  dhcp.o
    0x08003fca   0x00000002   PAD
    0x08003fcc   0x00000200   Code   RO         1623    i.dhcp_parse_reply  dhcp.o
    0x080041cc   0x00000088   Code   RO         1624    i.dhcp_rebind       dhcp.o
    0x08004254   0x000000a0   Code   RO         1625    i.dhcp_reboot       dhcp.o
    0x080042f4   0x00000114   Code   RO         1626    i.dhcp_recv         dhcp.o
    0x08004408   0x000000a4   Code   RO         1627    i.dhcp_release      dhcp.o
    0x080044ac   0x00000084   Code   RO         1628    i.dhcp_renew        dhcp.o
    0x08004530   0x000000e8   Code   RO         1629    i.dhcp_select       dhcp.o
    0x08004618   0x00000010   Code   RO         1630    i.dhcp_set_state    dhcp.o
    0x08004628   0x000000a4   Code   RO         1632    i.dhcp_start        dhcp.o
    0x080046cc   0x00000032   Code   RO         1633    i.dhcp_stop         dhcp.o
    0x080046fe   0x00000088   Code   RO         1634    i.dhcp_timeout      dhcp.o
    0x08004786   0x00000002   PAD
    0x08004788   0x0000001c   Code   RO         1892    i.dhcp_timer_coarse  lwip_timers.o
    0x080047a4   0x0000001c   Code   RO         1893    i.dhcp_timer_fine   lwip_timers.o
    0x080047c0   0x0000005c   Code   RO         2995    i.do_bind           api_msg.o
    0x0800481c   0x00000054   Code   RO         2996    i.do_close          api_msg.o
    0x08004870   0x000000ec   Code   RO         2997    i.do_close_internal  api_msg.o
    0x0800495c   0x00000094   Code   RO         3000    i.do_delconn        api_msg.o
    0x080049f0   0x000000b0   Code   RO         3003    i.do_listen         api_msg.o
    0x08004aa0   0x00000020   Code   RO         3004    i.do_newconn        api_msg.o
    0x08004ac0   0x00000042   Code   RO         3005    i.do_recv           api_msg.o
    0x08004b02   0x00000042   Code   RO         3007    i.do_write          api_msg.o
    0x08004b44   0x00000104   Code   RO         3008    i.do_writemore      api_msg.o
    0x08004c48   0x0000008e   Code   RO         3009    i.err_tcp           api_msg.o
    0x08004cd6   0x000000ce   Code   RO         6109    i.etharp_arp_input  etharp.o
    0x08004da4   0x00000030   Code   RO         6110    i.etharp_cleanup_netif  etharp.o
    0x08004dd4   0x000000dc   Code   RO         6112    i.etharp_find_entry  etharp.o
    0x08004eb0   0x0000003c   Code   RO         6113    i.etharp_free_entry  etharp.o
    0x08004eec   0x00000100   Code   RO         6114    i.etharp_output     etharp.o
    0x08004fec   0x00000044   Code   RO         6115    i.etharp_output_to_arp_index  etharp.o
    0x08005030   0x000000ec   Code   RO         6116    i.etharp_query      etharp.o
    0x0800511c   0x000000a6   Code   RO         6117    i.etharp_raw        etharp.o
    0x080051c2   0x00000002   PAD
    0x080051c4   0x00000024   Code   RO         6118    i.etharp_request    etharp.o
    0x080051e8   0x00000020   Code   RO         6119    i.etharp_send_ip    etharp.o
    0x08005208   0x00000048   Code   RO         6120    i.etharp_tmr        etharp.o
    0x08005250   0x0000007c   Code   RO         6121    i.etharp_update_arp_entry  etharp.o
    0x080052cc   0x00000090   Code   RO         6122    i.ethernet_input    etharp.o
    0x0800535c   0x00000028   Code   RO         3427    i.ethernetif_init   ethernetif.o
    0x08005384   0x00000030   Code   RO         3428    i.ethernetif_input  ethernetif.o
    0x080053b4   0x0000010c   Code   RO         1014    i.fputc             lcd_log.o
    0x080054c0   0x00000004   Code   RO         2645    i.fs_close          fs.o
    0x080054c4   0x0000002c   Code   RO         2646    i.fs_free           fs.o
    0x080054f0   0x0000006c   Code   RO         2647    i.fs_open           fs.o
    0x0800555c   0x00000024   Code   RO         3347    i.http_server_netconn_init  httpserver-netconn.o
    0x08005580   0x00000040   Code   RO         3348    i.http_server_netconn_thread  httpserver-netconn.o
    0x080055c0   0x000000c8   Code   RO         3349    i.http_server_serve  httpserver-netconn.o
    0x08005688   0x00000008   Code   RO         2525    i.icmp_dest_unreach  icmp.o
    0x08005690   0x000000fc   Code   RO         2526    i.icmp_input        icmp.o
    0x0800578c   0x00000066   Code   RO         2527    i.icmp_send_response  icmp.o
    0x080057f2   0x0000000c   Code   RO          598    i.inHandlerMode     cmsis_os.o
    0x080057fe   0x0000000c   Code   RO         2484    i.inet_chksum       inet_chksum.o
    0x0800580a   0x00000048   Code   RO         2485    i.inet_chksum_pbuf  inet_chksum.o
    0x08005852   0x0000002e   Code   RO         2590    i.ip4_addr_isbroadcast  ip_addr.o
    0x08005880   0x00000164   Code   RO         2554    i.ip_input          ip.o
    0x080059e4   0x00000034   Code   RO         2555    i.ip_output         ip.o
    0x08005a18   0x00000090   Code   RO         2556    i.ip_output_if      ip.o
    0x08005aa8   0x00000040   Code   RO         2557    i.ip_route          ip.o
    0x08005ae8   0x000000e4   Code   RO         3429    i.low_level_init    ethernetif.o
    0x08005bcc   0x000000c4   Code   RO         3430    i.low_level_input   ethernetif.o
    0x08005c90   0x000000b0   Code   RO         3431    i.low_level_output  ethernetif.o
    0x08005d40   0x00000004   Code   RO         1973    i.lwip_htonl        def.o
    0x08005d44   0x00000004   Code   RO         1974    i.lwip_htons        def.o
    0x08005d48   0x00000022   Code   RO         1513    i.lwip_init         init.o
    0x08005d6a   0x00000004   Code   RO         1975    i.lwip_ntohl        def.o
    0x08005d6e   0x00000004   Code   RO         1976    i.lwip_ntohs        def.o
    0x08005d72   0x00000002   PAD
    0x08005d74   0x0000005c   Code   RO         2488    i.lwip_standard_chksum  inet_chksum.o
    0x08005dd0   0x00000084   Code   RO         3183    i.main              main.o
    0x08005e54   0x0000000e   Code   RO          600    i.makeFreeRtosPriority  cmsis_os.o
    0x08005e62   0x00000002   PAD
    0x08005e64   0x00000044   Code   RO         1201    i.mem_free          mem.o
    0x08005ea8   0x0000003c   Code   RO         1202    i.mem_init          mem.o
    0x08005ee4   0x000000d4   Code   RO         1203    i.mem_malloc        mem.o
    0x08005fb8   0x000000e4   Code   RO         1204    i.mem_trim          mem.o
    0x0800609c   0x00000018   Code   RO         1555    i.memp_free         memp.o
    0x080060b4   0x00000058   Code   RO         1556    i.memp_init         memp.o
    0x0800610c   0x00000020   Code   RO         1557    i.memp_malloc       memp.o
    0x0800612c   0x00000026   Code   RO         2796    i.netbuf_data       netbuf.o
    0x08006152   0x00000022   Code   RO         2797    i.netbuf_delete     netbuf.o
    0x08006174   0x0000005c   Code   RO         2857    i.netconn_accept    api_lib.o
    0x080061d0   0x00000074   Code   RO         3010    i.netconn_alloc     api_msg.o
    0x08006244   0x00000034   Code   RO         2858    i.netconn_bind      api_lib.o
    0x08006278   0x00000006   Code   RO         2859    i.netconn_close     api_lib.o
    0x0800627e   0x00000002   PAD
    0x08006280   0x00000034   Code   RO         2860    i.netconn_close_shutdown  api_lib.o
    0x080062b4   0x00000024   Code   RO         2862    i.netconn_delete    api_lib.o
    0x080062d8   0x00000090   Code   RO         3011    i.netconn_drain     api_msg.o
    0x08006368   0x0000002e   Code   RO         3012    i.netconn_free      api_msg.o
    0x08006396   0x00000002   PAD
    0x08006398   0x00000030   Code   RO         2865    i.netconn_listen_with_backlog  api_lib.o
    0x080063c8   0x00000060   Code   RO         2866    i.netconn_new_with_proto_and_callback  api_lib.o
    0x08006428   0x0000007e   Code   RO         2867    i.netconn_recv      api_lib.o
    0x080064a6   0x00000002   PAD
    0x080064a8   0x000000ac   Code   RO         2868    i.netconn_recv_data  api_lib.o
    0x08006554   0x00000074   Code   RO         2874    i.netconn_write_partly  api_lib.o
    0x080065c8   0x00000050   Code   RO         1318    i.netif_add         netif.o
    0x08006618   0x00000002   Code   RO         1320    i.netif_init        netif.o
    0x0800661a   0x00000020   Code   RO         1322    i.netif_set_addr    netif.o
    0x0800663a   0x00000002   PAD
    0x0800663c   0x0000000c   Code   RO         1323    i.netif_set_default  netif.o
    0x08006648   0x0000001a   Code   RO         1324    i.netif_set_down    netif.o
    0x08006662   0x00000008   Code   RO         1325    i.netif_set_gw      netif.o
    0x0800666a   0x00000002   PAD
    0x0800666c   0x00000068   Code   RO         1326    i.netif_set_ipaddr  netif.o
    0x080066d4   0x00000008   Code   RO         1330    i.netif_set_netmask  netif.o
    0x080066dc   0x00000020   Code   RO         1331    i.netif_set_up      netif.o
    0x080066fc   0x0000000e   Code   RO          601    i.osDelay           cmsis_os.o
    0x0800670a   0x0000000a   Code   RO          604    i.osKernelStart     cmsis_os.o
    0x08006714   0x0000002e   Code   RO          627    i.osSemaphoreCreate  cmsis_os.o
    0x08006742   0x00000002   PAD
    0x08006744   0x00000050   Code   RO          629    i.osSemaphoreRelease  cmsis_os.o
    0x08006794   0x0000006c   Code   RO          630    i.osSemaphoreWait   cmsis_os.o
    0x08006800   0x00000014   Code   RO          633    i.osSystickHandler  cmsis_os.o
    0x08006814   0x00000038   Code   RO          634    i.osThreadCreate    cmsis_os.o
    0x0800684c   0x0000000a   Code   RO          637    i.osThreadList      cmsis_os.o
    0x08006856   0x0000000a   Code   RO          643    i.osThreadTerminate  cmsis_os.o
    0x08006860   0x00000114   Code   RO         1784    i.pbuf_alloc        pbuf.o
    0x08006974   0x00000028   Code   RO         1785    i.pbuf_cat          pbuf.o
    0x0800699c   0x00000012   Code   RO         1786    i.pbuf_chain        pbuf.o
    0x080069ae   0x00000012   Code   RO         1787    i.pbuf_clen         pbuf.o
    0x080069c0   0x0000009a   Code   RO         1789    i.pbuf_copy         pbuf.o
    0x08006a5a   0x00000066   Code   RO         1790    i.pbuf_copy_partial  pbuf.o
    0x08006ac0   0x00000046   Code   RO         1792    i.pbuf_free         pbuf.o
    0x08006b06   0x00000060   Code   RO         1794    i.pbuf_header       pbuf.o
    0x08006b66   0x0000004e   Code   RO         1797    i.pbuf_realloc      pbuf.o
    0x08006bb4   0x0000000c   Code   RO         1798    i.pbuf_ref          pbuf.o
    0x08006bc0   0x00000084   Code   RO         3013    i.pcb_new           api_msg.o
    0x08006c44   0x00000054   Code   RO         1205    i.plug_holes        mem.o
    0x08006c98   0x00000052   Code   RO         3014    i.poll_tcp          api_msg.o
    0x08006cea   0x00000002   PAD
    0x08006cec   0x00000034   Code   RO          241    i.prvAddCurrentTaskToDelayedList  tasks.o
    0x08006d20   0x00000054   Code   RO          242    i.prvCheckTasksWaitingTermination  tasks.o
    0x08006d74   0x00000026   Code   RO           67    i.prvCopyDataFromQueue  queue.o
    0x08006d9a   0x0000006e   Code   RO           68    i.prvCopyDataToQueue  queue.o
    0x08006e08   0x00000050   Code   RO          540    i.prvHeapInit       heap_4.o
    0x08006e58   0x00000028   Code   RO          243    i.prvIdleTask       tasks.o
    0x08006e80   0x0000004c   Code   RO          541    i.prvInsertBlockIntoFreeList  heap_4.o
    0x08006ecc   0x00000084   Code   RO          244    i.prvListTaskWithinSingleList  tasks.o
    0x08006f50   0x00000020   Code   RO          245    i.prvResetNextTaskUnblockTime  tasks.o
    0x08006f70   0x00000030   Code   RO          938    i.prvTaskExitError  port.o
    0x08006fa0   0x00000064   Code   RO           69    i.prvUnlockQueue    queue.o
    0x08007004   0x000000e4   Code   RO          542    i.pvPortMalloc      heap_4.o
    0x080070e8   0x00000018   Code   RO          246    i.pvTaskIncrementMutexHeldCount  tasks.o
    0x08007100   0x00000028   Code   RO          939    i.pxPortInitialiseStack  port.o
    0x08007128   0x0000000a   Code   RO         2092    i.raw_bind          raw.o
    0x08007132   0x00000002   PAD
    0x08007134   0x00000078   Code   RO         2094    i.raw_input         raw.o
    0x080071ac   0x0000002c   Code   RO         2095    i.raw_new           raw.o
    0x080071d8   0x00000006   Code   RO         2096    i.raw_recv          raw.o
    0x080071de   0x00000002   PAD
    0x080071e0   0x0000002c   Code   RO         2097    i.raw_remove        raw.o
    0x0800720c   0x00000078   Code   RO         3015    i.recv_raw          api_msg.o
    0x08007284   0x00000068   Code   RO         3016    i.recv_tcp          api_msg.o
    0x080072ec   0x0000006e   Code   RO         3017    i.recv_udp          api_msg.o
    0x0800735a   0x00000052   Code   RO         3018    i.sent_tcp          api_msg.o
    0x080073ac   0x00000044   Code   RO         3019    i.setup_tcp         api_msg.o
    0x080073f0   0x00000050   Code   RO         5981    i.sys_arch_mbox_fetch  sys_arch.o
    0x08007440   0x0000001e   Code   RO         5982    i.sys_arch_mbox_tryfetch  sys_arch.o
    0x0800745e   0x00000042   Code   RO         5984    i.sys_arch_sem_wait  sys_arch.o
    0x080074a0   0x0000000c   Code   RO         5987    i.sys_init          sys_arch.o
    0x080074ac   0x00000014   Code   RO         5988    i.sys_mbox_free     sys_arch.o
    0x080074c0   0x0000001c   Code   RO         5989    i.sys_mbox_new      sys_arch.o
    0x080074dc   0x0000001a   Code   RO         5990    i.sys_mbox_post     sys_arch.o
    0x080074f6   0x00000006   Code   RO         5991    i.sys_mbox_set_invalid  sys_arch.o
    0x080074fc   0x0000001c   Code   RO         5992    i.sys_mbox_trypost  sys_arch.o
    0x08007518   0x0000000a   Code   RO         5993    i.sys_mbox_valid    sys_arch.o
    0x08007522   0x00000006   Code   RO         5994    i.sys_sem_free      sys_arch.o
    0x08007528   0x0000003a   Code   RO         5995    i.sys_sem_new       sys_arch.o
    0x08007562   0x00000006   Code   RO         5996    i.sys_sem_set_invalid  sys_arch.o
    0x08007568   0x0000000c   Code   RO         5997    i.sys_sem_signal    sys_arch.o
    0x08007574   0x0000000a   Code   RO         5998    i.sys_sem_valid     sys_arch.o
    0x0800757e   0x00000002   PAD
    0x08007580   0x0000003c   Code   RO         5999    i.sys_thread_new    sys_arch.o
    0x080075bc   0x0000005c   Code   RO         1894    i.sys_timeout       lwip_timers.o
    0x08007618   0x00000038   Code   RO         1895    i.sys_timeouts_init  lwip_timers.o
    0x08007650   0x00000060   Code   RO         1896    i.sys_timeouts_mbox_fetch  lwip_timers.o
    0x080076b0   0x00000048   Code   RO         1897    i.sys_untimeout     lwip_timers.o
    0x080076f8   0x0000008c   Code   RO         2148    i.tcp_abandon       tcp.o
    0x08007784   0x00000006   Code   RO         2149    i.tcp_abort         tcp.o
    0x0800778a   0x00000004   Code   RO         2150    i.tcp_accept        tcp.o
    0x0800778e   0x00000006   Code   RO         2151    i.tcp_accept_null   tcp.o
    0x08007794   0x000000f8   Code   RO         2152    i.tcp_alloc         tcp.o
    0x0800788c   0x00000004   Code   RO         2153    i.tcp_arg           tcp.o
    0x08007890   0x00000084   Code   RO         2154    i.tcp_bind          tcp.o
    0x08007914   0x00000014   Code   RO         2155    i.tcp_close         tcp.o
    0x08007928   0x00000128   Code   RO         2156    i.tcp_close_shutdown  tcp.o
    0x08007a50   0x000000a4   Code   RO         2367    i.tcp_create_segment  tcp_out.o
    0x08007af4   0x00000020   Code   RO         2159    i.tcp_eff_send_mss  tcp.o
    0x08007b14   0x000000ac   Code   RO         2368    i.tcp_enqueue_flags  tcp_out.o
    0x08007bc0   0x00000006   Code   RO         2160    i.tcp_err           tcp.o
    0x08007bc6   0x00000002   PAD
    0x08007bc8   0x00000060   Code   RO         2161    i.tcp_fasttmr       tcp.o
    0x08007c28   0x00000002   Code   RO         2162    i.tcp_init          tcp.o
    0x08007c2a   0x00000002   PAD
    0x08007c2c   0x00000310   Code   RO         1448    i.tcp_input         tcp_in.o
    0x08007f3c   0x0000003c   Code   RO         2369    i.tcp_keepalive     tcp_out.o
    0x08007f78   0x000000e4   Code   RO         1449    i.tcp_listen_input  tcp_in.o
    0x0800805c   0x00000088   Code   RO         2163    i.tcp_listen_with_backlog  tcp.o
    0x080080e4   0x00000006   Code   RO         2164    i.tcp_new           tcp.o
    0x080080ea   0x00000002   PAD
    0x080080ec   0x0000005c   Code   RO         2165    i.tcp_new_port      tcp.o
    0x08008148   0x00000010   Code   RO         2166    i.tcp_next_iss      tcp.o
    0x08008158   0x00000190   Code   RO         2370    i.tcp_output        tcp_out.o
    0x080082e8   0x0000006c   Code   RO         2371    i.tcp_output_alloc_header  tcp_out.o
    0x08008354   0x000000b4   Code   RO         2372    i.tcp_output_segment  tcp_out.o
    0x08008408   0x00000080   Code   RO         1450    i.tcp_parseopt      tcp_in.o
    0x08008488   0x0000004e   Code   RO         2373    i.tcp_pbuf_prealloc  tcp_out.o
    0x080084d6   0x0000003a   Code   RO         2167    i.tcp_pcb_purge     tcp.o
    0x08008510   0x00000058   Code   RO         2168    i.tcp_pcb_remove    tcp.o
    0x08008568   0x0000000a   Code   RO         2169    i.tcp_poll          tcp.o
    0x08008572   0x00000002   PAD
    0x08008574   0x0000033c   Code   RO         1451    i.tcp_process       tcp_in.o
    0x080088b0   0x00000066   Code   RO         2170    i.tcp_process_refused_data  tcp.o
    0x08008916   0x00000002   PAD
    0x08008918   0x00000420   Code   RO         1452    i.tcp_receive       tcp_in.o
    0x08008d38   0x00000004   Code   RO         2171    i.tcp_recv          tcp.o
    0x08008d3c   0x00000024   Code   RO         2172    i.tcp_recv_null     tcp.o
    0x08008d60   0x00000038   Code   RO         2173    i.tcp_recved        tcp.o
    0x08008d98   0x00000052   Code   RO         2374    i.tcp_rexmit        tcp_out.o
    0x08008dea   0x00000058   Code   RO         2375    i.tcp_rexmit_fast   tcp_out.o
    0x08008e42   0x0000002c   Code   RO         2376    i.tcp_rexmit_rto    tcp_out.o
    0x08008e6e   0x00000078   Code   RO         2377    i.tcp_rst           tcp_out.o
    0x08008ee6   0x0000001c   Code   RO         2174    i.tcp_seg_free      tcp.o
    0x08008f02   0x00000012   Code   RO         2175    i.tcp_segs_free     tcp.o
    0x08008f14   0x00000048   Code   RO         2378    i.tcp_send_empty_ack  tcp_out.o
    0x08008f5c   0x00000044   Code   RO         2379    i.tcp_send_fin      tcp_out.o
    0x08008fa0   0x00000004   Code   RO         2176    i.tcp_sent          tcp.o
    0x08008fa4   0x0000004e   Code   RO         2178    i.tcp_shutdown      tcp.o
    0x08008ff2   0x00000002   PAD
    0x08008ff4   0x00000260   Code   RO         2179    i.tcp_slowtmr       tcp.o
    0x08009254   0x00000034   Code   RO         1898    i.tcp_timer_needed  lwip_timers.o
    0x08009288   0x0000006c   Code   RO         1453    i.tcp_timewait_input  tcp_in.o
    0x080092f4   0x00000020   Code   RO         2180    i.tcp_tmr           tcp.o
    0x08009314   0x00000036   Code   RO         2181    i.tcp_update_rcv_ann_wnd  tcp.o
    0x0800934a   0x00000002   PAD
    0x0800934c   0x00000302   Code   RO         2380    i.tcp_write         tcp_out.o
    0x0800964e   0x00000088   Code   RO         2381    i.tcp_zero_window_probe  tcp_out.o
    0x080096d6   0x00000002   PAD
    0x080096d8   0x00000040   Code   RO         2704    i.tcpip_apimsg      tcpip.o
    0x08009718   0x0000003c   Code   RO         2708    i.tcpip_init        tcpip.o
    0x08009754   0x0000004c   Code   RO         2709    i.tcpip_input       tcpip.o
    0x080097a0   0x00000038   Code   RO         1899    i.tcpip_tcp_timer   lwip_timers.o
    0x080097d8   0x00000080   Code   RO         2710    i.tcpip_thread      tcpip.o
    0x08009858   0x00000098   Code   RO         2003    i.udp_bind          udp.o
    0x080098f0   0x0000004c   Code   RO         2004    i.udp_connect       udp.o
    0x0800993c   0x00000002   Code   RO         2006    i.udp_init          udp.o
    0x0800993e   0x00000002   PAD
    0x08009940   0x0000017c   Code   RO         2007    i.udp_input         udp.o
    0x08009abc   0x0000001a   Code   RO         2008    i.udp_new           udp.o
    0x08009ad6   0x00000006   Code   RO         2009    i.udp_recv          udp.o
    0x08009adc   0x0000002c   Code   RO         2010    i.udp_remove        udp.o
    0x08009b08   0x000000b6   Code   RO         2013    i.udp_sendto_if     udp.o
    0x08009bbe   0x00000024   Code   RO          504    i.uxListRemove      list.o
    0x08009be2   0x00000028   Code   RO           72    i.uxQueueMessagesWaiting  queue.o
    0x08009c0a   0x00000002   PAD
    0x08009c0c   0x00000084   Code   RO          249    i.uxTaskGetSystemState  tasks.o
    0x08009c90   0x00000016   Code   RO          505    i.vListInitialise   list.o
    0x08009ca6   0x00000006   Code   RO          506    i.vListInitialiseItem  list.o
    0x08009cac   0x00000030   Code   RO          507    i.vListInsert       list.o
    0x08009cdc   0x00000018   Code   RO          508    i.vListInsertEnd    list.o
    0x08009cf4   0x00000048   Code   RO          941    i.vPortEnterCritical  port.o
    0x08009d3c   0x0000002c   Code   RO          942    i.vPortExitCritical  port.o
    0x08009d68   0x00000064   Code   RO          543    i.vPortFree         heap_4.o
    0x08009dcc   0x00000020   Code   RO          943    i.vPortSetupTimerInterrupt  port.o
    0x08009dec   0x0000005c   Code   RO          944    i.vPortValidateInterruptPriority  port.o
    0x08009e48   0x00000028   Code   RO           76    i.vQueueDelete      queue.o
    0x08009e70   0x00000024   Code   RO           78    i.vQueueUnregisterQueue  queue.o
    0x08009e94   0x0000006c   Code   RO          254    i.vTaskDelay        tasks.o
    0x08009f00   0x000000a8   Code   RO          255    i.vTaskDelete       tasks.o
    0x08009fa8   0x000000c8   Code   RO          257    i.vTaskList         tasks.o
    0x0800a070   0x0000000c   Code   RO          258    i.vTaskMissedYield  tasks.o
    0x0800a07c   0x00000050   Code   RO          260    i.vTaskPlaceOnEventList  tasks.o
    0x0800a0cc   0x00000088   Code   RO          262    i.vTaskPriorityInherit  tasks.o
    0x0800a154   0x00000028   Code   RO          265    i.vTaskSetTimeOutState  tasks.o
    0x0800a17c   0x00000068   Code   RO          266    i.vTaskStartScheduler  tasks.o
    0x0800a1e4   0x00000010   Code   RO          267    i.vTaskSuspendAll   tasks.o
    0x0800a1f4   0x00000060   Code   RO          268    i.vTaskSwitchContext  tasks.o
    0x0800a254   0x000000a8   Code   RO          945    i.xPortStartScheduler  port.o
    0x0800a2fc   0x00000030   Code   RO          946    i.xPortSysTickHandler  port.o
    0x0800a32c   0x00000054   Code   RO           79    i.xQueueCreateCountingSemaphore  queue.o
    0x0800a380   0x0000006c   Code   RO           81    i.xQueueGenericCreate  queue.o
    0x0800a3ec   0x00000178   Code   RO           82    i.xQueueGenericReceive  queue.o
    0x0800a564   0x00000098   Code   RO           83    i.xQueueGenericReset  queue.o
    0x0800a5fc   0x00000170   Code   RO           84    i.xQueueGenericSend  queue.o
    0x0800a76c   0x000000ac   Code   RO           86    i.xQueueGiveFromISR  queue.o
    0x0800a818   0x0000009a   Code   RO           91    i.xQueueReceiveFromISR  queue.o
    0x0800a8b2   0x00000002   PAD
    0x0800a8b4   0x00000070   Code   RO          269    i.xTaskCheckForTimeOut  tasks.o
    0x0800a924   0x000001c0   Code   RO          270    i.xTaskGenericCreate  tasks.o
    0x0800aae4   0x0000001c   Code   RO          273    i.xTaskGetSchedulerState  tasks.o
    0x0800ab00   0x0000000c   Code   RO          274    i.xTaskGetTickCount  tasks.o
    0x0800ab0c   0x000000d0   Code   RO          276    i.xTaskIncrementTick  tasks.o
    0x0800abdc   0x000000a8   Code   RO          279    i.xTaskPriorityDisinherit  tasks.o
    0x0800ac84   0x00000078   Code   RO          280    i.xTaskRemoveFromEventList  tasks.o
    0x0800acfc   0x000000c8   Code   RO          282    i.xTaskResumeAll    tasks.o
    0x0800adc4   0x00000030   Data   RO         1559    .constdata          memp.o
    0x0800adf4   0x00000054   Data   RO         2182    .constdata          tcp.o
    0x0800ae48   0x00000004   Data   RO         2597    .constdata          ip_addr.o
    0x0800ae4c   0x00000004   Data   RO         2598    .constdata          ip_addr.o
    0x0800ae50   0x000004d6   Data   RO         2653    .constdata          fs.o
    0x0800b326   0x00000763   Data   RO         2654    .constdata          fs.o
    0x0800ba89   0x00000003   PAD
    0x0800ba8c   0x00000014   Data   RO         2658    .constdata          fs.o
    0x0800baa0   0x00000014   Data   RO         2659    .constdata          fs.o
    0x0800bab4   0x00000028   Data   RO         3185    .constdata          main.o
    0x0800badc   0x0000063c   Data   RO         3350    .constdata          httpserver-netconn.o
    0x0800c118   0x00000014   Data   RO         3437    .constdata          ethernetif.o
    0x0800c12c   0x00000008   Data   RO         4885    .constdata          stm32f7xx_hal_dma.o
    0x0800c134   0x00000010   Data   RO         5288    .constdata          stm32f7xx_hal_rcc.o
    0x0800c144   0x0000000c   Data   RO         6124    .constdata          etharp.o
    0x0800c150   0x00001ab8   Data   RO         6347    .constdata          stm32746g_discovery_lcd.o
    0x0800dc08   0x00000be0   Data   RO         6349    .constdata          stm32746g_discovery_lcd.o
    0x0800e7e8   0x00000474   Data   RO         6350    .constdata          stm32746g_discovery_lcd.o
    0x0800ec5c   0x00000075   Data   RO         2183    .conststring        tcp.o
    0x0800ecd1   0x00000003   PAD
    0x0800ecd4   0x0000000e   Data   RO         3186    .conststring        main.o
    0x0800ece2   0x00000002   PAD
    0x0800ece4   0x00000006   Data   RO         3438    .conststring        ethernetif.o
    0x0800ecea   0x00000002   PAD
    0x0800ecec   0x00000020   Data   RO         7236    Region$$Table       anon$$obj.o


    Execution Region RW_IRAM1 (Base: 0x20000000, Size: 0x00016b38, Max: 0x00050000, ABSOLUTE, COMPRESSED[0x00000040])

    Base Addr    Size         Type   Attr      Idx    E Section Name        Object

    0x20000000   0x00000038   Data   RW          284    .data               tasks.o
    0x20000038   0x00000018   Data   RW          548    .data               heap_4.o
    0x20000050   0x0000000c   Data   RW          947    .data               port.o
    0x2000005c   0x00000014   Data   RW         1016    .data               lcd_log.o
    0x20000070   0x00000010   Data   RW         1207    .data               mem.o
    0x20000080   0x0000000c   Data   RW         1332    .data               netif.o
    0x2000008c   0x0000001c   Data   RW         1455    .data               tcp_in.o
    0x200000a8   0x00000004   Data   RW         1636    .data               dhcp.o
    0x200000ac   0x00000008   Data   RW         1900    .data               lwip_timers.o
    0x200000b4   0x00000008   Data   RW         2014    .data               udp.o
    0x200000bc   0x00000004   Data   RW         2100    .data               raw.o
    0x200000c0   0x00000024   Data   RW         2184    .data               tcp.o
    0x200000e4   0x00000014   Data   RW         2558    .data               ip.o
    0x200000f8   0x0000000c   Data   RW         2714    .data               tcpip.o
    0x20000104   0x00000004   Data   RW         3351    .data               httpserver-netconn.o
    0x20000108   0x00000001   Data   RW         3393    .data               app_ethernet.o
    0x20000109   0x00000003   PAD
    0x2000010c   0x00000004   Data   RW         3439    .data               ethernetif.o
    0x20000110   0x00000008   Data   RW         5894    .data               tm_stm32_delay.o
    0x20000118   0x00000002   Data   RW         6000    .data               sys_arch.o
    0x2000011a   0x00000001   Data   RW         6125    .data               etharp.o
    0x2000011b   0x00000002   Data   RW         6222    .data               stm32746g_discovery_sdram.o
    0x2000011d   0x00000003   PAD
    0x20000120   0x0000000c   Data   RW         6352    .data               stm32746g_discovery_lcd.o
    0x2000012c   0x00000008   Data   RW         6354    .data               stm32746g_discovery_lcd.o
    0x20000134   0x00000008   Data   RW         6355    .data               stm32746g_discovery_lcd.o
    0x2000013c   0x00000014   Data   RW         6853    .data               system_stm32f7xx.o
    0x20000150   0x00000004   Data   RW         7208    .data               mc_w.l(stdout.o)
    0x20000154   0x00000040   Zero   RW           93    .bss                queue.o
    0x20000194   0x000000dc   Zero   RW          283    .bss                tasks.o
    0x20000270   0x00005000   Zero   RW          547    .bss                heap_4.o
    0x20005270   0x00003c54   Zero   RW         1015    .bss                lcd_log.o
    0x20008ec4   0x00001414   Zero   RW         1206    .bss                mem.o
    0x2000a2d8   0x00000014   Zero   RW         1454    .bss                tcp_in.o
    0x2000a2ec   0x00000032   Zero   RW         1635    .bss                dhcp.o
    0x2000a31e   0x00000002   PAD
    0x2000a320   0x000000f0   Zero   RW         2649    .bss                fs.o
    0x2000a410   0x00000038   Zero   RW         3184    .bss                main.o
    0x2000a448   0x00000048   Zero   RW         3436    .bss                ethernetif.o
    0x2000a490   0x00000018   Zero   RW         5893    .bss                tm_stm32_delay.o
    0x2000a4a8   0x000000c8   Zero   RW         6123    .bss                etharp.o
    0x2000a570   0x00000110   Zero   RW         6221    .bss                stm32746g_discovery_sdram.o
    0x2000a680   0x00000184   Zero   RW         6346    .bss                stm32746g_discovery_lcd.o
    0x2000a804   0x00000004   PAD
    0x2000a808   0x00002000   Zero   RW         6200    STACK               startup_stm32f746xx.o
    0x2000c808   0x000017f8   PAD
    0x2000e000   0x000000a0   Zero   RW         3432    .ARM.__AT_0x2000E000  ethernetif.o
    0x2000e0a0   0x00000060   PAD
    0x2000e100   0x000000a0   Zero   RW         3433    .ARM.__AT_0x2000E100  ethernetif.o
    0x2000e1a0   0x00000060   PAD
    0x2000e200   0x00001dc4   Zero   RW         3434    .ARM.__AT_0x2000E200  ethernetif.o
    0x2000ffc4   0x00001dc4   Zero   RW         3435    .ARM.__AT_0x2000FFC4  ethernetif.o
    0x20011d88   0x00004daf   Zero   RW         1558    .bss                memp.o


==============================================================================

Image component sizes


      Code (inc. data)   RO Data    RW Data    ZI Data      Debug   Object Name

       796         34          0          0          0      20689   api_lib.o
      2464         48          0          0          0      20871   api_msg.o
       448        218          0          1          0       2547   app_ethernet.o
       380         12          0          0          0      23278   cmsis_os.o
         0          0          0          0          0      13852   croutine.o
        16          0          0          0          0       3312   def.o
      3302         74          0          4         50      28023   dhcp.o
      1668         68         12          1        200      17004   etharp.o
       900         94         26          4      15632       7774   ethernetif.o
       156         14       3169          0        240       5661   fs.o
       484         24          0         24      20480       8279   heap_4.o
       680        308       1596          4          0      12036   httpserver-netconn.o
       362         10          0          0          0       3749   icmp.o
         0          0          0          0          0       4012   inet.o
       176          0          0          0          0       3449   inet_chksum.o
        34          0          0          0          0       3588   init.o
       616         24          0         20          0       8617   ip.o
        46          0          8          0          0       8074   ip_addr.o
       686         48          0         20      15444     493353   lcd_log.o
       136          0          0          0          0       4366   list.o
       508         76          0          8          0       8463   lwip_timers.o
      1040        418         54          0         56      49366   main.o
       652         26          0         16       5140      16349   mem.o
       144         20         48          0      19887       4210   memp.o
        72          0          0          0          0       3446   netbuf.o
       304         20          0         12          0      30327   netif.o
       864          0          0          0          0      10601   pbuf.o
       730         80          0         12          0      10789   port.o
      1778         20          0          0         64      26746   queue.o
       224         24          0          4          0       5185   raw.o
        36          8        456          0       8192        908   startup_stm32f746xx.o
      1708        188      11020         28        388      24189   stm32746g_discovery_lcd.o
       620         56          0          2        272       5290   stm32746g_discovery_sdram.o
        72          4          0          0          0       2108   stm32f7xx_hal.o
       286         18          0          0          0      37066   stm32f7xx_hal_cortex.o
       266         12          8          0          0       3252   stm32f7xx_hal_dma.o
       738          6          0          0          0       6587   stm32f7xx_hal_dma2d.o
      1974         66          0          0          0      14488   stm32f7xx_hal_eth.o
       482         54          0          0          0       2984   stm32f7xx_hal_gpio.o
       810          4          0          0          0       5038   stm32f7xx_hal_ltdc.o
       108          8          0          0          0       1552   stm32f7xx_hal_pwr_ex.o
      1576         46         16          0          0       5665   stm32f7xx_hal_rcc.o
      1420         16          0          0          0       2640   stm32f7xx_hal_rcc_ex.o
       150          0          0          0          0       3952   stm32f7xx_hal_sdram.o
        30          0          0          0          0       4520   stm32f7xx_it.o
       308          0          0          0          0       4220   stm32f7xx_ll_fmc.o
       458          8          0          2          0      13925   sys_arch.o
        84         16          0         20          0       1505   system_stm32f7xx.o
      2752        216          0         56        220      29405   tasks.o
      2418         94        201         36          0      37549   tcp.o
      3132        126          0         28         20      22922   tcp_in.o
      2542          8          0          0          0      18419   tcp_out.o
       328         40          0         12          0      10170   tcpip.o
         0          0          0          0          0       7236   timers.o
       162         20          0          8         24       6741   tm_stm32_delay.o
       868         26          0          8          0      18705   udp.o

    ----------------------------------------------------------------------
     43074       2700      16656        336      92644    1149052   Object Totals
         0          0         32          0          0          0   (incl. Generated)
        80          0         10          6       6335          0   (incl. Padding)

    ----------------------------------------------------------------------

      Code (inc. data)   RO Data    RW Data    ZI Data      Debug   Library Member Name

        86          0          0          0          0          0   __dczerorl2.o
         0          0          0          0          0          0   entry.o
         0          0          0          0          0          0   entry10a.o
         0          0          0          0          0          0   entry11a.o
         8          4          0          0          0          0   entry2.o
         4          0          0          0          0          0   entry5.o
         0          0          0          0          0          0   entry7b.o
         0          0          0          0          0          0   entry8b.o
         8          4          0          0          0          0   entry9a.o
        30          0          0          0          0          0   handlers.o
        36          8          0          0          0         68   init.o
        26          0          0          0          0         80   memcmp.o
        36          0          0          0          0         68   memcpya.o
        36          0          0          0          0        108   memseta.o
       522         20          0          0          0        336   printf3.o
         0          0          0          4          0          0   stdout.o
        24          0          0          0          0         68   strcat.o
        28          0          0          0          0         76   strcmp.o
        18          0          0          0          0         68   strcpy.o
        14          0          0          0          0         68   strlen.o
        30          0          0          0          0         80   strncmp.o
        44          0          0          0          0         80   uidiv.o

    ----------------------------------------------------------------------
       954         36          0          4          0       1100   Library Totals
         4          0          0          0          0          0   (incl. Padding)

    ----------------------------------------------------------------------

      Code (inc. data)   RO Data    RW Data    ZI Data      Debug   Library Name

       950         36          0          4          0       1100   mc_w.l

    ----------------------------------------------------------------------
       954         36          0          4          0       1100   Library Totals

    ----------------------------------------------------------------------

==============================================================================


      Code (inc. data)   RO Data    RW Data    ZI Data      Debug   

     44028       2736      16656        340      92644    1111516   Grand Totals
     44028       2736      16656         64      92644    1111516   ELF Image Totals (compressed)
     44028       2736      16656         64          0          0   ROM Totals

==============================================================================

    Total RO  Size (Code + RO Data)                60684 (  59.26kB)
    Total RW  Size (RW Data + ZI Data)             92984 (  90.80kB)
    Total ROM Size (Code + RO Data + RW Data)      60748 (  59.32kB)

==============================================================================

