Component: ARM Compiler 5.06 (build 20) Tool: armlink [4d35a3]

==============================================================================

Section Cross References

    queue.o(i.prvCopyDataFromQueue) refers to memcpya.o(.text) for __aeabi_memcpy
    queue.o(i.prvCopyDataToQueue) refers to memcpya.o(.text) for __aeabi_memcpy
    queue.o(i.prvCopyDataToQueue) refers to tasks.o(i.xTaskPriorityDisinherit) for xTaskPriorityDisinherit
    queue.o(i.prvUnlockQueue) refers to port.o(i.vPortEnterCritical) for vPortEnterCritical
    queue.o(i.prvUnlockQueue) refers to tasks.o(i.xTaskRemoveFromEventList) for xTaskRemoveFromEventList
    queue.o(i.prvUnlockQueue) refers to tasks.o(i.vTaskMissedYield) for vTaskMissedYield
    queue.o(i.prvUnlockQueue) refers to port.o(i.vPortExitCritical) for vPortExitCritical
    queue.o(i.uxQueueMessagesWaiting) refers to port.o(i.vPortEnterCritical) for vPortEnterCritical
    queue.o(i.uxQueueMessagesWaiting) refers to port.o(i.vPortExitCritical) for vPortExitCritical
    queue.o(i.uxQueueSpacesAvailable) refers to port.o(i.vPortEnterCritical) for vPortEnterCritical
    queue.o(i.uxQueueSpacesAvailable) refers to port.o(i.vPortExitCritical) for vPortExitCritical
    queue.o(i.vQueueAddToRegistry) refers to queue.o(.bss) for .bss
    queue.o(i.vQueueDelete) refers to queue.o(i.vQueueUnregisterQueue) for vQueueUnregisterQueue
    queue.o(i.vQueueDelete) refers to heap_4.o(i.vPortFree) for vPortFree
    queue.o(i.vQueueUnregisterQueue) refers to queue.o(.bss) for .bss
    queue.o(i.xQueueCreateCountingSemaphore) refers to queue.o(i.xQueueGenericCreate) for xQueueGenericCreate
    queue.o(i.xQueueCreateMutex) refers to heap_4.o(i.pvPortMalloc) for pvPortMalloc
    queue.o(i.xQueueCreateMutex) refers to list.o(i.vListInitialise) for vListInitialise
    queue.o(i.xQueueCreateMutex) refers to queue.o(i.xQueueGenericSend) for xQueueGenericSend
    queue.o(i.xQueueGenericCreate) refers to heap_4.o(i.pvPortMalloc) for pvPortMalloc
    queue.o(i.xQueueGenericCreate) refers to queue.o(i.xQueueGenericReset) for xQueueGenericReset
    queue.o(i.xQueueGenericReceive) refers to tasks.o(i.xTaskGetSchedulerState) for xTaskGetSchedulerState
    queue.o(i.xQueueGenericReceive) refers to port.o(i.vPortEnterCritical) for vPortEnterCritical
    queue.o(i.xQueueGenericReceive) refers to queue.o(i.prvCopyDataFromQueue) for prvCopyDataFromQueue
    queue.o(i.xQueueGenericReceive) refers to tasks.o(i.xTaskRemoveFromEventList) for xTaskRemoveFromEventList
    queue.o(i.xQueueGenericReceive) refers to port.o(i.vPortExitCritical) for vPortExitCritical
    queue.o(i.xQueueGenericReceive) refers to tasks.o(i.pvTaskIncrementMutexHeldCount) for pvTaskIncrementMutexHeldCount
    queue.o(i.xQueueGenericReceive) refers to tasks.o(i.vTaskSetTimeOutState) for vTaskSetTimeOutState
    queue.o(i.xQueueGenericReceive) refers to tasks.o(i.vTaskSuspendAll) for vTaskSuspendAll
    queue.o(i.xQueueGenericReceive) refers to tasks.o(i.xTaskCheckForTimeOut) for xTaskCheckForTimeOut
    queue.o(i.xQueueGenericReceive) refers to queue.o(i.prvUnlockQueue) for prvUnlockQueue
    queue.o(i.xQueueGenericReceive) refers to tasks.o(i.xTaskResumeAll) for xTaskResumeAll
    queue.o(i.xQueueGenericReceive) refers to tasks.o(i.vTaskPriorityInherit) for vTaskPriorityInherit
    queue.o(i.xQueueGenericReceive) refers to tasks.o(i.vTaskPlaceOnEventList) for vTaskPlaceOnEventList
    queue.o(i.xQueueGenericReset) refers to port.o(i.vPortEnterCritical) for vPortEnterCritical
    queue.o(i.xQueueGenericReset) refers to list.o(i.vListInitialise) for vListInitialise
    queue.o(i.xQueueGenericReset) refers to port.o(i.vPortExitCritical) for vPortExitCritical
    queue.o(i.xQueueGenericReset) refers to tasks.o(i.xTaskRemoveFromEventList) for xTaskRemoveFromEventList
    queue.o(i.xQueueGenericSend) refers to tasks.o(i.xTaskGetSchedulerState) for xTaskGetSchedulerState
    queue.o(i.xQueueGenericSend) refers to port.o(i.vPortEnterCritical) for vPortEnterCritical
    queue.o(i.xQueueGenericSend) refers to queue.o(i.prvCopyDataToQueue) for prvCopyDataToQueue
    queue.o(i.xQueueGenericSend) refers to tasks.o(i.xTaskRemoveFromEventList) for xTaskRemoveFromEventList
    queue.o(i.xQueueGenericSend) refers to port.o(i.vPortExitCritical) for vPortExitCritical
    queue.o(i.xQueueGenericSend) refers to tasks.o(i.vTaskSetTimeOutState) for vTaskSetTimeOutState
    queue.o(i.xQueueGenericSend) refers to tasks.o(i.vTaskSuspendAll) for vTaskSuspendAll
    queue.o(i.xQueueGenericSend) refers to tasks.o(i.xTaskCheckForTimeOut) for xTaskCheckForTimeOut
    queue.o(i.xQueueGenericSend) refers to queue.o(i.prvUnlockQueue) for prvUnlockQueue
    queue.o(i.xQueueGenericSend) refers to tasks.o(i.xTaskResumeAll) for xTaskResumeAll
    queue.o(i.xQueueGenericSend) refers to tasks.o(i.vTaskPlaceOnEventList) for vTaskPlaceOnEventList
    queue.o(i.xQueueGenericSendFromISR) refers to port.o(i.vPortValidateInterruptPriority) for vPortValidateInterruptPriority
[...]
    _memset$wrapper                          0x080002f3   Thumb Code    18  memseta.o(.text)
    strcat                                   0x08000305   Thumb Code    24  strcat.o(.text)
    strlen                                   0x0800031d   Thumb Code    14  strlen.o(.text)
    memcmp                                   0x0800032b   Thumb Code    26  memcmp.o(.text)
    strcpy                                   0x08000345   Thumb Code    18  strcpy.o(.text)
    strncmp                                  0x08000357   Thumb Code    30  strncmp.o(.text)
    __aeabi_uidiv                            0x08000375   Thumb Code     0  uidiv.o(.text)
    __aeabi_uidivmod                         0x08000375   Thumb Code    44  uidiv.o(.text)
    __scatterload                            0x080003a1   Thumb Code    28  init.o(.text)
    __scatterload_rt2                        0x080003a1   Thumb Code     0  init.o(.text)
    __decompress                             0x080003c5   Thumb Code     0  __dczerorl2.o(.text)
    __decompress1                            0x080003c5   Thumb Code    86  __dczerorl2.o(.text)
    BSP_LCD_Clear                            0x080004c1   Thumb Code    48  stm32746g_discovery_lcd.o(i.BSP_LCD_Clear)
    BSP_LCD_ClockConfig                      0x080004f9   Thumb Code    26  stm32746g_discovery_lcd.o(i.BSP_LCD_ClockConfig)
    BSP_LCD_DisplayChar                      0x08000519   Thumb Code    44  stm32746g_discovery_lcd.o(i.BSP_LCD_DisplayChar)
    BSP_LCD_DisplayStringAt                  0x0800054d   Thumb Code   192  stm32746g_discovery_lcd.o(i.BSP_LCD_DisplayStringAt)
    BSP_LCD_DisplayStringAtLine              0x08000615   Thumb Code    28  stm32746g_discovery_lcd.o(i.BSP_LCD_DisplayStringAtLine)
    BSP_LCD_DrawPixel                        0x08000631   Thumb Code    90  stm32746g_discovery_lcd.o(i.BSP_LCD_DrawPixel)
    BSP_LCD_FillRect                         0x08000695   Thumb Code   148  stm32746g_discovery_lcd.o(i.BSP_LCD_FillRect)
    BSP_LCD_GetFont                          0x08000731   Thumb Code    18  stm32746g_discovery_lcd.o(i.BSP_LCD_GetFont)
    BSP_LCD_GetXSize                         0x0800074d   Thumb Code    22  stm32746g_discovery_lcd.o(i.BSP_LCD_GetXSize)
    BSP_LCD_GetYSize                         0x0800076d   Thumb Code    22  stm32746g_discovery_lcd.o(i.BSP_LCD_GetYSize)
    BSP_LCD_Init                             0x0800078d   Thumb Code   142  stm32746g_discovery_lcd.o(i.BSP_LCD_Init)
    BSP_LCD_LayerDefaultInit                 0x08000831   Thumb Code   112  stm32746g_discovery_lcd.o(i.BSP_LCD_LayerDefaultInit)
    BSP_LCD_MspInit                          0x080008a9   Thumb Code   286  stm32746g_discovery_lcd.o(i.BSP_LCD_MspInit)
    BSP_LCD_SelectLayer                      0x080009e1   Thumb Code     6  stm32746g_discovery_lcd.o(i.BSP_LCD_SelectLayer)
    BSP_LCD_SetBackColor                     0x080009ed   Thumb Code    18  stm32746g_discovery_lcd.o(i.BSP_LCD_SetBackColor)
    BSP_LCD_SetFont                          0x08000a09   Thumb Code    18  stm32746g_discovery_lcd.o(i.BSP_LCD_SetFont)
    BSP_LCD_SetTextColor                     0x08000a25   Thumb Code    16  stm32746g_discovery_lcd.o(i.BSP_LCD_SetTextColor)
    BSP_SDRAM_Init                           0x08000a3d   Thumb Code   108  stm32746g_discovery_sdram.o(i.BSP_SDRAM_Init)
    BSP_SDRAM_Initialization_sequence        0x08000ab5   Thumb Code   134  stm32746g_discovery_sdram.o(i.BSP_SDRAM_Initialization_sequence)
    BSP_SDRAM_MspInit                        0x08000b41   Thumb Code   322  stm32746g_discovery_sdram.o(i.BSP_SDRAM_MspInit)
    BusFault_Handler                         0x08000ca9   Thumb Code     2  stm32f7xx_it.o(i.BusFault_Handler)
    DHCP_thread                              0x08000d3d   Thumb Code   198  app_ethernet.o(i.DHCP_thread)
    DebugMon_Handler                         0x08000f5d   Thumb Code     2  stm32f7xx_it.o(i.DebugMon_Handler)
    DynWebPage                               0x0800103d   Thumb Code   142  httpserver-netconn.o(i.DynWebPage)
    ETHERNET_IRQHandler                      0x080011b9   Thumb Code     6  ethernetif.o(i.ETHERNET_IRQHandler)
    ETH_IRQHandler                           0x080011f3   Thumb Code     4  stm32f7xx_it.o(i.ETH_IRQHandler)
    FMC_SDRAM_Init                           0x0800131d   Thumb Code    94  stm32f7xx_ll_fmc.o(i.FMC_SDRAM_Init)
    FMC_SDRAM_ProgramRefreshRate             0x0800137b   Thumb Code    12  stm32f7xx_ll_fmc.o(i.FMC_SDRAM_ProgramRefreshRate)
    FMC_SDRAM_SendCommand                    0x08001387   Thumb Code    72  stm32f7xx_ll_fmc.o(i.FMC_SDRAM_SendCommand)
    FMC_SDRAM_Timing_Init                    0x080013cf   Thumb Code   130  stm32f7xx_ll_fmc.o(i.FMC_SDRAM_Timing_Init)
    HAL_DMA2D_ConfigLayer                    0x08001451   Thumb Code   218  stm32f7xx_hal_dma2d.o(i.HAL_DMA2D_ConfigLayer)
    HAL_DMA2D_Init                           0x08001531   Thumb Code    90  stm32f7xx_hal_dma2d.o(i.HAL_DMA2D_Init)
    HAL_DMA2D_MspInit                        0x0800158b   Thumb Code     2  stm32f7xx_hal_dma2d.o(i.HAL_DMA2D_MspInit)
    HAL_DMA2D_PollForTransfer                0x0800158d   Thumb Code   220  stm32f7xx_hal_dma2d.o(i.HAL_DMA2D_PollForTransfer)
    HAL_DMA2D_Start                          0x08001669   Thumb Code    62  stm32f7xx_hal_dma2d.o(i.HAL_DMA2D_Start)
    HAL_DMA_DeInit                           0x080016a7   Thumb Code    86  stm32f7xx_hal_dma.o(i.HAL_DMA_DeInit)
    HAL_DMA_Init                             0x080016fd   Thumb Code   134  stm32f7xx_hal_dma.o(i.HAL_DMA_Init)
    HAL_Delay                                0x08001789   Thumb Code    38  tm_stm32_delay.o(i.HAL_Delay)
    HAL_ETH_DMARxDescListInit                0x080017b5   Thumb Code   116  stm32f7xx_hal_eth.o(i.HAL_ETH_DMARxDescListInit)
    HAL_ETH_DMATxDescListInit                0x08001829   Thumb Code   132  stm32f7xx_hal_eth.o(i.HAL_ETH_DMATxDescListInit)
    HAL_ETH_ErrorCallback                    0x080018ad   Thumb Code     2  stm32f7xx_hal_eth.o(i.HAL_ETH_ErrorCallback)
    HAL_ETH_GetReceivedFrame_IT              0x080018af   Thumb Code   140  stm32f7xx_hal_eth.o(i.HAL_ETH_GetReceivedFrame_IT)
    HAL_ETH_IRQHandler                       0x0800193b   Thumb Code   118  stm32f7xx_hal_eth.o(i.HAL_ETH_IRQHandler)
    HAL_ETH_Init                             0x080019b1   Thumb Code   422  stm32f7xx_hal_eth.o(i.HAL_ETH_Init)
    HAL_ETH_MspInit                          0x08001b81   Thumb Code   170  ethernetif.o(i.HAL_ETH_MspInit)
    HAL_ETH_ReadPHYRegister                  0x08001c3d   Thumb Code   134  stm32f7xx_hal_eth.o(i.HAL_ETH_ReadPHYRegister)
    HAL_ETH_RxCpltCallback                   0x08001cc5   Thumb Code     8  ethernetif.o(i.HAL_ETH_RxCpltCallback)
    HAL_ETH_Start                            0x08001cd1   Thumb Code   132  stm32f7xx_hal_eth.o(i.HAL_ETH_Start)
    HAL_ETH_TransmitFrame                    0x08001d55   Thumb Code   274  stm32f7xx_hal_eth.o(i.HAL_ETH_TransmitFrame)
    HAL_ETH_TxCpltCallback                   0x08001e67   Thumb Code     2  stm32f7xx_hal_eth.o(i.HAL_ETH_TxCpltCallback)
    HAL_ETH_WritePHYRegister                 0x08001e69   Thumb Code   122  stm32f7xx_hal_eth.o(i.HAL_ETH_WritePHYRegister)
    HAL_GPIO_Init                            0x08001ee5   Thumb Code   418  stm32f7xx_hal_gpio.o(i.HAL_GPIO_Init)
    HAL_GPIO_WritePin                        0x080020bd   Thumb Code    10  stm32f7xx_hal_gpio.o(i.HAL_GPIO_WritePin)
    HAL_GetTick                              0x080020c9   Thumb Code     6  tm_stm32_delay.o(i.HAL_GetTick)
    HAL_IncTick                              0x080020d5   Thumb Code    96  tm_stm32_delay.o(i.HAL_IncTick)
    HAL_Init                                 0x0800213d   Thumb Code    32  stm32f7xx_hal.o(i.HAL_Init)
    HAL_InitTick                             0x08002161   Thumb Code    34  stm32f7xx_hal.o(i.HAL_InitTick)
    HAL_LTDC_ConfigLayer                     0x08002183   Thumb Code    82  stm32f7xx_hal_ltdc.o(i.HAL_LTDC_ConfigLayer)
    HAL_LTDC_GetState                        0x080021d5   Thumb Code     6  stm32f7xx_hal_ltdc.o(i.HAL_LTDC_GetState)
    HAL_LTDC_Init                            0x080021dd   Thumb Code   252  stm32f7xx_hal_ltdc.o(i.HAL_LTDC_Init)
    HAL_LTDC_MspInit                         0x080022dd   Thumb Code     2  stm32f7xx_hal_ltdc.o(i.HAL_LTDC_MspInit)
    HAL_MPU_ConfigRegion                     0x080022e1   Thumb Code    86  stm32f7xx_hal_cortex.o(i.HAL_MPU_ConfigRegion)
    HAL_MspInit                              0x0800233d   Thumb Code     2  stm32f7xx_hal.o(i.HAL_MspInit)
    HAL_NVIC_EnableIRQ                       0x0800233f   Thumb Code    22  stm32f7xx_hal_cortex.o(i.HAL_NVIC_EnableIRQ)
    HAL_NVIC_SetPriority                     0x08002355   Thumb Code    60  stm32f7xx_hal_cortex.o(i.HAL_NVIC_SetPriority)
    HAL_NVIC_SetPriorityGrouping             0x08002395   Thumb Code    28  stm32f7xx_hal_cortex.o(i.HAL_NVIC_SetPriorityGrouping)
    HAL_PWREx_EnableOverDrive                0x080023b9   Thumb Code   100  stm32f7xx_hal_pwr_ex.o(i.HAL_PWREx_EnableOverDrive)
    HAL_RCCEx_PeriphCLKConfig                0x08002425   Thumb Code  1416  stm32f7xx_hal_rcc_ex.o(i.HAL_RCCEx_PeriphCLKConfig)
    HAL_RCC_ClockConfig                      0x080029b1   Thumb Code   450  stm32f7xx_hal_rcc.o(i.HAL_RCC_ClockConfig)
    HAL_RCC_GetHCLKFreq                      0x08002b7d   Thumb Code    38  stm32f7xx_hal_rcc.o(i.HAL_RCC_GetHCLKFreq)
    HAL_RCC_GetSysClockFreq                  0x08002bb1   Thumb Code   120  stm32f7xx_hal_rcc.o(i.HAL_RCC_GetSysClockFreq)
    HAL_RCC_OscConfig                        0x08002c35   Thumb Code   922  stm32f7xx_hal_rcc.o(i.HAL_RCC_OscConfig)
    HAL_SDRAM_Init                           0x08002fd9   Thumb Code    66  stm32f7xx_hal_sdram.o(i.HAL_SDRAM_Init)
    HAL_SDRAM_MspInit                        0x0800301b   Thumb Code     2  stm32f7xx_hal_sdram.o(i.HAL_SDRAM_MspInit)
    HAL_SDRAM_ProgramRefreshRate             0x0800301d   Thumb Code    34  stm32f7xx_hal_sdram.o(i.HAL_SDRAM_ProgramRefreshRate)
    HAL_SDRAM_SendCommand                    0x08003041   Thumb Code    48  stm32f7xx_hal_sdram.o(i.HAL_SDRAM_SendCommand)
    HAL_SYSTICK_Config                       0x08003071   Thumb Code    38  stm32f7xx_hal_cortex.o(i.HAL_SYSTICK_Config)
    HardFault_Handler                        0x08003097   Thumb Code     2  stm32f7xx_it.o(i.HardFault_Handler)
    LCD_LOG_DeInit                           0x08003099   Thumb Code    32  lcd_log.o(i.LCD_LOG_DeInit)
    LCD_LOG_Init                             0x080030c1   Thumb Code    18  lcd_log.o(i.LCD_LOG_Init)
    LCD_LOG_SetFooter                        0x080030d5   Thumb Code   112  lcd_log.o(i.LCD_LOG_SetFooter)
    LCD_LOG_SetHeader                        0x0800314d   Thumb Code    94  lcd_log.o(i.LCD_LOG_SetHeader)
    LCD_LOG_UpdateDisplay                    0x080031b9   Thumb Code   124  lcd_log.o(i.LCD_LOG_UpdateDisplay)
    MemManage_Handler                        0x080034f9   Thumb Code     2  stm32f7xx_it.o(i.MemManage_Handler)
    NMI_Handler                              0x080034fb   Thumb Code     2  stm32f7xx_it.o(i.NMI_Handler)
    SysTick_Handler                          0x08003735   Thumb Code    14  stm32f7xx_it.o(i.SysTick_Handler)
    SystemInit                               0x08003745   Thumb Code    68  system_stm32f7xx.o(i.SystemInit)
    TM_DELAY_1msHandler                      0x08003799   Thumb Code     2  tm_stm32_delay.o(i.TM_DELAY_1msHandler)
    TM_DELAY_Init                            0x0800379d   Thumb Code    52  tm_stm32_delay.o(i.TM_DELAY_Init)
    UsageFault_Handler                       0x080037d9   Thumb Code     2  stm32f7xx_it.o(i.UsageFault_Handler)
    User_notification                        0x080037dd   Thumb Code    32  app_ethernet.o(i.User_notification)
    __0printf$3                              0x08003831   Thumb Code    22  printf3.o(i.__0printf$3)
    __1printf$3                              0x08003831   Thumb Code     0  printf3.o(i.__0printf$3)
    __2printf                                0x08003831   Thumb Code     0  printf3.o(i.__0printf$3)
    __0sprintf$3                             0x08003851   Thumb Code    34  printf3.o(i.__0sprintf$3)
    __1sprintf$3                             0x08003851   Thumb Code     0  printf3.o(i.__0sprintf$3)
    __2sprintf                               0x08003851   Thumb Code     0  printf3.o(i.__0sprintf$3)
    __scatterload_copy                       0x08003879   Thumb Code    14  handlers.o(i.__scatterload_copy)
    __scatterload_null                       0x08003887   Thumb Code     2  handlers.o(i.__scatterload_null)
    __scatterload_zeroinit                   0x08003889   Thumb Code    14  handlers.o(i.__scatterload_zeroinit)
    dhcp_arp_reply                           0x08003b15   Thumb Code    30  dhcp.o(i.dhcp_arp_reply)
    dhcp_coarse_tmr                          0x08003c1d   Thumb Code    90  dhcp.o(i.dhcp_coarse_tmr)
    dhcp_fine_tmr                            0x08003eed   Thumb Code    46  dhcp.o(i.dhcp_fine_tmr)
    dhcp_release                             0x08004481   Thumb Code   160  dhcp.o(i.dhcp_release)
    dhcp_renew                               0x08004525   Thumb Code   132  dhcp.o(i.dhcp_renew)
    dhcp_start                               0x080046a1   Thumb Code   156  dhcp.o(i.dhcp_start)
    dhcp_stop                                0x08004745   Thumb Code    50  dhcp.o(i.dhcp_stop)
    do_bind                                  0x08004839   Thumb Code    92  api_msg.o(i.do_bind)
    do_close                                 0x08004895   Thumb Code    84  api_msg.o(i.do_close)
    do_delconn                               0x080049d5   Thumb Code   148  api_msg.o(i.do_delconn)
    do_listen                                0x08004a69   Thumb Code   172  api_msg.o(i.do_listen)
    do_newconn                               0x08004b19   Thumb Code    32  api_msg.o(i.do_newconn)
    do_recv                                  0x08004b39   Thumb Code    66  api_msg.o(i.do_recv)
    do_write                                 0x08004b7b   Thumb Code    66  api_msg.o(i.do_write)
    etharp_cleanup_netif                     0x08004e1d   Thumb Code    42  etharp.o(i.etharp_cleanup_netif)
    etharp_output                            0x08004f65   Thumb Code   242  etharp.o(i.etharp_output)
    etharp_query                             0x080050a9   Thumb Code   228  etharp.o(i.etharp_query)
    etharp_request                           0x0800523d   Thumb Code    32  etharp.o(i.etharp_request)
    etharp_tmr                               0x08005281   Thumb Code    68  etharp.o(i.etharp_tmr)
    ethernet_input                           0x08005345   Thumb Code   138  etharp.o(i.ethernet_input)
    ethernetif_init                          0x080053d5   Thumb Code    30  ethernetif.o(i.ethernetif_init)
    fputc                                    0x0800542d   Thumb Code   258  lcd_log.o(i.fputc)
    http_server_netconn_init                 0x08005539   Thumb Code    22  httpserver-netconn.o(i.http_server_netconn_init)
    http_server_serve                        0x0800559d   Thumb Code   252  httpserver-netconn.o(i.http_server_serve)
    icmp_dest_unreach                        0x08005701   Thumb Code     8  icmp.o(i.icmp_dest_unreach)
    icmp_input                               0x08005709   Thumb Code   242  icmp.o(i.icmp_input)
    inet_chksum                              0x08005877   Thumb Code    12  inet_chksum.o(i.inet_chksum)
    inet_chksum_pbuf                         0x08005883   Thumb Code    72  inet_chksum.o(i.inet_chksum_pbuf)
    ip4_addr_isbroadcast                     0x080058cb   Thumb Code    46  ip_addr.o(i.ip4_addr_isbroadcast)
    ip_input                                 0x080058f9   Thumb Code   348  ip.o(i.ip_input)
    ip_output                                0x08005a5d   Thumb Code    52  ip.o(i.ip_output)
    ip_output_if                             0x08005a91   Thumb Code   138  ip.o(i.ip_output_if)
    ip_route                                 0x08005b21   Thumb Code    54  ip.o(i.ip_route)
    lwip_htonl                               0x08005db9   Thumb Code     4  def.o(i.lwip_htonl)
    lwip_htons                               0x08005dbd   Thumb Code     4  def.o(i.lwip_htons)
    lwip_init                                0x08005dc1   Thumb Code    34  init.o(i.lwip_init)
    lwip_ntohl                               0x08005de3   Thumb Code     4  def.o(i.lwip_ntohl)
    lwip_ntohs                               0x08005de7   Thumb Code     4  def.o(i.lwip_ntohs)
    main                                     0x08005e49   Thumb Code   126  main.o(i.main)
    mem_free                                 0x08005edd   Thumb Code    64  mem.o(i.mem_free)
    mem_init                                 0x08005f21   Thumb Code    52  mem.o(i.mem_init)
    mem_malloc                               0x08005f5d   Thumb Code   208  mem.o(i.mem_malloc)
    mem_trim                                 0x08006031   Thumb Code   224  mem.o(i.mem_trim)
    memp_free                                0x08006115   Thumb Code    18  memp.o(i.memp_free)
    memp_init                                0x0800612d   Thumb Code    78  memp.o(i.memp_init)
    memp_malloc                              0x08006185   Thumb Code    28  memp.o(i.memp_malloc)
    netbuf_data                              0x080061a5   Thumb Code    38  netbuf.o(i.netbuf_data)
    netbuf_delete                            0x080061cb   Thumb Code    34  netbuf.o(i.netbuf_delete)
    netconn_accept                           0x080061ed   Thumb Code    92  api_lib.o(i.netconn_accept)
    netconn_alloc                            0x08006249   Thumb Code   116  api_msg.o(i.netconn_alloc)
    netconn_bind                             0x080062bd   Thumb Code    48  api_lib.o(i.netconn_bind)
    netconn_close                            0x080062f1   Thumb Code     6  api_lib.o(i.netconn_close)
    netconn_delete                           0x0800632d   Thumb Code    32  api_lib.o(i.netconn_delete)
    netconn_free                             0x080063e1   Thumb Code    46  api_msg.o(i.netconn_free)
    netconn_listen_with_backlog              0x08006411   Thumb Code    42  api_lib.o(i.netconn_listen_with_backlog)
    netconn_new_with_proto_and_callback      0x08006441   Thumb Code    92  api_lib.o(i.netconn_new_with_proto_and_callback)
    netconn_recv                             0x080064a1   Thumb Code   126  api_lib.o(i.netconn_recv)
    netconn_write_partly                     0x080065cd   Thumb Code   110  api_lib.o(i.netconn_write_partly)
    netif_add                                0x08006641   Thumb Code    74  netif.o(i.netif_add)
    netif_init                               0x08006691   Thumb Code     2  netif.o(i.netif_init)
    netif_set_addr                           0x08006693   Thumb Code    32  netif.o(i.netif_set_addr)
    netif_set_default                        0x080066b5   Thumb Code     6  netif.o(i.netif_set_default)
    netif_set_down                           0x080066c1   Thumb Code    26  netif.o(i.netif_set_down)
    netif_set_gw                             0x080066db   Thumb Code     8  netif.o(i.netif_set_gw)
    netif_set_ipaddr                         0x080066e5   Thumb Code    96  netif.o(i.netif_set_ipaddr)
    netif_set_netmask                        0x0800674d   Thumb Code     8  netif.o(i.netif_set_netmask)
    netif_set_up                             0x08006755   Thumb Code    32  netif.o(i.netif_set_up)
    osDelay                                  0x08006775   Thumb Code    14  cmsis_os.o(i.osDelay)
    osKernelStart                            0x08006783   Thumb Code    10  cmsis_os.o(i.osKernelStart)
    osSemaphoreCreate                        0x0800678d   Thumb Code    46  cmsis_os.o(i.osSemaphoreCreate)
    osSemaphoreRelease                       0x080067bd   Thumb Code    74  cmsis_os.o(i.osSemaphoreRelease)
    osSemaphoreWait                          0x0800680d   Thumb Code   102  cmsis_os.o(i.osSemaphoreWait)
    osSystickHandler                         0x08006879   Thumb Code    20  cmsis_os.o(i.osSystickHandler)
    osThreadCreate                           0x0800688d   Thumb Code    56  cmsis_os.o(i.osThreadCreate)
    osThreadList                             0x080068c5   Thumb Code    10  cmsis_os.o(i.osThreadList)
    osThreadTerminate                        0x080068cf   Thumb Code    10  cmsis_os.o(i.osThreadTerminate)
    pbuf_alloc                               0x080068d9   Thumb Code   276  pbuf.o(i.pbuf_alloc)
    pbuf_cat                                 0x080069ed   Thumb Code    40  pbuf.o(i.pbuf_cat)
    pbuf_chain                               0x08006a15   Thumb Code    18  pbuf.o(i.pbuf_chain)
    pbuf_clen                                0x08006a27   Thumb Code    18  pbuf.o(i.pbuf_clen)
    pbuf_copy                                0x08006a39   Thumb Code   154  pbuf.o(i.pbuf_copy)
    pbuf_copy_partial                        0x08006ad3   Thumb Code   102  pbuf.o(i.pbuf_copy_partial)
    pbuf_free                                0x08006b39   Thumb Code    70  pbuf.o(i.pbuf_free)
    pbuf_header                              0x08006b7f   Thumb Code    96  pbuf.o(i.pbuf_header)
    pbuf_realloc                             0x08006bdf   Thumb Code    78  pbuf.o(i.pbuf_realloc)
    pbuf_ref                                 0x08006c2d   Thumb Code    12  pbuf.o(i.pbuf_ref)
    pvPortMalloc                             0x0800707d   Thumb Code   222  heap_4.o(i.pvPortMalloc)
    pvTaskIncrementMutexHeldCount            0x08007161   Thumb Code    18  tasks.o(i.pvTaskIncrementMutexHeldCount)
    pxPortInitialiseStack                    0x08007179   Thumb Code    36  port.o(i.pxPortInitialiseStack)
    raw_bind                                 0x080071a1   Thumb Code    10  raw.o(i.raw_bind)
    raw_input                                0x080071ad   Thumb Code   106  raw.o(i.raw_input)
    raw_new                                  0x08007225   Thumb Code    38  raw.o(i.raw_new)
    raw_recv                                 0x08007251   Thumb Code     6  raw.o(i.raw_recv)
    raw_remove                               0x08007259   Thumb Code    40  raw.o(i.raw_remove)
    send_Message_Bin                         0x0800743d   Thumb Code   192  light_control.o(i.send_Message_Bin)
    sys_arch_mbox_fetch                      0x08007599   Thumb Code    80  sys_arch.o(i.sys_arch_mbox_fetch)
    sys_arch_mbox_tryfetch                   0x080075e9   Thumb Code    30  sys_arch.o(i.sys_arch_mbox_tryfetch)
    sys_arch_sem_wait                        0x08007607   Thumb Code    66  sys_arch.o(i.sys_arch_sem_wait)
    sys_init                                 0x08007649   Thumb Code     8  sys_arch.o(i.sys_init)
    sys_mbox_free                            0x08007655   Thumb Code    20  sys_arch.o(i.sys_mbox_free)
    sys_mbox_new                             0x08007669   Thumb Code    28  sys_arch.o(i.sys_mbox_new)
    sys_mbox_post                            0x08007685   Thumb Code    26  sys_arch.o(i.sys_mbox_post)
    sys_mbox_set_invalid                     0x0800769f   Thumb Code     6  sys_arch.o(i.sys_mbox_set_invalid)
    sys_mbox_trypost                         0x080076a5   Thumb Code    28  sys_arch.o(i.sys_mbox_trypost)
    sys_mbox_valid                           0x080076c1   Thumb Code    10  sys_arch.o(i.sys_mbox_valid)
    sys_sem_free                             0x080076cb   Thumb Code     6  sys_arch.o(i.sys_sem_free)
    sys_sem_new                              0x080076d1   Thumb Code    58  sys_arch.o(i.sys_sem_new)
    sys_sem_set_invalid                      0x0800770b   Thumb Code     6  sys_arch.o(i.sys_sem_set_invalid)
    sys_sem_signal                           0x08007711   Thumb Code    12  sys_arch.o(i.sys_sem_signal)
    sys_sem_valid                            0x0800771d   Thumb Code    10  sys_arch.o(i.sys_sem_valid)
    sys_thread_new                           0x08007729   Thumb Code    56  sys_arch.o(i.sys_thread_new)
    sys_timeout                              0x08007765   Thumb Code    88  lwip_timers.o(i.sys_timeout)
    sys_timeouts_init                        0x080077c1   Thumb Code    42  lwip_timers.o(i.sys_timeouts_init)
    sys_timeouts_mbox_fetch                  0x080077f9   Thumb Code    92  lwip_timers.o(i.sys_timeouts_mbox_fetch)
    sys_untimeout                            0x08007859   Thumb Code    68  lwip_timers.o(i.sys_untimeout)
    tcp_abandon                              0x080078a1   Thumb Code   136  tcp.o(i.tcp_abandon)
    tcp_abort                                0x0800792d   Thumb Code     6  tcp.o(i.tcp_abort)
    tcp_accept                               0x08007933   Thumb Code     4  tcp.o(i.tcp_accept)
    tcp_alloc                                0x0800793d   Thumb Code   236  tcp.o(i.tcp_alloc)
    tcp_arg                                  0x08007a35   Thumb Code     4  tcp.o(i.tcp_arg)
    tcp_bind                                 0x08007a39   Thumb Code   122  tcp.o(i.tcp_bind)
    tcp_close                                0x08007abd   Thumb Code    20  tcp.o(i.tcp_close)
    tcp_eff_send_mss                         0x08007c9d   Thumb Code    32  tcp.o(i.tcp_eff_send_mss)
    tcp_enqueue_flags                        0x08007cbd   Thumb Code   172  tcp_out.o(i.tcp_enqueue_flags)
    tcp_err                                  0x08007d69   Thumb Code     6  tcp.o(i.tcp_err)
    tcp_fasttmr                              0x08007d71   Thumb Code    90  tcp.o(i.tcp_fasttmr)
    tcp_init                                 0x08007dd1   Thumb Code     2  tcp.o(i.tcp_init)
    tcp_input                                0x08007dd5   Thumb Code   754  tcp_in.o(i.tcp_input)
    tcp_keepalive                            0x080080e5   Thumb Code    60  tcp_out.o(i.tcp_keepalive)
    tcp_listen_with_backlog                  0x08008205   Thumb Code   126  tcp.o(i.tcp_listen_with_backlog)
    tcp_new                                  0x0800828d   Thumb Code     6  tcp.o(i.tcp_new)
    tcp_next_iss                             0x080082f1   Thumb Code    12  tcp.o(i.tcp_next_iss)
    tcp_output                               0x08008301   Thumb Code   396  tcp_out.o(i.tcp_output)
    tcp_pcb_purge                            0x0800867f   Thumb Code    58  tcp.o(i.tcp_pcb_purge)
    tcp_pcb_remove                           0x080086b9   Thumb Code    82  tcp.o(i.tcp_pcb_remove)
    tcp_poll                                 0x08008711   Thumb Code    10  tcp.o(i.tcp_poll)
    tcp_process_refused_data                 0x08008a59   Thumb Code   102  tcp.o(i.tcp_process_refused_data)
    tcp_recv                                 0x08008ee1   Thumb Code     4  tcp.o(i.tcp_recv)
    tcp_recv_null                            0x08008ee5   Thumb Code    36  tcp.o(i.tcp_recv_null)
    tcp_recved                               0x08008f09   Thumb Code    56  tcp.o(i.tcp_recved)
    tcp_rexmit                               0x08008f41   Thumb Code    82  tcp_out.o(i.tcp_rexmit)
    tcp_rexmit_fast                          0x08008f93   Thumb Code    88  tcp_out.o(i.tcp_rexmit_fast)
    tcp_rexmit_rto                           0x08008feb   Thumb Code    44  tcp_out.o(i.tcp_rexmit_rto)
    tcp_rst                                  0x08009017   Thumb Code   120  tcp_out.o(i.tcp_rst)
    tcp_seg_free                             0x0800908f   Thumb Code    28  tcp.o(i.tcp_seg_free)
    tcp_segs_free                            0x080090ab   Thumb Code    18  tcp.o(i.tcp_segs_free)
    tcp_send_empty_ack                       0x080090bd   Thumb Code    72  tcp_out.o(i.tcp_send_empty_ack)
    tcp_send_fin                             0x08009105   Thumb Code    68  tcp_out.o(i.tcp_send_fin)
    tcp_sent                                 0x08009149   Thumb Code     4  tcp.o(i.tcp_sent)
    tcp_shutdown                             0x0800914d   Thumb Code    78  tcp.o(i.tcp_shutdown)
    tcp_slowtmr                              0x0800919d   Thumb Code   592  tcp.o(i.tcp_slowtmr)
    tcp_timer_needed                         0x080093fd   Thumb Code    36  lwip_timers.o(i.tcp_timer_needed)
    tcp_tmr                                  0x0800949d   Thumb Code    28  tcp.o(i.tcp_tmr)
    tcp_update_rcv_ann_wnd                   0x080094bd   Thumb Code    54  tcp.o(i.tcp_update_rcv_ann_wnd)
    tcp_write                                0x080094f5   Thumb Code   770  tcp_out.o(i.tcp_write)
    tcp_zero_window_probe                    0x080097f7   Thumb Code   136  tcp_out.o(i.tcp_zero_window_probe)
    tcpip_apimsg                             0x08009881   Thumb Code    58  tcpip.o(i.tcpip_apimsg)
    tcpip_init                               0x080098c1   Thumb Code    44  tcpip.o(i.tcpip_init)
    tcpip_input                              0x080098fd   Thumb Code    70  tcpip.o(i.tcpip_input)
    thread_control                           0x08009a01   Thumb Code   132  light_control.o(i.thread_control)
    udp_bind                                 0x08009a99   Thumb Code   148  udp.o(i.udp_bind)
    udp_connect                              0x08009b31   Thumb Code    70  udp.o(i.udp_connect)
    udp_init                                 0x08009b7d   Thumb Code     2  udp.o(i.udp_init)
    udp_input                                0x08009b81   Thumb Code   368  udp.o(i.udp_input)
    udp_new                                  0x08009cfd   Thumb Code    26  udp.o(i.udp_new)
    udp_recv                                 0x08009d17   Thumb Code     6  udp.o(i.udp_recv)
    udp_remove                               0x08009d1d   Thumb Code    40  udp.o(i.udp_remove)
    udp_sendto_if                            0x08009d49   Thumb Code   182  udp.o(i.udp_sendto_if)
    uxListRemove                             0x08009dff   Thumb Code    36  list.o(i.uxListRemove)
    uxQueueMessagesWaiting                   0x08009e23   Thumb Code    40  queue.o(i.uxQueueMessagesWaiting)
    uxTaskGetSystemState                     0x08009e4d   Thumb Code   124  tasks.o(i.uxTaskGetSystemState)
    vListInitialise                          0x08009ed1   Thumb Code    22  list.o(i.vListInitialise)
    vListInitialiseItem                      0x08009ee7   Thumb Code     6  list.o(i.vListInitialiseItem)
    vListInsert                              0x08009eed   Thumb Code    48  list.o(i.vListInsert)
    vListInsertEnd                           0x08009f1d   Thumb Code    24  list.o(i.vListInsertEnd)
    vPortEnterCritical                       0x08009f35   Thumb Code    62  port.o(i.vPortEnterCritical)
    vPortExitCritical                        0x08009f7d   Thumb Code    38  port.o(i.vPortExitCritical)
    vPortFree                                0x08009fa9   Thumb Code    96  heap_4.o(i.vPortFree)
    vPortSetupTimerInterrupt                 0x0800a00d   Thumb Code    26  port.o(i.vPortSetupTimerInterrupt)
    vPortValidateInterruptPriority           0x0800a02d   Thumb Code    82  port.o(i.vPortValidateInterruptPriority)
    vQueueDelete                             0x0800a089   Thumb Code    40  queue.o(i.vQueueDelete)
    vQueueUnregisterQueue                    0x0800a0b1   Thumb Code    30  queue.o(i.vQueueUnregisterQueue)
    vTaskDelay                               0x0800a0d5   Thumb Code    98  tasks.o(i.vTaskDelay)
    vTaskDelete                              0x0800a141   Thumb Code   154  tasks.o(i.vTaskDelete)
    vTaskList                                0x0800a1e9   Thumb Code   178  tasks.o(i.vTaskList)
    vTaskMissedYield                         0x0800a2b1   Thumb Code     8  tasks.o(i.vTaskMissedYield)
    vTaskPlaceOnEventList                    0x0800a2bd   Thumb Code    76  tasks.o(i.vTaskPlaceOnEventList)
    vTaskPriorityInherit                     0x0800a30d   Thumb Code   128  tasks.o(i.vTaskPriorityInherit)
    vTaskSetTimeOutState                     0x0800a395   Thumb Code    34  tasks.o(i.vTaskSetTimeOutState)
    vTaskStartScheduler                      0x0800a3bd   Thumb Code    88  tasks.o(i.vTaskStartScheduler)
    vTaskSuspendAll                          0x0800a425   Thumb Code    10  tasks.o(i.vTaskSuspendAll)
    vTaskSwitchContext                       0x0800a435   Thumb Code    86  tasks.o(i.vTaskSwitchContext)
    xPortStartScheduler                      0x0800a495   Thumb Code   152  port.o(i.xPortStartScheduler)
    xPortSysTickHandler                      0x0800a53d   Thumb Code    42  port.o(i.xPortSysTickHandler)
    xQueueCreateCountingSemaphore            0x0800a56d   Thumb Code    84  queue.o(i.xQueueCreateCountingSemaphore)
    xQueueGenericCreate                      0x0800a5c1   Thumb Code   108  queue.o(i.xQueueGenericCreate)
    xQueueGenericReceive                     0x0800a62d   Thumb Code   372  queue.o(i.xQueueGenericReceive)
    xQueueGenericReset                       0x0800a7a5   Thumb Code   146  queue.o(i.xQueueGenericReset)
    xQueueGenericSend                        0x0800a83d   Thumb Code   364  queue.o(i.xQueueGenericSend)
    xQueueGiveFromISR                        0x0800a9ad   Thumb Code   172  queue.o(i.xQueueGiveFromISR)
    xQueueReceiveFromISR                     0x0800aa59   Thumb Code   154  queue.o(i.xQueueReceiveFromISR)
    xTaskCheckForTimeOut                     0x0800aaf5   Thumb Code   106  tasks.o(i.xTaskCheckForTimeOut)
    xTaskGenericCreate                       0x0800ab65   Thumb Code   434  tasks.o(i.xTaskGenericCreate)
    xTaskGetSchedulerState                   0x0800ad25   Thumb Code    22  tasks.o(i.xTaskGetSchedulerState)
    xTaskGetTickCount                        0x0800ad41   Thumb Code     6  tasks.o(i.xTaskGetTickCount)
    xTaskIncrementTick                       0x0800ad4d   Thumb Code   198  tasks.o(i.xTaskIncrementTick)
    xTaskPriorityDisinherit                  0x0800ae1d   Thumb Code   158  tasks.o(i.xTaskPriorityDisinherit)
    xTaskRemoveFromEventList                 0x0800aec5   Thumb Code   112  tasks.o(i.xTaskRemoveFromEventList)
    xTaskResumeAll                           0x0800af3d   Thumb Code   186  tasks.o(i.xTaskResumeAll)
    tcp_persist_backoff                      0x0800b034   Data           7  tcp.o(.constdata)
    tcp_state_str                            0x0800b03c   Data          44  tcp.o(.constdata)
    tcp_backoff                              0x0800b068   Data          13  tcp.o(.constdata)
    tcp_pcb_lists                            0x0800b078   Data          16  tcp.o(.constdata)
    ip_addr_any                              0x0800b088   Data           4  ip_addr.o(.constdata)
    ip_addr_broadcast                        0x0800b08c   Data           4  ip_addr.o(.constdata)
    APBAHBPrescTable                         0x0800c350   Data          16  stm32f7xx_hal_rcc.o(.constdata)
    ethbroadcast                             0x0800c360   Data           6  etharp.o(.constdata)
    ethzero                                  0x0800c366   Data           6  etharp.o(.constdata)
    Font24_Table                             0x0800c36c   Data        6840  stm32746g_discovery_lcd.o(.constdata)
    Font16_Table                             0x0800de24   Data        3040  stm32746g_discovery_lcd.o(.constdata)
    Font12_Table                             0x0800ea04   Data        1140  stm32746g_discovery_lcd.o(.constdata)
    Region$$Table$$Base                      0x0800ef10   Number         0  anon$$obj.o(Region$$Table)
    Region$$Table$$Limit                     0x0800ef30   Number         0  anon$$obj.o(Region$$Table)
    pxCurrentTCB                             0x20000000   Data           4  tasks.o(.data)
    LCD_CacheBuffer_yptr_invert              0x2000005c   Data           1  lcd_log.o(.data)
    LCD_ScrollActive                         0x2000005d   Data           1  lcd_log.o(.data)
    LCD_Lock                                 0x2000005e   Data           1  lcd_log.o(.data)
    LCD_Scrolled                             0x2000005f   Data           1  lcd_log.o(.data)
    LCD_CacheBuffer_xptr                     0x20000060   Data           2  lcd_log.o(.data)
    LCD_CacheBuffer_yptr_top                 0x20000062   Data           2  lcd_log.o(.data)
    LCD_CacheBuffer_yptr_bottom              0x20000064   Data           2  lcd_log.o(.data)
    LCD_CacheBuffer_yptr_top_bak             0x20000066   Data           2  lcd_log.o(.data)
    LCD_CacheBuffer_yptr_bottom_bak          0x20000068   Data           2  lcd_log.o(.data)
    LCD_ScrollBackStep                       0x2000006a   Data           2  lcd_log.o(.data)
    LCD_LineColor                            0x2000006c   Data           4  lcd_log.o(.data)
    netif_list                               0x20000084   Data           4  netif.o(.data)
    netif_default                            0x20000088   Data           4  netif.o(.data)
    tcp_input_pcb                            0x200000a4   Data           4  tcp_in.o(.data)
    udp_pcbs                                 0x200000b8   Data           4  udp.o(.data)
    tcp_active_pcbs_changed                  0x200000c0   Data           1  tcp.o(.data)
    tcp_ticks                                0x200000cc   Data           4  tcp.o(.data)
    tcp_bound_pcbs                           0x200000d0   Data           4  tcp.o(.data)
    tcp_listen_pcbs                          0x200000d4   Data           4  tcp.o(.data)
    tcp_active_pcbs                          0x200000d8   Data           4  tcp.o(.data)
    tcp_tw_pcbs                              0x200000dc   Data           4  tcp.o(.data)
    tcp_tmp_pcb                              0x200000e0   Data           4  tcp.o(.data)
    current_netif                            0x200000e8   Data           4  ip.o(.data)
    current_header                           0x200000ec   Data           4  ip.o(.data)
    current_iphdr_src                        0x200000f0   Data           4  ip.o(.data)
    current_iphdr_dest                       0x200000f4   Data           4  ip.o(.data)
    OnActive                                 0x20000104   Data           4  main.o(.data)
    OffActive                                0x20000108   Data           4  main.o(.data)
    nPageHits                                0x2000010c   Data           4  httpserver-netconn.o(.data)
    DHCP_state                               0x20000110   Data           1  app_ethernet.o(.data)
    s_xSemaphore                             0x20000114   Data           4  ethernetif.o(.data)
    TM_Time2                                 0x20000118   Data           4  tm_stm32_delay.o(.data)
    TM_Time                                  0x2000011c   Data           4  tm_stm32_delay.o(.data)
    Font24                                   0x2000012c   Data           8  stm32746g_discovery_lcd.o(.data)
    Font16                                   0x20000134   Data           8  stm32746g_discovery_lcd.o(.data)
    Font12                                   0x2000013c   Data           8  stm32746g_discovery_lcd.o(.data)
    SystemCoreClock                          0x20000144   Data           4  system_stm32f7xx.o(.data)
    AHBPrescTable                            0x20000148   Data          16  system_stm32f7xx.o(.data)
    __stdout                                 0x20000158   Data           4  stdout.o(.data)
    xQueueRegistry                           0x2000015c   Data          64  queue.o(.bss)
    LCD_CacheBuffer                          0x20005278   Data       15444  lcd_log.o(.bss)
    ram_heap                                 0x20008ecc   Data        5140  mem.o(.bss)
    dhcp_rx_options_val                      0x2000a2f4   Data          40  dhcp.o(.bss)
    dhcp_rx_options_given                    0x2000a31c   Data          10  dhcp.o(.bss)
    gnetif                                   0x2000a328   Data          56  main.o(.bss)
    EthHandle                                0x2000a360   Data          72  ethernetif.o(.bss)
    __initial_sp                             0x2000c720   Data           0  startup_stm32f746xx.o(STACK)
    DMARxDscrTab                             0x2000e000   Data         160  ethernetif.o(.ARM.__AT_0x2000E000)
    DMATxDscrTab                             0x2000e100   Data         160  ethernetif.o(.ARM.__AT_0x2000E100)
    Rx_Buff                                  0x2000e200   Data        7620  ethernetif.o(.ARM.__AT_0x2000E200)
    Tx_Buff                                  0x2000ffc4   Data        7620  ethernetif.o(.ARM.__AT_0x2000FFC4)



==============================================================================

Memory Map of the image

  Image Entry point : 0x080001c9

  Load Region LR_IROM1 (Base: 0x08000000, Size: 0x0000f08c, Max: 0x00100000, ABSOLUTE, COMPRESSED[0x0000ef70])

    Execution Region ER_IROM1 (Base: 0x08000000, Size: 0x0000ef30, Max: 0x00100000, ABSOLUTE)

    Base Addr    Size         Type   Attr      Idx    E Section Name        Object

    0x08000000   0x000001c8   Data   RO         6175    RESET               startup_stm32f746xx.o
    0x080001c8   0x00000000   Code   RO         6857  * .ARM.Collect$$$$00000000  mc_w.l(entry.o)
    0x080001c8   0x00000004   Code   RO         7165    .ARM.Collect$$$$00000001  mc_w.l(entry2.o)
    0x080001cc   0x00000004   Code   RO         7168    .ARM.Collect$$$$00000004  mc_w.l(entry5.o)
    0x080001d0   0x00000000   Code   RO         7170    .ARM.Collect$$$$00000008  mc_w.l(entry7b.o)
    0x080001d0   0x00000000   Code   RO         7172    .ARM.Collect$$$$0000000A  mc_w.l(entry8b.o)
    0x080001d0   0x00000008   Code   RO         7173    .ARM.Collect$$$$0000000B  mc_w.l(entry9a.o)
    0x080001d8   0x00000000   Code   RO         7175    .ARM.Collect$$$$0000000D  mc_w.l(entry10a.o)
    0x080001d8   0x00000000   Code   RO         7177    .ARM.Collect$$$$0000000F  mc_w.l(entry11a.o)
    0x080001d8   0x00000004   Code   RO         7166    .ARM.Collect$$$$00002712  mc_w.l(entry2.o)
    0x080001dc   0x000000ba   Code   RO          937    .emb_text           port.o
    0x08000296   0x00000002   PAD
    0x08000298   0x00000024   Code   RO         6176    .text               startup_stm32f746xx.o
    0x080002bc   0x00000024   Code   RO         6860    .text               mc_w.l(memcpya.o)
    0x080002e0   0x00000024   Code   RO         6862    .text               mc_w.l(memseta.o)
    0x08000304   0x00000018   Code   RO         6864    .text               mc_w.l(strcat.o)
    0x0800031c   0x0000000e   Code   RO         6866    .text               mc_w.l(strlen.o)
    0x0800032a   0x0000001a   Code   RO         6868    .text               mc_w.l(memcmp.o)
    0x08000344   0x00000012   Code   RO         6870    .text               mc_w.l(strcpy.o)
    0x08000356   0x0000001e   Code   RO         6872    .text               mc_w.l(strncmp.o)
    0x08000374   0x0000002c   Code   RO         7180    .text               mc_w.l(uidiv.o)
    0x080003a0   0x00000024   Code   RO         7197    .text               mc_w.l(init.o)
    0x080003c4   0x00000056   Code   RO         7215    .text               mc_w.l(__dczerorl2.o)
    0x0800041a   0x00000002   PAD
    0x0800041c   0x000000a4   Code   RO         3122    i.BSP_Config        main.o
    0x080004c0   0x00000038   Code   RO         6270    i.BSP_LCD_Clear     stm32746g_discovery_lcd.o
    0x080004f8   0x00000020   Code   RO         6272    i.BSP_LCD_ClockConfig  stm32746g_discovery_lcd.o
    0x08000518   0x00000034   Code   RO         6274    i.BSP_LCD_DisplayChar  stm32746g_discovery_lcd.o
    0x0800054c   0x000000c8   Code   RO         6277    i.BSP_LCD_DisplayStringAt  stm32746g_discovery_lcd.o
    0x08000614   0x0000001c   Code   RO         6278    i.BSP_LCD_DisplayStringAtLine  stm32746g_discovery_lcd.o
    0x08000630   0x00000064   Code   RO         6284    i.BSP_LCD_DrawPixel  stm32746g_discovery_lcd.o
    0x08000694   0x0000009c   Code   RO         6291    i.BSP_LCD_FillRect  stm32746g_discovery_lcd.o
    0x08000730   0x0000001c   Code   RO         6293    i.BSP_LCD_GetFont   stm32746g_discovery_lcd.o
    0x0800074c   0x00000020   Code   RO         6295    i.BSP_LCD_GetXSize  stm32746g_discovery_lcd.o
    0x0800076c   0x00000020   Code   RO         6296    i.BSP_LCD_GetYSize  stm32746g_discovery_lcd.o
    0x0800078c   0x000000a4   Code   RO         6297    i.BSP_LCD_Init      stm32746g_discovery_lcd.o
    0x08000830   0x00000078   Code   RO         6298    i.BSP_LCD_LayerDefaultInit  stm32746g_discovery_lcd.o
    0x080008a8   0x00000138   Code   RO         6301    i.BSP_LCD_MspInit   stm32746g_discovery_lcd.o
    0x080009e0   0x0000000c   Code   RO         6304    i.BSP_LCD_SelectLayer  stm32746g_discovery_lcd.o
    0x080009ec   0x0000001c   Code   RO         6305    i.BSP_LCD_SetBackColor  stm32746g_discovery_lcd.o
    0x08000a08   0x0000001c   Code   RO         6307    i.BSP_LCD_SetFont   stm32746g_discovery_lcd.o
    0x08000a24   0x00000018   Code   RO         6311    i.BSP_LCD_SetTextColor  stm32746g_discovery_lcd.o
    0x08000a3c   0x00000078   Code   RO         6185    i.BSP_SDRAM_Init    stm32746g_discovery_sdram.o
    0x08000ab4   0x0000008c   Code   RO         6186    i.BSP_SDRAM_Initialization_sequence  stm32746g_discovery_sdram.o
    0x08000b40   0x00000168   Code   RO         6188    i.BSP_SDRAM_MspInit  stm32746g_discovery_sdram.o
    0x08000ca8   0x00000002   Code   RO         3223    i.BusFault_Handler  stm32f7xx_it.o
    0x08000caa   0x00000002   PAD
    0x08000cac   0x00000090   Code   RO         3123    i.CPU_CACHE_Enable  main.o
    0x08000d3c   0x0000016c   Code   RO         3359    i.DHCP_thread       app_ethernet.o
    0x08000ea8   0x0000008c   Code   RO         4018    i.DMA2D_SetConfig   stm32f7xx_hal_dma2d.o
    0x08000f34   0x00000028   Code   RO         4847    i.DMA_CalcBaseAndBitshift  stm32f7xx_hal_dma.o
    0x08000f5c   0x00000002   Code   RO         3224    i.DebugMon_Handler  stm32f7xx_it.o
    0x08000f5e   0x00000002   PAD
    0x08000f60   0x0000002c   Code   RO         3464    i.Delay             light_control.o
    0x08000f8c   0x000000b0   Code   RO         6315    i.DrawChar          stm32746g_discovery_lcd.o
    0x0800103c   0x0000017c   Code   RO         3293    i.DynWebPage        httpserver-netconn.o
    0x080011b8   0x0000000c   Code   RO         3392    i.ETHERNET_IRQHandler  ethernetif.o
    0x080011c4   0x0000002e   Code   RO         4699    i.ETH_FlushTransmitFIFO  stm32f7xx_hal_eth.o
    0x080011f2   0x00000004   Code   RO         3225    i.ETH_IRQHandler    stm32f7xx_it.o
    0x080011f6   0x00000002   PAD
    0x080011f8   0x00000124   Code   RO         4700    i.ETH_MACDMAConfig  stm32f7xx_hal_eth.o
    0x0800131c   0x0000005e   Code   RO         5112    i.FMC_SDRAM_Init    stm32f7xx_ll_fmc.o
    0x0800137a   0x0000000c   Code   RO         5113    i.FMC_SDRAM_ProgramRefreshRate  stm32f7xx_ll_fmc.o
    0x08001386   0x00000048   Code   RO         5114    i.FMC_SDRAM_SendCommand  stm32f7xx_ll_fmc.o
    0x080013ce   0x00000082   Code   RO         5116    i.FMC_SDRAM_Timing_Init  stm32f7xx_ll_fmc.o
    0x08001450   0x000000e0   Code   RO         4023    i.HAL_DMA2D_ConfigLayer  stm32f7xx_hal_dma2d.o
    0x08001530   0x0000005a   Code   RO         4030    i.HAL_DMA2D_Init    stm32f7xx_hal_dma2d.o
    0x0800158a   0x00000002   Code   RO         4032    i.HAL_DMA2D_MspInit  stm32f7xx_hal_dma2d.o
    0x0800158c   0x000000dc   Code   RO         4033    i.HAL_DMA2D_PollForTransfer  stm32f7xx_hal_dma2d.o
    0x08001668   0x0000003e   Code   RO         4036    i.HAL_DMA2D_Start   stm32f7xx_hal_dma2d.o
    0x080016a6   0x00000056   Code   RO         4850    i.HAL_DMA_DeInit    stm32f7xx_hal_dma.o
    0x080016fc   0x0000008c   Code   RO         4854    i.HAL_DMA_Init      stm32f7xx_hal_dma.o
    0x08001788   0x0000002c   Code   RO         5854    i.HAL_Delay         tm_stm32_delay.o
    0x080017b4   0x00000074   Code   RO         4703    i.HAL_ETH_DMARxDescListInit  stm32f7xx_hal_eth.o
    0x08001828   0x00000084   Code   RO         4704    i.HAL_ETH_DMATxDescListInit  stm32f7xx_hal_eth.o
    0x080018ac   0x00000002   Code   RO         4706    i.HAL_ETH_ErrorCallback  stm32f7xx_hal_eth.o
    0x080018ae   0x0000008c   Code   RO         4708    i.HAL_ETH_GetReceivedFrame_IT  stm32f7xx_hal_eth.o
    0x0800193a   0x00000076   Code   RO         4710    i.HAL_ETH_IRQHandler  stm32f7xx_hal_eth.o
    0x080019b0   0x000001d0   Code   RO         4711    i.HAL_ETH_Init      stm32f7xx_hal_eth.o
    0x08001b80   0x000000bc   Code   RO         3393    i.HAL_ETH_MspInit   ethernetif.o
    0x08001c3c   0x00000086   Code   RO         4714    i.HAL_ETH_ReadPHYRegister  stm32f7xx_hal_eth.o
    0x08001cc2   0x00000002   PAD
    0x08001cc4   0x0000000c   Code   RO         3394    i.HAL_ETH_RxCpltCallback  ethernetif.o
    0x08001cd0   0x00000084   Code   RO         4716    i.HAL_ETH_Start     stm32f7xx_hal_eth.o
    0x08001d54   0x00000112   Code   RO         4718    i.HAL_ETH_TransmitFrame  stm32f7xx_hal_eth.o
    0x08001e66   0x00000002   Code   RO         4719    i.HAL_ETH_TxCpltCallback  stm32f7xx_hal_eth.o
    0x08001e68   0x0000007a   Code   RO         4720    i.HAL_ETH_WritePHYRegister  stm32f7xx_hal_eth.o
    0x08001ee2   0x00000002   PAD
    0x08001ee4   0x000001d8   Code   RO         5791    i.HAL_GPIO_Init     stm32f7xx_hal_gpio.o
    0x080020bc   0x0000000a   Code   RO         5795    i.HAL_GPIO_WritePin  stm32f7xx_hal_gpio.o
    0x080020c6   0x00000002   PAD
    0x080020c8   0x0000000c   Code   RO         5855    i.HAL_GetTick       tm_stm32_delay.o
    0x080020d4   0x00000068   Code   RO         5856    i.HAL_IncTick       tm_stm32_delay.o
    0x0800213c   0x00000024   Code   RO         4558    i.HAL_Init          stm32f7xx_hal.o
    0x08002160   0x00000022   Code   RO         4559    i.HAL_InitTick      stm32f7xx_hal.o
    0x08002182   0x00000052   Code   RO         4932    i.HAL_LTDC_ConfigLayer  stm32f7xx_hal_ltdc.o
    0x080021d4   0x00000006   Code   RO         4942    i.HAL_LTDC_GetState  stm32f7xx_hal_ltdc.o
    0x080021da   0x00000002   PAD
    0x080021dc   0x00000100   Code   RO         4944    i.HAL_LTDC_Init     stm32f7xx_hal_ltdc.o
    0x080022dc   0x00000002   Code   RO         4947    i.HAL_LTDC_MspInit  stm32f7xx_hal_ltdc.o
    0x080022de   0x00000002   PAD
    0x080022e0   0x0000005c   Code   RO         4418    i.HAL_MPU_ConfigRegion  stm32f7xx_hal_cortex.o
    0x0800233c   0x00000002   Code   RO         4561    i.HAL_MspInit       stm32f7xx_hal.o
    0x0800233e   0x00000016   Code   RO         4421    i.HAL_NVIC_EnableIRQ  stm32f7xx_hal_cortex.o
    0x08002354   0x00000040   Code   RO         4427    i.HAL_NVIC_SetPriority  stm32f7xx_hal_cortex.o
    0x08002394   0x00000024   Code   RO         4428    i.HAL_NVIC_SetPriorityGrouping  stm32f7xx_hal_cortex.o
    0x080023b8   0x0000006c   Code   RO         5362    i.HAL_PWREx_EnableOverDrive  stm32f7xx_hal_pwr_ex.o
    0x08002424   0x0000058c   Code   RO         3519    i.HAL_RCCEx_PeriphCLKConfig  stm32f7xx_hal_rcc_ex.o
    0x080029b0   0x000001cc   Code   RO         5248    i.HAL_RCC_ClockConfig  stm32f7xx_hal_rcc.o
    0x08002b7c   0x00000034   Code   RO         5253    i.HAL_RCC_GetHCLKFreq  stm32f7xx_hal_rcc.o
    0x08002bb0   0x00000084   Code   RO         5257    i.HAL_RCC_GetSysClockFreq  stm32f7xx_hal_rcc.o
    0x08002c34   0x000003a4   Code   RO         5260    i.HAL_RCC_OscConfig  stm32f7xx_hal_rcc.o
    0x08002fd8   0x00000042   Code   RO         5638    i.HAL_SDRAM_Init    stm32f7xx_hal_sdram.o
    0x0800301a   0x00000002   Code   RO         5640    i.HAL_SDRAM_MspInit  stm32f7xx_hal_sdram.o
    0x0800301c   0x00000022   Code   RO         5641    i.HAL_SDRAM_ProgramRefreshRate  stm32f7xx_hal_sdram.o
    0x0800303e   0x00000002   PAD
    0x08003040   0x00000030   Code   RO         5647    i.HAL_SDRAM_SendCommand  stm32f7xx_hal_sdram.o
    0x08003070   0x00000026   Code   RO         4432    i.HAL_SYSTICK_Config  stm32f7xx_hal_cortex.o
    0x08003096   0x00000002   Code   RO         3226    i.HardFault_Handler  stm32f7xx_it.o
    0x08003098   0x00000028   Code   RO         1007    i.LCD_LOG_DeInit    lcd_log.o
    0x080030c0   0x00000012   Code   RO         1008    i.LCD_LOG_Init      lcd_log.o
    0x080030d2   0x00000002   PAD
    0x080030d4   0x00000078   Code   RO         1011    i.LCD_LOG_SetFooter  lcd_log.o
    0x0800314c   0x0000006c   Code   RO         1012    i.LCD_LOG_SetHeader  lcd_log.o
    0x080031b8   0x00000084   Code   RO         1013    i.LCD_LOG_UpdateDisplay  lcd_log.o
    0x0800323c   0x00000080   Code   RO         6318    i.LL_FillBuffer     stm32746g_discovery_lcd.o
    0x080032bc   0x000001d0   Code   RO         4954    i.LTDC_SetConfig    stm32f7xx_hal_ltdc.o
    0x0800348c   0x0000006c   Code   RO         3124    i.MPU_Config        main.o
    0x080034f8   0x00000002   Code   RO         3227    i.MemManage_Handler  stm32f7xx_it.o
    0x080034fa   0x00000002   Code   RO         3228    i.NMI_Handler       stm32f7xx_it.o
    0x080034fc   0x00000022   Code   RO         4434    i.NVIC_SetPriority  stm32f7xx_hal_cortex.o
    0x0800351e   0x00000002   PAD
    0x08003520   0x00000214   Code   RO         3125    i.StartThread       main.o
    0x08003734   0x0000000e   Code   RO         3229    i.SysTick_Handler   stm32f7xx_it.o
    0x08003742   0x00000002   PAD
    0x08003744   0x00000054   Code   RO         6825    i.SystemInit        system_stm32f7xx.o
    0x08003798   0x00000002   Code   RO         5857    i.TM_DELAY_1msHandler  tm_stm32_delay.o
    0x0800379a   0x00000002   PAD
    0x0800379c   0x0000003c   Code   RO         5858    i.TM_DELAY_Init     tm_stm32_delay.o
    0x080037d8   0x00000002   Code   RO         3230    i.UsageFault_Handler  stm32f7xx_it.o
    0x080037da   0x00000002   PAD
    0x080037dc   0x00000054   Code   RO         3360    i.User_notification  app_ethernet.o
    0x08003830   0x00000020   Code   RO         6965    i.__0printf$3       mc_w.l(printf3.o)
    0x08003850   0x00000028   Code   RO         6967    i.__0sprintf$3      mc_w.l(printf3.o)
    0x08003878   0x0000000e   Code   RO         7209    i.__scatterload_copy  mc_w.l(handlers.o)
    0x08003886   0x00000002   Code   RO         7210    i.__scatterload_null  mc_w.l(handlers.o)
    0x08003888   0x0000000e   Code   RO         7211    i.__scatterload_zeroinit  mc_w.l(handlers.o)
    0x08003896   0x00000002   PAD
    0x08003898   0x000001b8   Code   RO         6972    i._printf_core      mc_w.l(printf3.o)
    0x08003a50   0x0000000a   Code   RO         6974    i._sputc            mc_w.l(printf3.o)
    0x08003a5a   0x0000009e   Code   RO         2937    i.accept_function   api_msg.o
    0x08003af8   0x0000001c   Code   RO         1891    i.arp_timer         lwip_timers.o
    0x08003b14   0x0000001e   Code   RO         1605    i.dhcp_arp_reply    dhcp.o
    0x08003b32   0x000000ba   Code   RO         1606    i.dhcp_bind         dhcp.o
    0x08003bec   0x00000030   Code   RO         1607    i.dhcp_check        dhcp.o
    0x08003c1c   0x00000060   Code   RO         1609    i.dhcp_coarse_tmr   dhcp.o
    0x08003c7c   0x00000124   Code   RO         1610    i.dhcp_create_msg   dhcp.o
    0x08003da0   0x00000078   Code   RO         1611    i.dhcp_decline      dhcp.o
    0x08003e18   0x00000016   Code   RO         1612    i.dhcp_delete_msg   dhcp.o
    0x08003e2e   0x00000002   PAD
    0x08003e30   0x000000bc   Code   RO         1613    i.dhcp_discover     dhcp.o
    0x08003eec   0x00000034   Code   RO         1614    i.dhcp_fine_tmr     dhcp.o
    0x08003f20   0x0000005c   Code   RO         1615    i.dhcp_handle_ack   dhcp.o
    0x08003f7c   0x00000020   Code   RO         1618    i.dhcp_option       dhcp.o
    0x08003f9c   0x00000012   Code   RO         1619    i.dhcp_option_byte  dhcp.o
    0x08003fae   0x00000042   Code   RO         1620    i.dhcp_option_long  dhcp.o
    0x08003ff0   0x00000022   Code   RO         1621    i.dhcp_option_short  dhcp.o
    0x08004012   0x00000030   Code   RO         1622    i.dhcp_option_trailer  dhcp.o
    0x08004042   0x00000002   PAD
    0x08004044   0x00000200   Code   RO         1623    i.dhcp_parse_reply  dhcp.o
    0x08004244   0x00000088   Code   RO         1624    i.dhcp_rebind       dhcp.o
    0x080042cc   0x000000a0   Code   RO         1625    i.dhcp_reboot       dhcp.o
    0x0800436c   0x00000114   Code   RO         1626    i.dhcp_recv         dhcp.o
    0x08004480   0x000000a4   Code   RO         1627    i.dhcp_release      dhcp.o
    0x08004524   0x00000084   Code   RO         1628    i.dhcp_renew        dhcp.o
    0x080045a8   0x000000e8   Code   RO         1629    i.dhcp_select       dhcp.o
    0x08004690   0x00000010   Code   RO         1630    i.dhcp_set_state    dhcp.o
    0x080046a0   0x000000a4   Code   RO         1632    i.dhcp_start        dhcp.o
    0x08004744   0x00000032   Code   RO         1633    i.dhcp_stop         dhcp.o
    0x08004776   0x00000088   Code   RO         1634    i.dhcp_timeout      dhcp.o
    0x080047fe   0x00000002   PAD
    0x08004800   0x0000001c   Code   RO         1892    i.dhcp_timer_coarse  lwip_timers.o
    0x0800481c   0x0000001c   Code   RO         1893    i.dhcp_timer_fine   lwip_timers.o
    0x08004838   0x0000005c   Code   RO         2938    i.do_bind           api_msg.o
    0x08004894   0x00000054   Code   RO         2939    i.do_close          api_msg.o
    0x080048e8   0x000000ec   Code   RO         2940    i.do_close_internal  api_msg.o
    0x080049d4   0x00000094   Code   RO         2943    i.do_delconn        api_msg.o
    0x08004a68   0x000000b0   Code   RO         2946    i.do_listen         api_msg.o
    0x08004b18   0x00000020   Code   RO         2947    i.do_newconn        api_msg.o
    0x08004b38   0x00000042   Code   RO         2948    i.do_recv           api_msg.o
    0x08004b7a   0x00000042   Code   RO         2950    i.do_write          api_msg.o
    0x08004bbc   0x00000104   Code   RO         2951    i.do_writemore      api_msg.o
    0x08004cc0   0x0000008e   Code   RO         2952    i.err_tcp           api_msg.o
    0x08004d4e   0x000000ce   Code   RO         6082    i.etharp_arp_input  etharp.o
    0x08004e1c   0x00000030   Code   RO         6083    i.etharp_cleanup_netif  etharp.o
    0x08004e4c   0x000000dc   Code   RO         6085    i.etharp_find_entry  etharp.o
    0x08004f28   0x0000003c   Code   RO         6086    i.etharp_free_entry  etharp.o
    0x08004f64   0x00000100   Code   RO         6087    i.etharp_output     etharp.o
    0x08005064   0x00000044   Code   RO         6088    i.etharp_output_to_arp_index  etharp.o
    0x080050a8   0x000000ec   Code   RO         6089    i.etharp_query      etharp.o
    0x08005194   0x000000a6   Code   RO         6090    i.etharp_raw        etharp.o
    0x0800523a   0x00000002   PAD
    0x0800523c   0x00000024   Code   RO         6091    i.etharp_request    etharp.o
    0x08005260   0x00000020   Code   RO         6092    i.etharp_send_ip    etharp.o
    0x08005280   0x00000048   Code   RO         6093    i.etharp_tmr        etharp.o
    0x080052c8   0x0000007c   Code   RO         6094    i.etharp_update_arp_entry  etharp.o
    0x08005344   0x00000090   Code   RO         6095    i.ethernet_input    etharp.o
    0x080053d4   0x00000028   Code   RO         3395    i.ethernetif_init   ethernetif.o
    0x080053fc   0x00000030   Code   RO         3396    i.ethernetif_input  ethernetif.o
    0x0800542c   0x0000010c   Code   RO         1014    i.fputc             lcd_log.o
    0x08005538   0x00000024   Code   RO         3294    i.http_server_netconn_init  httpserver-netconn.o
    0x0800555c   0x00000040   Code   RO         3295    i.http_server_netconn_thread  httpserver-netconn.o
    0x0800559c   0x00000164   Code   RO         3296    i.http_server_serve  httpserver-netconn.o
    0x08005700   0x00000008   Code   RO         2525    i.icmp_dest_unreach  icmp.o
    0x08005708   0x000000fc   Code   RO         2526    i.icmp_input        icmp.o
    0x08005804   0x00000066   Code   RO         2527    i.icmp_send_response  icmp.o
    0x0800586a   0x0000000c   Code   RO          598    i.inHandlerMode     cmsis_os.o
    0x08005876   0x0000000c   Code   RO         2484    i.inet_chksum       inet_chksum.o
    0x08005882   0x00000048   Code   RO         2485    i.inet_chksum_pbuf  inet_chksum.o
    0x080058ca   0x0000002e   Code   RO         2590    i.ip4_addr_isbroadcast  ip_addr.o
    0x080058f8   0x00000164   Code   RO         2554    i.ip_input          ip.o
    0x08005a5c   0x00000034   Code   RO         2555    i.ip_output         ip.o
    0x08005a90   0x00000090   Code   RO         2556    i.ip_output_if      ip.o
    0x08005b20   0x00000040   Code   RO         2557    i.ip_route          ip.o
    0x08005b60   0x000000e4   Code   RO         3397    i.low_level_init    ethernetif.o
    0x08005c44   0x000000c4   Code   RO         3398    i.low_level_input   ethernetif.o
    0x08005d08   0x000000b0   Code   RO         3399    i.low_level_output  ethernetif.o
    0x08005db8   0x00000004   Code   RO         1973    i.lwip_htonl        def.o
    0x08005dbc   0x00000004   Code   RO         1974    i.lwip_htons        def.o
    0x08005dc0   0x00000022   Code   RO         1513    i.lwip_init         init.o
    0x08005de2   0x00000004   Code   RO         1975    i.lwip_ntohl        def.o
    0x08005de6   0x00000004   Code   RO         1976    i.lwip_ntohs        def.o
    0x08005dea   0x00000002   PAD
    0x08005dec   0x0000005c   Code   RO         2488    i.lwip_standard_chksum  inet_chksum.o
    0x08005e48   0x00000084   Code   RO         3126    i.main              main.o
    0x08005ecc   0x0000000e   Code   RO          600    i.makeFreeRtosPriority  cmsis_os.o
    0x08005eda   0x00000002   PAD
    0x08005edc   0x00000044   Code   RO         1201    i.mem_free          mem.o
    0x08005f20   0x0000003c   Code   RO         1202    i.mem_init          mem.o
    0x08005f5c   0x000000d4   Code   RO         1203    i.mem_malloc        mem.o
    0x08006030   0x000000e4   Code   RO         1204    i.mem_trim          mem.o
    0x08006114   0x00000018   Code   RO         1555    i.memp_free         memp.o
    0x0800612c   0x00000058   Code   RO         1556    i.memp_init         memp.o
    0x08006184   0x00000020   Code   RO         1557    i.memp_malloc       memp.o
    0x080061a4   0x00000026   Code   RO         2739    i.netbuf_data       netbuf.o
    0x080061ca   0x00000022   Code   RO         2740    i.netbuf_delete     netbuf.o
    0x080061ec   0x0000005c   Code   RO         2800    i.netconn_accept    api_lib.o
    0x08006248   0x00000074   Code   RO         2953    i.netconn_alloc     api_msg.o
    0x080062bc   0x00000034   Code   RO         2801    i.netconn_bind      api_lib.o
    0x080062f0   0x00000006   Code   RO         2802    i.netconn_close     api_lib.o
    0x080062f6   0x00000002   PAD
    0x080062f8   0x00000034   Code   RO         2803    i.netconn_close_shutdown  api_lib.o
    0x0800632c   0x00000024   Code   RO         2805    i.netconn_delete    api_lib.o
    0x08006350   0x00000090   Code   RO         2954    i.netconn_drain     api_msg.o
    0x080063e0   0x0000002e   Code   RO         2955    i.netconn_free      api_msg.o
    0x0800640e   0x00000002   PAD
    0x08006410   0x00000030   Code   RO         2808    i.netconn_listen_with_backlog  api_lib.o
    0x08006440   0x00000060   Code   RO         2809    i.netconn_new_with_proto_and_callback  api_lib.o
    0x080064a0   0x0000007e   Code   RO         2810    i.netconn_recv      api_lib.o
    0x0800651e   0x00000002   PAD
    0x08006520   0x000000ac   Code   RO         2811    i.netconn_recv_data  api_lib.o
    0x080065cc   0x00000074   Code   RO         2817    i.netconn_write_partly  api_lib.o
    0x08006640   0x00000050   Code   RO         1318    i.netif_add         netif.o
    0x08006690   0x00000002   Code   RO         1320    i.netif_init        netif.o
    0x08006692   0x00000020   Code   RO         1322    i.netif_set_addr    netif.o
    0x080066b2   0x00000002   PAD
    0x080066b4   0x0000000c   Code   RO         1323    i.netif_set_default  netif.o
    0x080066c0   0x0000001a   Code   RO         1324    i.netif_set_down    netif.o
    0x080066da   0x00000008   Code   RO         1325    i.netif_set_gw      netif.o
    0x080066e2   0x00000002   PAD
    0x080066e4   0x00000068   Code   RO         1326    i.netif_set_ipaddr  netif.o
    0x0800674c   0x00000008   Code   RO         1330    i.netif_set_netmask  netif.o
    0x08006754   0x00000020   Code   RO         1331    i.netif_set_up      netif.o
    0x08006774   0x0000000e   Code   RO          601    i.osDelay           cmsis_os.o
    0x08006782   0x0000000a   Code   RO          604    i.osKernelStart     cmsis_os.o
    0x0800678c   0x0000002e   Code   RO          627    i.osSemaphoreCreate  cmsis_os.o
    0x080067ba   0x00000002   PAD
    0x080067bc   0x00000050   Code   RO          629    i.osSemaphoreRelease  cmsis_os.o
    0x0800680c   0x0000006c   Code   RO          630    i.osSemaphoreWait   cmsis_os.o
    0x08006878   0x00000014   Code   RO          633    i.osSystickHandler  cmsis_os.o
    0x0800688c   0x00000038   Code   RO          634    i.osThreadCreate    cmsis_os.o
    0x080068c4   0x0000000a   Code   RO          637    i.osThreadList      cmsis_os.o
    0x080068ce   0x0000000a   Code   RO          643    i.osThreadTerminate  cmsis_os.o
    0x080068d8   0x00000114   Code   RO         1784    i.pbuf_alloc        pbuf.o
    0x080069ec   0x00000028   Code   RO         1785    i.pbuf_cat          pbuf.o
    0x08006a14   0x00000012   Code   RO         1786    i.pbuf_chain        pbuf.o
    0x08006a26   0x00000012   Code   RO         1787    i.pbuf_clen         pbuf.o
    0x08006a38   0x0000009a   Code   RO         1789    i.pbuf_copy         pbuf.o
    0x08006ad2   0x00000066   Code   RO         1790    i.pbuf_copy_partial  pbuf.o
    0x08006b38   0x00000046   Code   RO         1792    i.pbuf_free         pbuf.o
    0x08006b7e   0x00000060   Code   RO         1794    i.pbuf_header       pbuf.o
    0x08006bde   0x0000004e   Code   RO         1797    i.pbuf_realloc      pbuf.o
    0x08006c2c   0x0000000c   Code   RO         1798    i.pbuf_ref          pbuf.o
    0x08006c38   0x00000084   Code   RO         2956    i.pcb_new           api_msg.o
    0x08006cbc   0x00000054   Code   RO         1205    i.plug_holes        mem.o
    0x08006d10   0x00000052   Code   RO         2957    i.poll_tcp          api_msg.o
    0x08006d62   0x00000002   PAD
    0x08006d64   0x00000034   Code   RO          241    i.prvAddCurrentTaskToDelayedList  tasks.o
    0x08006d98   0x00000054   Code   RO          242    i.prvCheckTasksWaitingTermination  tasks.o
    0x08006dec   0x00000026   Code   RO           67    i.prvCopyDataFromQueue  queue.o
    0x08006e12   0x0000006e   Code   RO           68    i.prvCopyDataToQueue  queue.o
    0x08006e80   0x00000050   Code   RO          540    i.prvHeapInit       heap_4.o
    0x08006ed0   0x00000028   Code   RO          243    i.prvIdleTask       tasks.o
    0x08006ef8   0x0000004c   Code   RO          541    i.prvInsertBlockIntoFreeList  heap_4.o
    0x08006f44   0x00000084   Code   RO          244    i.prvListTaskWithinSingleList  tasks.o
    0x08006fc8   0x00000020   Code   RO          245    i.prvResetNextTaskUnblockTime  tasks.o
    0x08006fe8   0x00000030   Code   RO          938    i.prvTaskExitError  port.o
    0x08007018   0x00000064   Code   RO           69    i.prvUnlockQueue    queue.o
    0x0800707c   0x000000e4   Code   RO          542    i.pvPortMalloc      heap_4.o
    0x08007160   0x00000018   Code   RO          246    i.pvTaskIncrementMutexHeldCount  tasks.o
    0x08007178   0x00000028   Code   RO          939    i.pxPortInitialiseStack  port.o
    0x080071a0   0x0000000a   Code   RO         2092    i.raw_bind          raw.o
    0x080071aa   0x00000002   PAD
    0x080071ac   0x00000078   Code   RO         2094    i.raw_input         raw.o
    0x08007224   0x0000002c   Code   RO         2095    i.raw_new           raw.o
    0x08007250   0x00000006   Code   RO         2096    i.raw_recv          raw.o
    0x08007256   0x00000002   PAD
    0x08007258   0x0000002c   Code   RO         2097    i.raw_remove        raw.o
    0x08007284   0x00000078   Code   RO         2958    i.recv_raw          api_msg.o
    0x080072fc   0x00000068   Code   RO         2959    i.recv_tcp          api_msg.o
    0x08007364   0x0000006e   Code   RO         2960    i.recv_udp          api_msg.o
    0x080073d2   0x00000002   PAD
    0x080073d4   0x00000034   Code   RO         3465    i.sendOne           light_control.o
    0x08007408   0x00000034   Code   RO         3466    i.sendZero          light_control.o
    0x0800743c   0x000000c4   Code   RO         3467    i.send_Message_Bin  light_control.o
    0x08007500   0x00000052   Code   RO         2961    i.sent_tcp          api_msg.o
    0x08007552   0x00000002   PAD
    0x08007554   0x00000044   Code   RO         2962    i.setup_tcp         api_msg.o
    0x08007598   0x00000050   Code   RO         5954    i.sys_arch_mbox_fetch  sys_arch.o
    0x080075e8   0x0000001e   Code   RO         5955    i.sys_arch_mbox_tryfetch  sys_arch.o
    0x08007606   0x00000042   Code   RO         5957    i.sys_arch_sem_wait  sys_arch.o
    0x08007648   0x0000000c   Code   RO         5960    i.sys_init          sys_arch.o
    0x08007654   0x00000014   Code   RO         5961    i.sys_mbox_free     sys_arch.o
    0x08007668   0x0000001c   Code   RO         5962    i.sys_mbox_new      sys_arch.o
    0x08007684   0x0000001a   Code   RO         5963    i.sys_mbox_post     sys_arch.o
    0x0800769e   0x00000006   Code   RO         5964    i.sys_mbox_set_invalid  sys_arch.o
    0x080076a4   0x0000001c   Code   RO         5965    i.sys_mbox_trypost  sys_arch.o
    0x080076c0   0x0000000a   Code   RO         5966    i.sys_mbox_valid    sys_arch.o
    0x080076ca   0x00000006   Code   RO         5967    i.sys_sem_free      sys_arch.o
    0x080076d0   0x0000003a   Code   RO         5968    i.sys_sem_new       sys_arch.o
    0x0800770a   0x00000006   Code   RO         5969    i.sys_sem_set_invalid  sys_arch.o
    0x08007710   0x0000000c   Code   RO         5970    i.sys_sem_signal    sys_arch.o
    0x0800771c   0x0000000a   Code   RO         5971    i.sys_sem_valid     sys_arch.o
    0x08007726   0x00000002   PAD
    0x08007728   0x0000003c   Code   RO         5972    i.sys_thread_new    sys_arch.o
    0x08007764   0x0000005c   Code   RO         1894    i.sys_timeout       lwip_timers.o
    0x080077c0   0x00000038   Code   RO         1895    i.sys_timeouts_init  lwip_timers.o
    0x080077f8   0x00000060   Code   RO         1896    i.sys_timeouts_mbox_fetch  lwip_timers.o
    0x08007858   0x00000048   Code   RO         1897    i.sys_untimeout     lwip_timers.o
    0x080078a0   0x0000008c   Code   RO         2148    i.tcp_abandon       tcp.o
    0x0800792c   0x00000006   Code   RO         2149    i.tcp_abort         tcp.o
    0x08007932   0x00000004   Code   RO         2150    i.tcp_accept        tcp.o
    0x08007936   0x00000006   Code   RO         2151    i.tcp_accept_null   tcp.o
    0x0800793c   0x000000f8   Code   RO         2152    i.tcp_alloc         tcp.o
    0x08007a34   0x00000004   Code   RO         2153    i.tcp_arg           tcp.o
    0x08007a38   0x00000084   Code   RO         2154    i.tcp_bind          tcp.o
    0x08007abc   0x00000014   Code   RO         2155    i.tcp_close         tcp.o
    0x08007ad0   0x00000128   Code   RO         2156    i.tcp_close_shutdown  tcp.o
    0x08007bf8   0x000000a4   Code   RO         2367    i.tcp_create_segment  tcp_out.o
    0x08007c9c   0x00000020   Code   RO         2159    i.tcp_eff_send_mss  tcp.o
    0x08007cbc   0x000000ac   Code   RO         2368    i.tcp_enqueue_flags  tcp_out.o
    0x08007d68   0x00000006   Code   RO         2160    i.tcp_err           tcp.o
    0x08007d6e   0x00000002   PAD
    0x08007d70   0x00000060   Code   RO         2161    i.tcp_fasttmr       tcp.o
    0x08007dd0   0x00000002   Code   RO         2162    i.tcp_init          tcp.o
    0x08007dd2   0x00000002   PAD
    0x08007dd4   0x00000310   Code   RO         1448    i.tcp_input         tcp_in.o
    0x080080e4   0x0000003c   Code   RO         2369    i.tcp_keepalive     tcp_out.o
    0x08008120   0x000000e4   Code   RO         1449    i.tcp_listen_input  tcp_in.o
    0x08008204   0x00000088   Code   RO         2163    i.tcp_listen_with_backlog  tcp.o
    0x0800828c   0x00000006   Code   RO         2164    i.tcp_new           tcp.o
    0x08008292   0x00000002   PAD
    0x08008294   0x0000005c   Code   RO         2165    i.tcp_new_port      tcp.o
    0x080082f0   0x00000010   Code   RO         2166    i.tcp_next_iss      tcp.o
    0x08008300   0x00000190   Code   RO         2370    i.tcp_output        tcp_out.o
    0x08008490   0x0000006c   Code   RO         2371    i.tcp_output_alloc_header  tcp_out.o
    0x080084fc   0x000000b4   Code   RO         2372    i.tcp_output_segment  tcp_out.o
    0x080085b0   0x00000080   Code   RO         1450    i.tcp_parseopt      tcp_in.o
    0x08008630   0x0000004e   Code   RO         2373    i.tcp_pbuf_prealloc  tcp_out.o
    0x0800867e   0x0000003a   Code   RO         2167    i.tcp_pcb_purge     tcp.o
    0x080086b8   0x00000058   Code   RO         2168    i.tcp_pcb_remove    tcp.o
    0x08008710   0x0000000a   Code   RO         2169    i.tcp_poll          tcp.o
    0x0800871a   0x00000002   PAD
    0x0800871c   0x0000033c   Code   RO         1451    i.tcp_process       tcp_in.o
    0x08008a58   0x00000066   Code   RO         2170    i.tcp_process_refused_data  tcp.o
    0x08008abe   0x00000002   PAD
    0x08008ac0   0x00000420   Code   RO         1452    i.tcp_receive       tcp_in.o
    0x08008ee0   0x00000004   Code   RO         2171    i.tcp_recv          tcp.o
    0x08008ee4   0x00000024   Code   RO         2172    i.tcp_recv_null     tcp.o
    0x08008f08   0x00000038   Code   RO         2173    i.tcp_recved        tcp.o
    0x08008f40   0x00000052   Code   RO         2374    i.tcp_rexmit        tcp_out.o
    0x08008f92   0x00000058   Code   RO         2375    i.tcp_rexmit_fast   tcp_out.o
    0x08008fea   0x0000002c   Code   RO         2376    i.tcp_rexmit_rto    tcp_out.o
    0x08009016   0x00000078   Code   RO         2377    i.tcp_rst           tcp_out.o
    0x0800908e   0x0000001c   Code   RO         2174    i.tcp_seg_free      tcp.o
    0x080090aa   0x00000012   Code   RO         2175    i.tcp_segs_free     tcp.o
    0x080090bc   0x00000048   Code   RO         2378    i.tcp_send_empty_ack  tcp_out.o
    0x08009104   0x00000044   Code   RO         2379    i.tcp_send_fin      tcp_out.o
    0x08009148   0x00000004   Code   RO         2176    i.tcp_sent          tcp.o
    0x0800914c   0x0000004e   Code   RO         2178    i.tcp_shutdown      tcp.o
    0x0800919a   0x00000002   PAD
    0x0800919c   0x00000260   Code   RO         2179    i.tcp_slowtmr       tcp.o
    0x080093fc   0x00000034   Code   RO         1898    i.tcp_timer_needed  lwip_timers.o
    0x08009430   0x0000006c   Code   RO         1453    i.tcp_timewait_input  tcp_in.o
    0x0800949c   0x00000020   Code   RO         2180    i.tcp_tmr           tcp.o
    0x080094bc   0x00000036   Code   RO         2181    i.tcp_update_rcv_ann_wnd  tcp.o
    0x080094f2   0x00000002   PAD
    0x080094f4   0x00000302   Code   RO         2380    i.tcp_write         tcp_out.o
    0x080097f6   0x00000088   Code   RO         2381    i.tcp_zero_window_probe  tcp_out.o
    0x0800987e   0x00000002   PAD
    0x08009880   0x00000040   Code   RO         2647    i.tcpip_apimsg      tcpip.o
    0x080098c0   0x0000003c   Code   RO         2651    i.tcpip_init        tcpip.o
    0x080098fc   0x0000004c   Code   RO         2652    i.tcpip_input       tcpip.o
    0x08009948   0x00000038   Code   RO         1899    i.tcpip_tcp_timer   lwip_timers.o
    0x08009980   0x00000080   Code   RO         2653    i.tcpip_thread      tcpip.o
    0x08009a00   0x00000098   Code   RO         3468    i.thread_control    light_control.o
    0x08009a98   0x00000098   Code   RO         2003    i.udp_bind          udp.o
    0x08009b30   0x0000004c   Code   RO         2004    i.udp_connect       udp.o
    0x08009b7c   0x00000002   Code   RO         2006    i.udp_init          udp.o
    0x08009b7e   0x00000002   PAD
    0x08009b80   0x0000017c   Code   RO         2007    i.udp_input         udp.o
    0x08009cfc   0x0000001a   Code   RO         2008    i.udp_new           udp.o
    0x08009d16   0x00000006   Code   RO         2009    i.udp_recv          udp.o
    0x08009d1c   0x0000002c   Code   RO         2010    i.udp_remove        udp.o
    0x08009d48   0x000000b6   Code   RO         2013    i.udp_sendto_if     udp.o
    0x08009dfe   0x00000024   Code   RO          504    i.uxListRemove      list.o
    0x08009e22   0x00000028   Code   RO           72    i.uxQueueMessagesWaiting  queue.o
    0x08009e4a   0x00000002   PAD
    0x08009e4c   0x00000084   Code   RO          249    i.uxTaskGetSystemState  tasks.o
    0x08009ed0   0x00000016   Code   RO          505    i.vListInitialise   list.o
    0x08009ee6   0x00000006   Code   RO          506    i.vListInitialiseItem  list.o
    0x08009eec   0x00000030   Code   RO          507    i.vListInsert       list.o
    0x08009f1c   0x00000018   Code   RO          508    i.vListInsertEnd    list.o
    0x08009f34   0x00000048   Code   RO          941    i.vPortEnterCritical  port.o
    0x08009f7c   0x0000002c   Code   RO          942    i.vPortExitCritical  port.o
    0x08009fa8   0x00000064   Code   RO          543    i.vPortFree         heap_4.o
    0x0800a00c   0x00000020   Code   RO          943    i.vPortSetupTimerInterrupt  port.o
    0x0800a02c   0x0000005c   Code   RO          944    i.vPortValidateInterruptPriority  port.o
    0x0800a088   0x00000028   Code   RO           76    i.vQueueDelete      queue.o
    0x0800a0b0   0x00000024   Code   RO           78    i.vQueueUnregisterQueue  queue.o
    0x0800a0d4   0x0000006c   Code   RO          254    i.vTaskDelay        tasks.o
    0x0800a140   0x000000a8   Code   RO          255    i.vTaskDelete       tasks.o
    0x0800a1e8   0x000000c8   Code   RO          257    i.vTaskList         tasks.o
    0x0800a2b0   0x0000000c   Code   RO          258    i.vTaskMissedYield  tasks.o
    0x0800a2bc   0x00000050   Code   RO          260    i.vTaskPlaceOnEventList  tasks.o
    0x0800a30c   0x00000088   Code   RO          262    i.vTaskPriorityInherit  tasks.o
    0x0800a394   0x00000028   Code   RO          265    i.vTaskSetTimeOutState  tasks.o
    0x0800a3bc   0x00000068   Code   RO          266    i.vTaskStartScheduler  tasks.o
    0x0800a424   0x00000010   Code   RO          267    i.vTaskSuspendAll   tasks.o
    0x0800a434   0x00000060   Code   RO          268    i.vTaskSwitchContext  tasks.o
    0x0800a494   0x000000a8   Code   RO          945    i.xPortStartScheduler  port.o
    0x0800a53c   0x00000030   Code   RO          946    i.xPortSysTickHandler  port.o
    0x0800a56c   0x00000054   Code   RO           79    i.xQueueCreateCountingSemaphore  queue.o
    0x0800a5c0   0x0000006c   Code   RO           81    i.xQueueGenericCreate  queue.o
    0x0800a62c   0x00000178   Code   RO           82    i.xQueueGenericReceive  queue.o
    0x0800a7a4   0x00000098   Code   RO           83    i.xQueueGenericReset  queue.o
    0x0800a83c   0x00000170   Code   RO           84    i.xQueueGenericSend  queue.o
    0x0800a9ac   0x000000ac   Code   RO           86    i.xQueueGiveFromISR  queue.o
    0x0800aa58   0x0000009a   Code   RO           91    i.xQueueReceiveFromISR  queue.o
    0x0800aaf2   0x00000002   PAD
    0x0800aaf4   0x00000070   Code   RO          269    i.xTaskCheckForTimeOut  tasks.o
    0x0800ab64   0x000001c0   Code   RO          270    i.xTaskGenericCreate  tasks.o
    0x0800ad24   0x0000001c   Code   RO          273    i.xTaskGetSchedulerState  tasks.o
    0x0800ad40   0x0000000c   Code   RO          274    i.xTaskGetTickCount  tasks.o
    0x0800ad4c   0x000000d0   Code   RO          276    i.xTaskIncrementTick  tasks.o
    0x0800ae1c   0x000000a8   Code   RO          279    i.xTaskPriorityDisinherit  tasks.o
    0x0800aec4   0x00000078   Code   RO          280    i.xTaskRemoveFromEventList  tasks.o
    0x0800af3c   0x000000c8   Code   RO          282    i.xTaskResumeAll    tasks.o
    0x0800b004   0x00000030   Data   RO         1559    .constdata          memp.o
    0x0800b034   0x00000054   Data   RO         2182    .constdata          tcp.o
    0x0800b088   0x00000004   Data   RO         2597    .constdata          ip_addr.o
    0x0800b08c   0x00000004   Data   RO         2598    .constdata          ip_addr.o
    0x0800b090   0x0000003c   Data   RO         3128    .constdata          main.o
    0x0800b0cc   0x00001235   Data   RO         3300    .constdata          httpserver-netconn.o
    0x0800c301   0x00000003   PAD
    0x0800c304   0x00000014   Data   RO         3405    .constdata          ethernetif.o
    0x0800c318   0x00000030   Data   RO         3469    .constdata          light_control.o
    0x0800c348   0x00000008   Data   RO         4858    .constdata          stm32f7xx_hal_dma.o
    0x0800c350   0x00000010   Data   RO         5261    .constdata          stm32f7xx_hal_rcc.o
    0x0800c360   0x0000000c   Data   RO         6097    .constdata          etharp.o
    0x0800c36c   0x00001ab8   Data   RO         6320    .constdata          stm32746g_discovery_lcd.o
    0x0800de24   0x00000be0   Data   RO         6322    .constdata          stm32746g_discovery_lcd.o
    0x0800ea04   0x00000474   Data   RO         6323    .constdata          stm32746g_discovery_lcd.o
    0x0800ee78   0x00000075   Data   RO         2183    .conststring        tcp.o
    0x0800eeed   0x00000003   PAD
    0x0800eef0   0x00000016   Data   RO         3129    .conststring        main.o
    0x0800ef06   0x00000002   PAD
    0x0800ef08   0x00000006   Data   RO         3406    .conststring        ethernetif.o
    0x0800ef0e   0x00000002   PAD
    0x0800ef10   0x00000020   Data   RO         7207    Region$$Table       anon$$obj.o


    Execution Region RW_IRAM1 (Base: 0x20000000, Size: 0x00016b38, Max: 0x00050000, ABSOLUTE, COMPRESSED[0x00000040])

    Base Addr    Size         Type   Attr      Idx    E Section Name        Object

    0x20000000   0x00000038   Data   RW          284    .data               tasks.o
    0x20000038   0x00000018   Data   RW          548    .data               heap_4.o
    0x20000050   0x0000000c   Data   RW          947    .data               port.o
    0x2000005c   0x00000014   Data   RW         1016    .data               lcd_log.o
    0x20000070   0x00000010   Data   RW         1207    .data               mem.o
    0x20000080   0x0000000c   Data   RW         1332    .data               netif.o
    0x2000008c   0x0000001c   Data   RW         1455    .data               tcp_in.o
    0x200000a8   0x00000004   Data   RW         1636    .data               dhcp.o
    0x200000ac   0x00000008   Data   RW         1900    .data               lwip_timers.o
    0x200000b4   0x00000008   Data   RW         2014    .data               udp.o
    0x200000bc   0x00000004   Data   RW         2100    .data               raw.o
    0x200000c0   0x00000024   Data   RW         2184    .data               tcp.o
    0x200000e4   0x00000014   Data   RW         2558    .data               ip.o
    0x200000f8   0x0000000c   Data   RW         2657    .data               tcpip.o
    0x20000104   0x00000008   Data   RW         3130    .data               main.o
    0x2000010c   0x00000004   Data   RW         3306    .data               httpserver-netconn.o
    0x20000110   0x00000001   Data   RW         3361    .data               app_ethernet.o
    0x20000111   0x00000003   PAD
    0x20000114   0x00000004   Data   RW         3407    .data               ethernetif.o
    0x20000118   0x00000008   Data   RW         5867    .data               tm_stm32_delay.o
    0x20000120   0x00000002   Data   RW         5973    .data               sys_arch.o
    0x20000122   0x00000001   Data   RW         6098    .data               etharp.o
    0x20000123   0x00000002   Data   RW         6195    .data               stm32746g_discovery_sdram.o
    0x20000125   0x00000003   PAD
    0x20000128   0x0000000c   Data   RW         6325    .data               stm32746g_discovery_lcd.o
    0x20000134   0x00000008   Data   RW         6327    .data               stm32746g_discovery_lcd.o
    0x2000013c   0x00000008   Data   RW         6328    .data               stm32746g_discovery_lcd.o
    0x20000144   0x00000014   Data   RW         6826    .data               system_stm32f7xx.o
    0x20000158   0x00000004   Data   RW         7179    .data               mc_w.l(stdout.o)
    0x2000015c   0x00000040   Zero   RW           93    .bss                queue.o
    0x2000019c   0x000000dc   Zero   RW          283    .bss                tasks.o
    0x20000278   0x00005000   Zero   RW          547    .bss                heap_4.o
    0x20005278   0x00003c54   Zero   RW         1015    .bss                lcd_log.o
    0x20008ecc   0x00001414   Zero   RW         1206    .bss                mem.o
    0x2000a2e0   0x00000014   Zero   RW         1454    .bss                tcp_in.o
    0x2000a2f4   0x00000032   Zero   RW         1635    .bss                dhcp.o
    0x2000a326   0x00000002   PAD
    0x2000a328   0x00000038   Zero   RW         3127    .bss                main.o
    0x2000a360   0x00000048   Zero   RW         3404    .bss                ethernetif.o
    0x2000a3a8   0x00000018   Zero   RW         5866    .bss                tm_stm32_delay.o
    0x2000a3c0   0x000000c8   Zero   RW         6096    .bss                etharp.o
    0x2000a488   0x00000110   Zero   RW         6194    .bss                stm32746g_discovery_sdram.o
    0x2000a598   0x00000184   Zero   RW         6319    .bss                stm32746g_discovery_lcd.o
    0x2000a71c   0x00000004   PAD
    0x2000a720   0x00002000   Zero   RW         6173    STACK               startup_stm32f746xx.o
    0x2000c720   0x000018e0   PAD
    0x2000e000   0x000000a0   Zero   RW         3400    .ARM.__AT_0x2000E000  ethernetif.o
    0x2000e0a0   0x00000060   PAD
    0x2000e100   0x000000a0   Zero   RW         3401    .ARM.__AT_0x2000E100  ethernetif.o
    0x2000e1a0   0x00000060   PAD
    0x2000e200   0x00001dc4   Zero   RW         3402    .ARM.__AT_0x2000E200  ethernetif.o
    0x2000ffc4   0x00001dc4   Zero   RW         3403    .ARM.__AT_0x2000FFC4  ethernetif.o
    0x20011d88   0x00004daf   Zero   RW         1558    .bss                memp.o


==============================================================================

Image component sizes


      Code (inc. data)   RO Data    RW Data    ZI Data      Debug   Object Name

       796         34          0          0          0      20689   api_lib.o
      2464         48          0          0          0      20871   api_msg.o
       448        218          0          1          0       2547   app_ethernet.o
       380         12          0          0          0      23278   cmsis_os.o
         0          0          0          0          0      13852   croutine.o
        16          0          0          0          0       3312   def.o
      3302         74          0          4         50      28023   dhcp.o
      1668         68         12          1        200      17004   etharp.o
       900         94         26          4      15632       7774   ethernetif.o
       484         24          0         24      20480       8279   heap_4.o
       836        356       4661          4          0      14064   httpserver-netconn.o
       362         10          0          0          0       3749   icmp.o
         0          0          0          0          0       4012   inet.o
       176          0          0          0          0       3449   inet_chksum.o
        34          0          0          0          0       3588   init.o
       616         24          0         20          0       8617   ip.o
        46          0          8          0          0       8074   ip_addr.o
       686         48          0         20      15444     493353   lcd_log.o
       496         46         48          0          0       5251   light_control.o
       136          0          0          0          0       4366   list.o
       508         76          0          8          0       8463   lwip_timers.o
      1080        424         82          8         56      49513   main.o
       652         26          0         16       5140      16349   mem.o
       144         20         48          0      19887       4210   memp.o
        72          0          0          0          0       3446   netbuf.o
       304         20          0         12          0      30327   netif.o
       864          0          0          0          0      10601   pbuf.o
       730         80          0         12          0      10789   port.o
      1778         20          0          0         64      26746   queue.o
       224         24          0          4          0       5185   raw.o
        36          8        456          0       8192        908   startup_stm32f746xx.o
      1708        188      11020         28        388      24189   stm32746g_discovery_lcd.o
       620         56          0          2        272       5290   stm32746g_discovery_sdram.o
        72          4          0          0          0       2108   stm32f7xx_hal.o
       286         18          0          0          0      37066   stm32f7xx_hal_cortex.o
       266         12          8          0          0       3252   stm32f7xx_hal_dma.o
       738          6          0          0          0       6587   stm32f7xx_hal_dma2d.o
      1974         66          0          0          0      14488   stm32f7xx_hal_eth.o
       482         54          0          0          0       2984   stm32f7xx_hal_gpio.o
       810          4          0          0          0       5038   stm32f7xx_hal_ltdc.o
       108          8          0          0          0       1552   stm32f7xx_hal_pwr_ex.o
      1576         46         16          0          0       5665   stm32f7xx_hal_rcc.o
      1420         16          0          0          0       2640   stm32f7xx_hal_rcc_ex.o
       150          0          0          0          0       3952   stm32f7xx_hal_sdram.o
        30          0          0          0          0       4520   stm32f7xx_it.o
       308          0          0          0          0       4220   stm32f7xx_ll_fmc.o
       458          8          0          2          0      13925   sys_arch.o
        84         16          0         20          0       1505   system_stm32f7xx.o
      2752        216          0         56        220      29405   tasks.o
      2418         94        201         36          0      37549   tcp.o
      3132        126          0         28         20      22922   tcp_in.o
      2542          8          0          0          0      18419   tcp_out.o
       328         40          0         12          0      10170   tcpip.o
         0          0          0          0          0       7236   timers.o
       222         28          0          8         24       7457   tm_stm32_delay.o
       868         26          0          8          0      18705   udp.o

    ----------------------------------------------------------------------
     43678       2794      16628        344      92636    1151533   Object Totals
         0          0         32          0          0          0   (incl. Generated)
        88          0         10          6       6567          0   (incl. Padding)

    ----------------------------------------------------------------------

      Code (inc. data)   RO Data    RW Data    ZI Data      Debug   Library Member Name

        86          0          0          0          0          0   __dczerorl2.o
         0          0          0          0          0          0   entry.o
         0          0          0          0          0          0   entry10a.o
         0          0          0          0          0          0   entry11a.o
         8          4          0          0          0          0   entry2.o
         4          0          0          0          0          0   entry5.o
         0          0          0          0          0          0   entry7b.o
         0          0          0          0          0          0   entry8b.o
         8          4          0          0          0          0   entry9a.o
        30          0          0          0          0          0   handlers.o
        36          8          0          0          0         68   init.o
        26          0          0          0          0         80   memcmp.o
        36          0          0          0          0         68   memcpya.o
        36          0          0          0          0        108   memseta.o
       522         20          0          0          0        336   printf3.o
         0          0          0          4          0          0   stdout.o
        24          0          0          0          0         68   strcat.o
        18          0          0          0          0         68   strcpy.o
        14          0          0          0          0         68   strlen.o
        30          0          0          0          0         80   strncmp.o
        44          0          0          0          0         80   uidiv.o

    ----------------------------------------------------------------------
       926         36          0          4          0       1024   Library Totals
         4          0          0          0          0          0   (incl. Padding)

    ----------------------------------------------------------------------

      Code (inc. data)   RO Data    RW Data    ZI Data      Debug   Library Name

       922         36          0          4          0       1024   mc_w.l

    ----------------------------------------------------------------------
       926         36          0          4          0       1024   Library Totals

    ----------------------------------------------------------------------

==============================================================================


      Code (inc. data)   RO Data    RW Data    ZI Data      Debug   

     44604       2830      16628        348      92636    1113673   Grand Totals
     44604       2830      16628         64      92636    1113673   ELF Image Totals (compressed)
     44604       2830      16628         64          0          0   ROM Totals

==============================================================================

    Total RO  Size (Code + RO Data)                61232 (  59.80kB)
    Total RW  Size (RW Data + ZI Data)             92984 (  90.80kB)
    Total ROM Size (Code + RO Data + RW Data)      61296 (  59.86kB)

==============================================================================

