Archive member included because of file (symbol)

C:\Program Files\Raisonance\Ride\Lib\ARM\STM32x_io_putchar_thumb.a(STM32F10X_IO_putchar.o)
                              (__io_putchar)
C:\Program Files\Raisonance\Ride\Lib\ARM\std_sbrk_thumb.lib(write.o)
                              (_write)
C:\Program Files\Raisonance\Ride\Lib\ARM\smallprintf_thumb.a(_SP_sprintf.o)
                              D:\SAV\STM32_Documents\lwip_st_STM32\STM32F107_ETH_LwIP_V1.0.0\Project\RIDE\STM3210C-EVAL\netconf.o (sprintf)
C:\Program Files\Raisonance\Ride\Lib\ARM\smallprintf_thumb.a(_SP_vfprintf.o)
                              C:\Program Files\Raisonance\Ride\Lib\ARM\smallprintf_thumb.a(_SP_sprintf.o) (_vfiprintf_r)
C:\Program Files\Raisonance\Ride\Lib\ARM\smallprintf_thumb.a(_SP_puts.o)
                              C:\Program Files\Raisonance\Ride\Lib\ARM\smallprintf_thumb.a(_SP_vfprintf.o) (_SMALL_PRINTF_puts)
c:/program files/raisonance/ride/arm-gcc/bin/../lib/gcc/arm-none-eabi/4.3.2/../../../../arm-none-eabi/lib/thumb2\libc.a(lib_a-impure.o)
                              C:\Program Files\Raisonance\Ride\Lib\ARM\smallprintf_thumb.a(_SP_sprintf.o) (_impure_ptr)
c:/program files/raisonance/ride/arm-gcc/bin/../lib/gcc/arm-none-eabi/4.3.2/../../../../arm-none-eabi/lib/thumb2\libc.a(lib_a-memchr.o)
                              C:\Program Files\Raisonance\Ride\Lib\ARM\smallprintf_thumb.a(_SP_vfprintf.o) (memchr)
c:/program files/raisonance/ride/arm-gcc/bin/../lib/gcc/arm-none-eabi/4.3.2/../../../../arm-none-eabi/lib/thumb2\libc.a(lib_a-memcpy.o)
                              D:\SAV\STM32_Documents\lwip_st_STM32\STM32F107_ETH_LwIP_V1.0.0\Project\RIDE\STM3210C-EVAL\netconf.o (memcpy)
c:/program files/raisonance/ride/arm-gcc/bin/../lib/gcc/arm-none-eabi/4.3.2/../../../../arm-none-eabi/lib/thumb2\libc.a(lib_a-memset.o)
                              D:\SAV\STM32_Documents\lwip_st_STM32\STM32F107_ETH_LwIP_V1.0.0\Project\RIDE\STM3210C-EVAL\udp.o (memset)
c:/program files/raisonance/ride/arm-gcc/bin/../lib/gcc/arm-none-eabi/4.3.2/../../../../arm-none-eabi/lib/thumb2\libc.a(lib_a-strcmp.o)
                              D:\SAV\STM32_Documents\lwip_st_STM32\STM32F107_ETH_LwIP_V1.0.0\Project\RIDE\STM3210C-EVAL\httpd.o (strcmp)
c:/program files/raisonance/ride/arm-gcc/bin/../lib/gcc/arm-none-eabi/4.3.2/../../../../arm-none-eabi/lib/thumb2\libc.a(lib_a-strcpy.o)
                              D:\SAV\STM32_Documents\lwip_st_STM32\STM32F107_ETH_LwIP_V1.0.0\Project\RIDE\STM3210C-EVAL\tftputils.o (strcpy)
c:/program files/raisonance/ride/arm-gcc/bin/../lib/gcc/arm-none-eabi/4.3.2/../../../../arm-none-eabi/lib/thumb2\libc.a(lib_a-strlen.o)
                              D:\SAV\STM32_Documents\lwip_st_STM32\STM32F107_ETH_LwIP_V1.0.0\Project\RIDE\STM3210C-EVAL\tftpserver.o (strlen)
c:/program files/raisonance/ride/arm-gcc/bin/../lib/gcc/arm-none-eabi/4.3.2/../../../../arm-none-eabi/lib/thumb2\libc.a(lib_a-strncmp.o)
                              D:\SAV\STM32_Documents\lwip_st_STM32\STM32F107_ETH_LwIP_V1.0.0\Project\RIDE\STM3210C-EVAL\httpd.o (strncmp)
c:/program files/raisonance/ride/arm-gcc/bin/../lib/gcc/arm-none-eabi/4.3.2/../../../../arm-none-eabi/lib/thumb2\libc.a(lib_a-wcrtomb.o)
                              C:\Program Files\Raisonance\Ride\Lib\ARM\smallprintf_thumb.a(_SP_vfprintf.o) (_wcrtomb_r)
c:/program files/raisonance/ride/arm-gcc/bin/../lib/gcc/arm-none-eabi/4.3.2/../../../../arm-none-eabi/lib/thumb2\libc.a(lib_a-wcsrtombs.o)
                              C:\Program Files\Raisonance\Ride\Lib\ARM\smallprintf_thumb.a(_SP_vfprintf.o) (_wcsrtombs_r)
c:/program files/raisonance/ride/arm-gcc/bin/../lib/gcc/arm-none-eabi/4.3.2/../../../../arm-none-eabi/lib/thumb2\libc.a(lib_a-wctomb_r.o)
                              c:/program files/raisonance/ride/arm-gcc/bin/../lib/gcc/arm-none-eabi/4.3.2/../../../../arm-none-eabi/lib/thumb2\libc.a(lib_a-wcrtomb.o) (_wctomb_r)
c:/program files/raisonance/ride/arm-gcc/bin/../lib/gcc/arm-none-eabi/4.3.2/../../../../arm-none-eabi/lib/thumb2\libc.a(lib_a-locale.o)
                              c:/program files/raisonance/ride/arm-gcc/bin/../lib/gcc/arm-none-eabi/4.3.2/../../../../arm-none-eabi/lib/thumb2\libc.a(lib_a-wctomb_r.o) (__lc_ctype)
c:/program files/raisonance/ride/arm-gcc/bin/../lib/gcc/arm-none-eabi/4.3.2/thumb2\libgcc.a(_udivsi3.o)
                              C:\Program Files\Raisonance\Ride\Lib\ARM\smallprintf_thumb.a(_SP_vfprintf.o) (__aeabi_uidiv)
c:/program files/raisonance/ride/arm-gcc/bin/../lib/gcc/arm-none-eabi/4.3.2/thumb2\libgcc.a(_dvmd_tls.o)
                              c:/program files/raisonance/ride/arm-gcc/bin/../lib/gcc/arm-none-eabi/4.3.2/thumb2\libgcc.a(_udivsi3.o) (__aeabi_idiv0)

Allocating common symbols
Common symbol       size              file

netif               0x34              D:\SAV\STM32_Documents\lwip_st_STM32\STM32F107_ETH_LwIP_V1.0.0\Project\RIDE\STM3210C-EVAL\netconf.o
[...]
Memory Configuration

Name             Origin             Length             Attributes
RAM              0x20000000         0x00010000         xrw
FLASH            0x08000000         0x00040000         xr
STARTFLASH       0x00000000         0x00000000         xr
CRPPATCH         0x00000000         0x00000000         r
FLASHPATCH       0x00000000         0x00000000         r
ENDFLASH         0x00000000         0x00000000         xr
FLASHB1          0x00000000         0x00000000         xr
EXTMEMB0         0x00000000         0x00000000         xr
EXTMEMB1         0x00000000         0x00000000         xr
EXTMEMB2         0x00000000         0x00000000         xr
EXTMEMB3         0x00000000         0x00000000         xr
*default*        0x00000000         0xffffffff

Linker script and memory map

LOAD D:\SAV\STM32_Documents\lwip_st_STM32\STM32F107_ETH_LwIP_V1.0.0\Project\RIDE\STM3210C-EVAL\main.o
LOAD D:\SAV\STM32_Documents\lwip_st_STM32\STM32F107_ETH_LwIP_V1.0.0\Project\RIDE\STM3210C-EVAL\netconf.o
LOAD D:\SAV\STM32_Documents\lwip_st_STM32\STM32F107_ETH_LwIP_V1.0.0\Project\RIDE\STM3210C-EVAL\stm32f10x_it.o
LOAD D:\SAV\STM32_Documents\lwip_st_STM32\STM32F107_ETH_LwIP_V1.0.0\Project\RIDE\STM3210C-EVAL\stm32f107.o
LOAD D:\SAV\STM32_Documents\lwip_st_STM32\STM32F107_ETH_LwIP_V1.0.0\Project\RIDE\STM3210C-EVAL\tftputils.o
LOAD D:\SAV\STM32_Documents\lwip_st_STM32\STM32F107_ETH_LwIP_V1.0.0\Project\RIDE\STM3210C-EVAL\client.o
LOAD D:\SAV\STM32_Documents\lwip_st_STM32\STM32F107_ETH_LwIP_V1.0.0\Project\RIDE\STM3210C-EVAL\helloworld.o
LOAD D:\SAV\STM32_Documents\lwip_st_STM32\STM32F107_ETH_LwIP_V1.0.0\Project\RIDE\STM3210C-EVAL\httpd.o
LOAD D:\SAV\STM32_Documents\lwip_st_STM32\STM32F107_ETH_LwIP_V1.0.0\Project\RIDE\STM3210C-EVAL\server.o
LOAD D:\SAV\STM32_Documents\lwip_st_STM32\STM32F107_ETH_LwIP_V1.0.0\Project\RIDE\STM3210C-EVAL\tftpserver.o
LOAD D:\SAV\STM32_Documents\lwip_st_STM32\STM32F107_ETH_LwIP_V1.0.0\Project\RIDE\STM3210C-EVAL\stm32f10x_i2c.o
LOAD D:\SAV\STM32_Documents\lwip_st_STM32\STM32F107_ETH_LwIP_V1.0.0\Project\RIDE\STM3210C-EVAL\stm32f10x_rcc.o
LOAD D:\SAV\STM32_Documents\lwip_st_STM32\STM32F107_ETH_LwIP_V1.0.0\Project\RIDE\STM3210C-EVAL\stm32f10x_spi.o
LOAD D:\SAV\STM32_Documents\lwip_st_STM32\STM32F107_ETH_LwIP_V1.0.0\Project\RIDE\STM3210C-EVAL\stm32f10x_tim.o
LOAD D:\SAV\STM32_Documents\lwip_st_STM32\STM32F107_ETH_LwIP_V1.0.0\Project\RIDE\STM3210C-EVAL\stm32f10x_usart.o
LOAD D:\SAV\STM32_Documents\lwip_st_STM32\STM32F107_ETH_LwIP_V1.0.0\Project\RIDE\STM3210C-EVAL\misc.o
LOAD D:\SAV\STM32_Documents\lwip_st_STM32\STM32F107_ETH_LwIP_V1.0.0\Project\RIDE\STM3210C-EVAL\stm32f10x_adc.o
LOAD D:\SAV\STM32_Documents\lwip_st_STM32\STM32F107_ETH_LwIP_V1.0.0\Project\RIDE\STM3210C-EVAL\stm32f10x_exti.o
LOAD D:\SAV\STM32_Documents\lwip_st_STM32\STM32F107_ETH_LwIP_V1.0.0\Project\RIDE\STM3210C-EVAL\stm32f10x_flash.o
LOAD D:\SAV\STM32_Documents\lwip_st_STM32\STM32F107_ETH_LwIP_V1.0.0\Project\RIDE\STM3210C-EVAL\stm32f10x_gpio.o
LOAD D:\SAV\STM32_Documents\lwip_st_STM32\STM32F107_ETH_LwIP_V1.0.0\Project\RIDE\STM3210C-EVAL\stm32_eth.o
LOAD D:\SAV\STM32_Documents\lwip_st_STM32\STM32F107_ETH_LwIP_V1.0.0\Project\RIDE\STM3210C-EVAL\tcpip.o
LOAD D:\SAV\STM32_Documents\lwip_st_STM32\STM32F107_ETH_LwIP_V1.0.0\Project\RIDE\STM3210C-EVAL\api_lib.o
LOAD D:\SAV\STM32_Documents\lwip_st_STM32\STM32F107_ETH_LwIP_V1.0.0\Project\RIDE\STM3210C-EVAL\api_msg.o
LOAD D:\SAV\STM32_Documents\lwip_st_STM32\STM32F107_ETH_LwIP_V1.0.0\Project\RIDE\STM3210C-EVAL\err.o
LOAD D:\SAV\STM32_Documents\lwip_st_STM32\STM32F107_ETH_LwIP_V1.0.0\Project\RIDE\STM3210C-EVAL\netbuf.o
LOAD D:\SAV\STM32_Documents\lwip_st_STM32\STM32F107_ETH_LwIP_V1.0.0\Project\RIDE\STM3210C-EVAL\netdb.o
LOAD D:\SAV\STM32_Documents\lwip_st_STM32\STM32F107_ETH_LwIP_V1.0.0\Project\RIDE\STM3210C-EVAL\netifapi.o
LOAD D:\SAV\STM32_Documents\lwip_st_STM32\STM32F107_ETH_LwIP_V1.0.0\Project\RIDE\STM3210C-EVAL\tcp_out.o
LOAD D:\SAV\STM32_Documents\lwip_st_STM32\STM32F107_ETH_LwIP_V1.0.0\Project\RIDE\STM3210C-EVAL\udp.o
LOAD D:\SAV\STM32_Documents\lwip_st_STM32\STM32F107_ETH_LwIP_V1.0.0\Project\RIDE\STM3210C-EVAL\dhcp.o
LOAD D:\SAV\STM32_Documents\lwip_st_STM32\STM32F107_ETH_LwIP_V1.0.0\Project\RIDE\STM3210C-EVAL\init.o
LOAD D:\SAV\STM32_Documents\lwip_st_STM32\STM32F107_ETH_LwIP_V1.0.0\Project\RIDE\STM3210C-EVAL\mem.o
LOAD D:\SAV\STM32_Documents\lwip_st_STM32\STM32F107_ETH_LwIP_V1.0.0\Project\RIDE\STM3210C-EVAL\memp.o
LOAD D:\SAV\STM32_Documents\lwip_st_STM32\STM32F107_ETH_LwIP_V1.0.0\Project\RIDE\STM3210C-EVAL\netif.o
LOAD D:\SAV\STM32_Documents\lwip_st_STM32\STM32F107_ETH_LwIP_V1.0.0\Project\RIDE\STM3210C-EVAL\pbuf.o
LOAD D:\SAV\STM32_Documents\lwip_st_STM32\STM32F107_ETH_LwIP_V1.0.0\Project\RIDE\STM3210C-EVAL\raw.o
LOAD D:\SAV\STM32_Documents\lwip_st_STM32\STM32F107_ETH_LwIP_V1.0.0\Project\RIDE\STM3210C-EVAL\stats.o
LOAD D:\SAV\STM32_Documents\lwip_st_STM32\STM32F107_ETH_LwIP_V1.0.0\Project\RIDE\STM3210C-EVAL\sys.o
LOAD D:\SAV\STM32_Documents\lwip_st_STM32\STM32F107_ETH_LwIP_V1.0.0\Project\RIDE\STM3210C-EVAL\tcp.o
LOAD D:\SAV\STM32_Documents\lwip_st_STM32\STM32F107_ETH_LwIP_V1.0.0\Project\RIDE\STM3210C-EVAL\tcp_in.o
LOAD D:\SAV\STM32_Documents\lwip_st_STM32\STM32F107_ETH_LwIP_V1.0.0\Project\RIDE\STM3210C-EVAL\ethernetif.o
LOAD D:\SAV\STM32_Documents\lwip_st_STM32\STM32F107_ETH_LwIP_V1.0.0\Project\RIDE\STM3210C-EVAL\autoip.o
LOAD D:\SAV\STM32_Documents\lwip_st_STM32\STM32F107_ETH_LwIP_V1.0.0\Project\RIDE\STM3210C-EVAL\icmp.o
LOAD D:\SAV\STM32_Documents\lwip_st_STM32\STM32F107_ETH_LwIP_V1.0.0\Project\RIDE\STM3210C-EVAL\igmp.o
LOAD D:\SAV\STM32_Documents\lwip_st_STM32\STM32F107_ETH_LwIP_V1.0.0\Project\RIDE\STM3210C-EVAL\inet.o
LOAD D:\SAV\STM32_Documents\lwip_st_STM32\STM32F107_ETH_LwIP_V1.0.0\Project\RIDE\STM3210C-EVAL\inet_chksum.o
LOAD D:\SAV\STM32_Documents\lwip_st_STM32\STM32F107_ETH_LwIP_V1.0.0\Project\RIDE\STM3210C-EVAL\ip.o
LOAD D:\SAV\STM32_Documents\lwip_st_STM32\STM32F107_ETH_LwIP_V1.0.0\Project\RIDE\STM3210C-EVAL\ip_addr.o
LOAD D:\SAV\STM32_Documents\lwip_st_STM32\STM32F107_ETH_LwIP_V1.0.0\Project\RIDE\STM3210C-EVAL\ip_frag.o
LOAD D:\SAV\STM32_Documents\lwip_st_STM32\STM32F107_ETH_LwIP_V1.0.0\Project\RIDE\STM3210C-EVAL\etharp.o
LOAD D:\SAV\STM32_Documents\lwip_st_STM32\STM32F107_ETH_LwIP_V1.0.0\Project\RIDE\STM3210C-EVAL\ui.o
LOAD D:\SAV\STM32_Documents\lwip_st_STM32\STM32F107_ETH_LwIP_V1.0.0\Project\RIDE\STM3210C-EVAL\dir.o
LOAD D:\SAV\STM32_Documents\lwip_st_STM32\STM32F107_ETH_LwIP_V1.0.0\Project\RIDE\STM3210C-EVAL\disc.o
LOAD D:\SAV\STM32_Documents\lwip_st_STM32\STM32F107_ETH_LwIP_V1.0.0\Project\RIDE\STM3210C-EVAL\efs.o
LOAD D:\SAV\STM32_Documents\lwip_st_STM32\STM32F107_ETH_LwIP_V1.0.0\Project\RIDE\STM3210C-EVAL\extract.o
LOAD D:\SAV\STM32_Documents\lwip_st_STM32\STM32F107_ETH_LwIP_V1.0.0\Project\RIDE\STM3210C-EVAL\fat.o
LOAD D:\SAV\STM32_Documents\lwip_st_STM32\STM32F107_ETH_LwIP_V1.0.0\Project\RIDE\STM3210C-EVAL\file.o
LOAD D:\SAV\STM32_Documents\lwip_st_STM32\STM32F107_ETH_LwIP_V1.0.0\Project\RIDE\STM3210C-EVAL\fs.o
LOAD D:\SAV\STM32_Documents\lwip_st_STM32\STM32F107_ETH_LwIP_V1.0.0\Project\RIDE\STM3210C-EVAL\ioman.o
LOAD D:\SAV\STM32_Documents\lwip_st_STM32\STM32F107_ETH_LwIP_V1.0.0\Project\RIDE\STM3210C-EVAL\ls.o
LOAD D:\SAV\STM32_Documents\lwip_st_STM32\STM32F107_ETH_LwIP_V1.0.0\Project\RIDE\STM3210C-EVAL\mkfs.o
LOAD D:\SAV\STM32_Documents\lwip_st_STM32\STM32F107_ETH_LwIP_V1.0.0\Project\RIDE\STM3210C-EVAL\partition.o
LOAD D:\SAV\STM32_Documents\lwip_st_STM32\STM32F107_ETH_LwIP_V1.0.0\Project\RIDE\STM3210C-EVAL\plibc.o
LOAD D:\SAV\STM32_Documents\lwip_st_STM32\STM32F107_ETH_LwIP_V1.0.0\Project\RIDE\STM3210C-EVAL\time.o
LOAD D:\SAV\STM32_Documents\lwip_st_STM32\STM32F107_ETH_LwIP_V1.0.0\Project\RIDE\STM3210C-EVAL\sd.o
LOAD D:\SAV\STM32_Documents\lwip_st_STM32\STM32F107_ETH_LwIP_V1.0.0\Project\RIDE\STM3210C-EVAL\sd_stm32.o
LOAD D:\SAV\STM32_Documents\lwip_st_STM32\STM32F107_ETH_LwIP_V1.0.0\Project\RIDE\STM3210C-EVAL\system_stm32f10x.o
LOAD D:\SAV\STM32_Documents\lwip_st_STM32\STM32F107_ETH_LwIP_V1.0.0\Project\RIDE\STM3210C-EVAL\core_cm3.o
LOAD D:\SAV\STM32_Documents\lwip_st_STM32\STM32F107_ETH_LwIP_V1.0.0\Project\RIDE\STM3210C-EVAL\startup_stm32f10x_cl.o
LOAD D:\SAV\STM32_Documents\lwip_st_STM32\STM32F107_ETH_LwIP_V1.0.0\Project\RIDE\STM3210C-EVAL\stm32_eval.o
LOAD D:\SAV\STM32_Documents\lwip_st_STM32\STM32F107_ETH_LwIP_V1.0.0\Project\RIDE\STM3210C-EVAL\stm3210c_eval_lcd.o
LOAD D:\SAV\STM32_Documents\lwip_st_STM32\STM32F107_ETH_LwIP_V1.0.0\Project\RIDE\STM3210C-EVAL\stm3210c_eval_ioe.o
START GROUP
LOAD C:\Program Files\Raisonance\Ride\Lib\ARM\STM32x_io_putchar_thumb.a
LOAD C:\Program Files\Raisonance\Ride\Lib\ARM\std_sbrk_thumb.lib
LOAD C:\Program Files\Raisonance\Ride\Lib\ARM\smallprintf_thumb.a
LOAD C:\Program Files\Raisonance\Ride\Lib\ARM\STM32F10x_thumb.lib
LOAD c:/program files/raisonance/ride/arm-gcc/bin/../lib/gcc/arm-none-eabi/4.3.2/../../../../arm-none-eabi/lib/thumb2\libc.a
LOAD c:/program files/raisonance/ride/arm-gcc/bin/../lib/gcc/arm-none-eabi/4.3.2/../../../../arm-none-eabi/lib/thumb2\libm.a
END GROUP
                0x00000400                __Stack_Size = 0x400
                0x00000400                PROVIDE (_Stack_Size, __Stack_Size)
                0x2000fc00                __Stack_Init = (_estack - __Stack_Size)
                0x2000fc00                PROVIDE (_Stack_Init, __Stack_Init)
                0x00000100                _Minimum_Stack_Size = 0x100
                0x00000000                PROVIDE (Undefined_Handler, 0x0)
                0x00000000                PROVIDE (SWI_Handler, 0x0)
                0x00000000                PROVIDE (IRQ_Handler, 0x0)
                0x00000000                PROVIDE (Prefetch_Handler, 0x0)
                0x00000000                PROVIDE (Abort_Handler, 0x0)
                0x00000000                PROVIDE (FIQ_Handler, 0x0)
                0x00000000                PROVIDE (NMIException, 0x0)
                0x00000000                PROVIDE (NMI_Handler, 0x0)
                0x00000000                PROVIDE (HardFaultException, 0x0)
                0x00000000                PROVIDE (HardFault_Handler, 0x0)
                0x00000000                PROVIDE (MemManageException, 0x0)
                0x00000000                PROVIDE (MemManage_Handler, 0x0)
                0x00000000                PROVIDE (BusFaultException, 0x0)
                0x00000000                PROVIDE (BusFault_Handler, 0x0)
                0x00000000                PROVIDE (UsageFaultException, 0x0)
                0x00000000                PROVIDE (UsageFault_Handler, 0x0)
                0x00000000                PROVIDE (SVCHandler, 0x0)
                0x00000000                PROVIDE (SVC_Handler, 0x0)
                0x00000000                PROVIDE (DebugMonitor, 0x0)
                0x00000000                PROVIDE (DebugMon_Handler, 0x0)
                0x00000000                PROVIDE (PendSVC, 0x0)
                0x00000000                PROVIDE (PendSV_Handler, 0x0)
                0x00000000                PROVIDE (SysTickHandler, 0x0)
                0x00000000                PROVIDE (SysTick_Handler, 0x0)
                0x00000000                PROVIDE (WWDG_IRQHandler, 0x0)
                0x00000000                PROVIDE (PVD_IRQHandler, 0x0)
                0x00000000                PROVIDE (TAMPER_IRQHandler, 0x0)
                0x00000000                PROVIDE (RTC_IRQHandler, 0x0)
                0x00000000                PROVIDE (FLASH_IRQHandler, 0x0)
                0x00000000                PROVIDE (RCC_IRQHandler, 0x0)
                0x00000000                PROVIDE (EXTI0_IRQHandler, 0x0)
                0x00000000                PROVIDE (EXTI1_IRQHandler, 0x0)
                0x00000000                PROVIDE (EXTI2_IRQHandler, 0x0)
                0x00000000                PROVIDE (EXTI3_IRQHandler, 0x0)
                0x00000000                PROVIDE (EXTI4_IRQHandler, 0x0)
                0x00000000                PROVIDE (DMAChannel1_IRQHandler, 0x0)
                0x00000000                PROVIDE (DMAChannel2_IRQHandler, 0x0)
                0x00000000                PROVIDE (DMAChannel3_IRQHandler, 0x0)
                0x00000000                PROVIDE (DMAChannel4_IRQHandler, 0x0)
                0x00000000                PROVIDE (DMAChannel5_IRQHandler, 0x0)
                0x00000000                PROVIDE (DMAChannel6_IRQHandler, 0x0)
                0x00000000                PROVIDE (DMAChannel7_IRQHandler, 0x0)
                0x00000000                PROVIDE (DMA1_Channel1_IRQHandler, 0x0)
                0x00000000                PROVIDE (DMA1_Channel2_IRQHandler, 0x0)
                0x00000000                PROVIDE (DMA1_Channel3_IRQHandler, 0x0)
                0x00000000                PROVIDE (DMA1_Channel4_IRQHandler, 0x0)
                0x00000000                PROVIDE (DMA1_Channel5_IRQHandler, 0x0)
                0x00000000                PROVIDE (DMA1_Channel6_IRQHandler, 0x0)
                0x00000000                PROVIDE (DMA1_Channel7_IRQHandler, 0x0)
                0x00000000                PROVIDE (ADC_IRQHandler, 0x0)
                0x00000000                PROVIDE (ADC1_2_IRQHandler, 0x0)
                0x00000000                PROVIDE (USB_HP_CAN_TX_IRQHandler, 0x0)
                0x00000000                PROVIDE (USB_HP_CAN1_TX_IRQHandler, 0x0)
                0x00000000                PROVIDE (USB_LP_CAN_RX0_IRQHandler, 0x0)
                0x00000000                PROVIDE (USB_LP_CAN1_RX0_IRQHandler, 0x0)
                0x00000000                PROVIDE (CAN_RX1_IRQHandler, 0x0)
                0x00000000                PROVIDE (CAN1_RX1_IRQHandler, 0x0)
                0x00000000                PROVIDE (CAN_SCE_IRQHandler, 0x0)
                0x00000000                PROVIDE (CAN1_SCE_IRQHandler, 0x0)
                0x00000000                PROVIDE (EXTI9_5_IRQHandler, 0x0)
                0x00000000                PROVIDE (TIM1_BRK_IRQHandler, 0x0)
                0x00000000                PROVIDE (TIM1_UP_IRQHandler, 0x0)
                0x00000000                PROVIDE (TIM1_TRG_COM_IRQHandler, 0x0)
                0x00000000                PROVIDE (TIM1_CC_IRQHandler, 0x0)
                0x00000000                PROVIDE (TIM2_IRQHandler, 0x0)
                0x00000000                PROVIDE (TIM3_IRQHandler, 0x0)
                0x00000000                PROVIDE (TIM4_IRQHandler, 0x0)
                0x00000000                PROVIDE (I2C1_EV_IRQHandler, 0x0)
                0x00000000                PROVIDE (I2C1_ER_IRQHandler, 0x0)
                0x00000000                PROVIDE (I2C2_EV_IRQHandler, 0x0)
                0x00000000                PROVIDE (I2C2_ER_IRQHandler, 0x0)
                0x00000000                PROVIDE (SPI1_IRQHandler, 0x0)
                0x00000000                PROVIDE (SPI2_IRQHandler, 0x0)
                0x00000000                PROVIDE (USART1_IRQHandler, 0x0)
                0x00000000                PROVIDE (USART2_IRQHandler, 0x0)
                0x00000000                PROVIDE (USART3_IRQHandler, 0x0)
                0x00000000                PROVIDE (EXTI15_10_IRQHandler, 0x0)
                0x00000000                PROVIDE (RTCAlarm_IRQHandler, 0x0)
                0x00000000                PROVIDE (USBWakeUp_IRQHandler, 0x0)
                0x00000000                PROVIDE (TIM8_BRK_IRQHandler, 0x0)
                0x00000000                PROVIDE (TIM8_UP_IRQHandler, 0x0)
                0x00000000                PROVIDE (TIM8_TRG_COM_IRQHandler, 0x0)
                0x00000000                PROVIDE (TIM8_CC_IRQHandler, 0x0)
                0x00000000                PROVIDE (ADC3_IRQHandler, 0x0)
                0x00000000                PROVIDE (FSMC_IRQHandler, 0x0)
                0x00000000                PROVIDE (SDIO_IRQHandler, 0x0)
                0x00000000                PROVIDE (TIM5_IRQHandler, 0x0)
                0x00000000                PROVIDE (SPI3_IRQHandler, 0x0)
                0x00000000                PROVIDE (UART4_IRQHandler, 0x0)
                0x00000000                PROVIDE (UART5_IRQHandler, 0x0)
                0x00000000                PROVIDE (TIM6_IRQHandler, 0x0)
                0x00000000                PROVIDE (TIM7_IRQHandler, 0x0)
                0x00000000                PROVIDE (DMA2_Channel1_IRQHandler, 0x0)
                0x00000000                PROVIDE (DMA2_Channel2_IRQHandler, 0x0)
                0x00000000                PROVIDE (DMA2_Channel3_IRQHandler, 0x0)
                0x00000000                PROVIDE (DMA2_Channel4_5_IRQHandler, 0x0)
                0x42000000                PERIPH_BB_BASE = 0x42000000
                0x22000000                SRAM_BB_BASE = 0x22000000
                0x20000000                SRAM_BASE = 0x20000000
                0x40000000                PERIPH_BASE = 0x40000000
                0x40022000                PROVIDE (FLASH_BASE, 0x40022000)
                0x1ffff800                PROVIDE (OB_BASE, 0x1ffff800)
                0x40000000                APB1PERIPH_BASE = PERIPH_BASE
                0x40010000                APB2PERIPH_BASE = (PERIPH_BASE + 0x10000)
                0x40020000                AHBPERIPH_BASE = (PERIPH_BASE + 0x20000)
                0x40000000                PROVIDE (TIM2, (APB1PERIPH_BASE + 0x0))
                0x40000400                PROVIDE (TIM3, (APB1PERIPH_BASE + 0x400))
                0x40000800                PROVIDE (TIM4, (APB1PERIPH_BASE + 0x800))
                0x40002800                PROVIDE (RTC, (APB1PERIPH_BASE + 0x2800))
                0x40002c00                PROVIDE (WWDG, (APB1PERIPH_BASE + 0x2c00))
                0x40003000                PROVIDE (IWDG, (APB1PERIPH_BASE + 0x3000))
                0x40003800                PROVIDE (SPI2, (APB1PERIPH_BASE + 0x3800))
                0x40004400                PROVIDE (USART2, (APB1PERIPH_BASE + 0x4400))
                0x40004800                PROVIDE (USART3, (APB1PERIPH_BASE + 0x4800))
                0x40005400                PROVIDE (I2C1, (APB1PERIPH_BASE + 0x5400))
                0x40005800                PROVIDE (I2C2, (APB1PERIPH_BASE + 0x5800))
                0x40006400                PROVIDE (CAN, (APB1PERIPH_BASE + 0x6400))
                0x40006c00                PROVIDE (BKP, (APB1PERIPH_BASE + 0x6c00))
                0x40007000                PROVIDE (PWR, (APB1PERIPH_BASE + 0x7000))
                0x40010000                PROVIDE (AFIO, (APB2PERIPH_BASE + 0x0))
                0x40010400                PROVIDE (EXTI, (APB2PERIPH_BASE + 0x400))
                0x40010800                PROVIDE (GPIOA, (APB2PERIPH_BASE + 0x800))
                0x40010c00                PROVIDE (GPIOB, (APB2PERIPH_BASE + 0xc00))
                0x40011000                PROVIDE (GPIOC, (APB2PERIPH_BASE + 0x1000))
                0x40011400                PROVIDE (GPIOD, (APB2PERIPH_BASE + 0x1400))
                0x40011800                PROVIDE (GPIOE, (APB2PERIPH_BASE + 0x1800))
                0x40012400                PROVIDE (ADC1, (APB2PERIPH_BASE + 0x2400))
                0x40012800                PROVIDE (ADC2, (APB2PERIPH_BASE + 0x2800))
                0x40012c00                PROVIDE (TIM1, (APB2PERIPH_BASE + 0x2c00))
                0x40013000                PROVIDE (SPI1, (APB2PERIPH_BASE + 0x3000))
                0x40013800                PROVIDE (USART1, (APB2PERIPH_BASE + 0x3800))
                0x40020000                PROVIDE (DMA, (AHBPERIPH_BASE + 0x0))
                0x40020008                PROVIDE (DMA_Channel1, (AHBPERIPH_BASE + 0x8))
                0x4002001c                PROVIDE (DMA_Channel2, (AHBPERIPH_BASE + 0x1c))
                0x40020030                PROVIDE (DMA_Channel3, (AHBPERIPH_BASE + 0x30))
                0x40020044                PROVIDE (DMA_Channel4, (AHBPERIPH_BASE + 0x44))
                0x40020058                PROVIDE (DMA_Channel5, (AHBPERIPH_BASE + 0x58))
                0x4002006c                PROVIDE (DMA_Channel6, (AHBPERIPH_BASE + 0x6c))
                0x40020080                PROVIDE (DMA_Channel7, (AHBPERIPH_BASE + 0x80))
                0x40021000                PROVIDE (RCC, (AHBPERIPH_BASE + 0x1000))
                0xe000e000                SCS_BASE = 0xe000e000
                0xe000e010                PROVIDE (SysTick, (SCS_BASE + 0x10))
                0xe000e100                PROVIDE (NVIC, (SCS_BASE + 0x100))
                0xe000ed00                PROVIDE (SCB, (SCS_BASE + 0xd00))
                0x20010000                _estack = 0x20010000

.isr_vector     0x08000000      0x1e4
                0x08000000                . = ALIGN (0x4)
 *(.isr_vector)
 .isr_vector    0x08000000      0x1e4 D:\SAV\STM32_Documents\lwip_st_STM32\STM32F107_ETH_LwIP_V1.0.0\Project\RIDE\STM3210C-EVAL\startup_stm32f10x_cl.o
                0x08000000                g_pfnVectors
                0x080001e4                . = ALIGN (0x4)

.flash_start    0x00000000        0x0
                0x00000000                . = ALIGN (0x4)
 *(.flash_start)
 *(.flash_start.*)
                0x00000000                . = ALIGN (0x4)

.crp_patch      0x00000000        0x0
                0x00000000                . = ALIGN (0x4)
 *(.crp_patch)
                0x00000000                . = ALIGN (0x4)

.flashtext      0x080001e4        0x0
                0x080001e4                . = ALIGN (0x4)
 *(.flashtext)
                0x080001e4                . = ALIGN (0x4)

.text           0x080001e4    0x15338
                0x080001e4                . = ALIGN (0x4)
 *(.text)
 .text          0x080001e4       0x48 C:\Program Files\Raisonance\Ride\Lib\ARM\smallprintf_thumb.a(_SP_sprintf.o)
                0x080001e4                sprintf
 .text          0x0800022c      0x6a8 C:\Program Files\Raisonance\Ride\Lib\ARM\smallprintf_thumb.a(_SP_vfprintf.o)
                0x080008b0                vfiprintf
                0x0800022c                _vfiprintf_r
 .text          0x080008d4       0x84 C:\Program Files\Raisonance\Ride\Lib\ARM\smallprintf_thumb.a(_SP_puts.o)
                0x080008d4                _SMALL_PRINTF_puts
                0x08000930                puts
 .text          0x08000958       0x80 c:/program files/raisonance/ride/arm-gcc/bin/../lib/gcc/arm-none-eabi/4.3.2/../../../../arm-none-eabi/lib/thumb2\libc.a(lib_a-memchr.o)
                0x08000958                memchr
 .text          0x080009d8       0x98 c:/program files/raisonance/ride/arm-gcc/bin/../lib/gcc/arm-none-eabi/4.3.2/../../../../arm-none-eabi/lib/thumb2\libc.a(lib_a-memcpy.o)
                0x080009d8                memcpy
 .text          0x08000a70       0x88 c:/program files/raisonance/ride/arm-gcc/bin/../lib/gcc/arm-none-eabi/4.3.2/../../../../arm-none-eabi/lib/thumb2\libc.a(lib_a-memset.o)
                0x08000a70                memset
 .text          0x08000af8       0x50 c:/program files/raisonance/ride/arm-gcc/bin/../lib/gcc/arm-none-eabi/4.3.2/../../../../arm-none-eabi/lib/thumb2\libc.a(lib_a-strcmp.o)
                0x08000af8                strcmp
 .text          0x08000b48       0x44 c:/program files/raisonance/ride/arm-gcc/bin/../lib/gcc/arm-none-eabi/4.3.2/../../../../arm-none-eabi/lib/thumb2\libc.a(lib_a-strcpy.o)
                0x08000b48                strcpy
 .text          0x08000b8c       0x34 c:/program files/raisonance/ride/arm-gcc/bin/../lib/gcc/arm-none-eabi/4.3.2/../../../../arm-none-eabi/lib/thumb2\libc.a(lib_a-strlen.o)
                0x08000b8c                strlen
 .text          0x08000bc0       0x88 c:/program files/raisonance/ride/arm-gcc/bin/../lib/gcc/arm-none-eabi/4.3.2/../../../../arm-none-eabi/lib/thumb2\libc.a(lib_a-strncmp.o)
                0x08000bc0                strncmp
 .text          0x08000c48       0x4c c:/program files/raisonance/ride/arm-gcc/bin/../lib/gcc/arm-none-eabi/4.3.2/../../../../arm-none-eabi/lib/thumb2\libc.a(lib_a-wcrtomb.o)
                0x08000c48                _wcrtomb_r
                0x08000c78                wcrtomb
 .text          0x08000c94       0xf0 c:/program files/raisonance/ride/arm-gcc/bin/../lib/gcc/arm-none-eabi/4.3.2/../../../../arm-none-eabi/lib/thumb2\libc.a(lib_a-wcsrtombs.o)
                0x08000c94                _wcsrtombs_r
                0x08000d60                wcsrtombs
 .text          0x08000d84      0x340 c:/program files/raisonance/ride/arm-gcc/bin/../lib/gcc/arm-none-eabi/4.3.2/../../../../arm-none-eabi/lib/thumb2\libc.a(lib_a-wctomb_r.o)
                0x08000d84                _wctomb_r
 .text          0x080010c4       0x8c c:/program files/raisonance/ride/arm-gcc/bin/../lib/gcc/arm-none-eabi/4.3.2/thumb2\libgcc.a(_udivsi3.o)
                0x080010c4                __udivsi3
                0x080010c4                __aeabi_uidiv
                0x0800113c                __aeabi_uidivmod
 .text          0x08001150        0x4 c:/program files/raisonance/ride/arm-gcc/bin/../lib/gcc/arm-none-eabi/4.3.2/thumb2\libgcc.a(_dvmd_tls.o)
                0x08001150                __aeabi_ldiv0
                0x08001150                __aeabi_idiv0
 *(.text.*)
 .text.Delay    0x08001154       0x1c D:\SAV\STM32_Documents\lwip_st_STM32\STM32F107_ETH_LwIP_V1.0.0\Project\RIDE\STM3210C-EVAL\main.o
                0x08001154                Delay
 .text.Time_Update
                0x08001170       0x10 D:\SAV\STM32_Documents\lwip_st_STM32\STM32F107_ETH_LwIP_V1.0.0\Project\RIDE\STM3210C-EVAL\main.o
                0x08001170                Time_Update
 .text.System_Periodic_Handle
                0x08001180       0x18 D:\SAV\STM32_Documents\lwip_st_STM32\STM32F107_ETH_LwIP_V1.0.0\Project\RIDE\STM3210C-EVAL\main.o
                0x08001180                System_Periodic_Handle
 .text.main     0x08001198       0x1c D:\SAV\STM32_Documents\lwip_st_STM32\STM32F107_ETH_LwIP_V1.0.0\Project\RIDE\STM3210C-EVAL\main.o
                0x08001198                main
 .text.Display_Periodic_Handle
                0x080011b4      0x1dc D:\SAV\STM32_Documents\lwip_st_STM32\STM32F107_ETH_LwIP_V1.0.0\Project\RIDE\STM3210C-EVAL\netconf.o
                0x080011b4                Display_Periodic_Handle
 .text.LwIP_Periodic_Handle
                0x08001390       0x64 D:\SAV\STM32_Documents\lwip_st_STM32\STM32F107_ETH_LwIP_V1.0.0\Project\RIDE\STM3210C-EVAL\netconf.o
                0x08001390                LwIP_Periodic_Handle
 .text.LwIP_Pkt_Handle
                0x080013f4       0x10 D:\SAV\STM32_Documents\lwip_st_STM32\STM32F107_ETH_LwIP_V1.0.0\Project\RIDE\STM3210C-EVAL\netconf.o
                0x080013f4                LwIP_Pkt_Handle
 .text.LwIP_Init
                0x08001404       0xe8 D:\SAV\STM32_Documents\lwip_st_STM32\STM32F107_ETH_LwIP_V1.0.0\Project\RIDE\STM3210C-EVAL\netconf.o
                0x08001404                LwIP_Init
 .text.NMI_Handler
                0x080014ec        0x4 D:\SAV\STM32_Documents\lwip_st_STM32\STM32F107_ETH_LwIP_V1.0.0\Project\RIDE\STM3210C-EVAL\stm32f10x_it.o
                0x080014ec                NMI_Handler
 .text.HardFault_Handler
                0x080014f0        0x4 D:\SAV\STM32_Documents\lwip_st_STM32\STM32F107_ETH_LwIP_V1.0.0\Project\RIDE\STM3210C-EVAL\stm32f10x_it.o
                0x080014f0                HardFault_Handler
 .text.MemManage_Handler
                0x080014f4        0x4 D:\SAV\STM32_Documents\lwip_st_STM32\STM32F107_ETH_LwIP_V1.0.0\Project\RIDE\STM3210C-EVAL\stm32f10x_it.o
                0x080014f4                MemManage_Handler
 .text.BusFault_Handler
                0x080014f8        0x4 D:\SAV\STM32_Documents\lwip_st_STM32\STM32F107_ETH_LwIP_V1.0.0\Project\RIDE\STM3210C-EVAL\stm32f10x_it.o
                0x080014f8                BusFault_Handler
 .text.UsageFault_Handler
                0x080014fc        0x4 D:\SAV\STM32_Documents\lwip_st_STM32\STM32F107_ETH_LwIP_V1.0.0\Project\RIDE\STM3210C-EVAL\stm32f10x_it.o
                0x080014fc                UsageFault_Handler
 .text.SVC_Handler
                0x08001500        0x4 D:\SAV\STM32_Documents\lwip_st_STM32\STM32F107_ETH_LwIP_V1.0.0\Project\RIDE\STM3210C-EVAL\stm32f10x_it.o
                0x08001500                SVC_Handler
 .text.DebugMon_Handler
                0x08001504        0x4 D:\SAV\STM32_Documents\lwip_st_STM32\STM32F107_ETH_LwIP_V1.0.0\Project\RIDE\STM3210C-EVAL\stm32f10x_it.o
                0x08001504                DebugMon_Handler
 .text.PendSV_Handler
                0x08001508        0x4 D:\SAV\STM32_Documents\lwip_st_STM32\STM32F107_ETH_LwIP_V1.0.0\Project\RIDE\STM3210C-EVAL\stm32f10x_it.o
                0x08001508                PendSV_Handler
 .text.EXTI15_10_IRQHandler
                0x0800150c       0xf8 D:\SAV\STM32_Documents\lwip_st_STM32\STM32F107_ETH_LwIP_V1.0.0\Project\RIDE\STM3210C-EVAL\stm32f10x_it.o
                0x0800150c                EXTI15_10_IRQHandler
 .text.ETH_IRQHandler
                0x08001604       0x20 D:\SAV\STM32_Documents\lwip_st_STM32\STM32F107_ETH_LwIP_V1.0.0\Project\RIDE\STM3210C-EVAL\stm32f10x_it.o
                0x08001604                ETH_IRQHandler
 .text.SysTick_Handler
                0x08001624        0x8 D:\SAV\STM32_Documents\lwip_st_STM32\STM32F107_ETH_LwIP_V1.0.0\Project\RIDE\STM3210C-EVAL\stm32f10x_it.o
                0x08001624                SysTick_Handler
 .text.NVIC_SetPriority
                0x0800162c       0x2c D:\SAV\STM32_Documents\lwip_st_STM32\STM32F107_ETH_LwIP_V1.0.0\Project\RIDE\STM3210C-EVAL\stm32f107.o
 .text.NVIC_Configuration
                0x08001658       0x34 D:\SAV\STM32_Documents\lwip_st_STM32\STM32F107_ETH_LwIP_V1.0.0\Project\RIDE\STM3210C-EVAL\stm32f107.o
                0x08001658                NVIC_Configuration
 .text.ADC_Configuration
                0x0800168c       0x4c D:\SAV\STM32_Documents\lwip_st_STM32\STM32F107_ETH_LwIP_V1.0.0\Project\RIDE\STM3210C-EVAL\stm32f107.o
                0x0800168c                ADC_Configuration
 .text.GPIO_Configuration
                0x080016d8      0x10c D:\SAV\STM32_Documents\lwip_st_STM32\STM32F107_ETH_LwIP_V1.0.0\Project\RIDE\STM3210C-EVAL\stm32f107.o
                0x080016d8                GPIO_Configuration
 .text.Ethernet_Configuration
                0x080017e4       0x88 D:\SAV\STM32_Documents\lwip_st_STM32\STM32F107_ETH_LwIP_V1.0.0\Project\RIDE\STM3210C-EVAL\stm32f107.o
                0x080017e4                Ethernet_Configuration
 .text.System_Setup
                0x0800186c       0xf8 D:\SAV\STM32_Documents\lwip_st_STM32\STM32F107_ETH_LwIP_V1.0.0\Project\RIDE\STM3210C-EVAL\stm32f107.o
                0x0800186c                System_Setup
 .text.tftp_decode_op
                0x08001964        0x4 D:\SAV\STM32_Documents\lwip_st_STM32\STM32F107_ETH_LwIP_V1.0.0\Project\RIDE\STM3210C-EVAL\tftputils.o
                0x08001964                tftp_decode_op
 .text.tftp_set_opcode
                0x08001968        0x8 D:\SAV\STM32_Documents\lwip_st_STM32\STM32F107_ETH_LwIP_V1.0.0\Project\RIDE\STM3210C-EVAL\tftputils.o
                0x08001968                tftp_set_opcode
 .text.tftp_set_errorcode
                0x08001970        0x8 D:\SAV\STM32_Documents\lwip_st_STM32\STM32F107_ETH_LwIP_V1.0.0\Project\RIDE\STM3210C-EVAL\tftputils.o
                0x08001970                tftp_set_errorcode
 .text.tftp_set_data_message
                0x08001978        0xc D:\SAV\STM32_Documents\lwip_st_STM32\STM32F107_ETH_LwIP_V1.0.0\Project\RIDE\STM3210C-EVAL\tftputils.o
                0x08001978                tftp_set_data_message
 .text.tftp_set_block
                0x08001984       0x10 D:\SAV\STM32_Documents\lwip_st_STM32\STM32F107_ETH_LwIP_V1.0.0\Project\RIDE\STM3210C-EVAL\tftputils.o
                0x08001984                tftp_set_block
 .text.tftp_set_errormsg
                0x08001994        0xc D:\SAV\STM32_Documents\lwip_st_STM32\STM32F107_ETH_LwIP_V1.0.0\Project\RIDE\STM3210C-EVAL\tftputils.o
                0x08001994                tftp_set_errormsg
 .text.tftp_extract_filename
                0x080019a0        0xc D:\SAV\STM32_Documents\lwip_st_STM32\STM32F107_ETH_LwIP_V1.0.0\Project\RIDE\STM3210C-EVAL\tftputils.o
                0x080019a0                tftp_extract_filename
 .text.tftp_extract_block
                0x080019ac        0xc D:\SAV\STM32_Documents\lwip_st_STM32\STM32F107_ETH_LwIP_V1.0.0\Project\RIDE\STM3210C-EVAL\tftputils.o
                0x080019ac                tftp_extract_block
 .text.tftp_is_correct_ack
                0x080019b8       0x24 D:\SAV\STM32_Documents\lwip_st_STM32\STM32F107_ETH_LwIP_V1.0.0\Project\RIDE\STM3210C-EVAL\tftputils.o
                0x080019b8                tftp_is_correct_ack
 .text.tcp_led_control
                0x080019dc       0x20 D:\SAV\STM32_Documents\lwip_st_STM32\STM32F107_ETH_LwIP_V1.0.0\Project\RIDE\STM3210C-EVAL\client.o
                0x080019dc                tcp_led_control
 .text.tcp_client_connected
                0x080019fc       0x6c D:\SAV\STM32_Documents\lwip_st_STM32\STM32F107_ETH_LwIP_V1.0.0\Project\RIDE\STM3210C-EVAL\client.o
                0x080019fc                tcp_client_connected
 .text.udp_client_callback
                0x08001a68       0x9c D:\SAV\STM32_Documents\lwip_st_STM32\STM32F107_ETH_LwIP_V1.0.0\Project\RIDE\STM3210C-EVAL\client.o
                0x08001a68                udp_client_callback
 .text.client_init
                0x08001b04       0x54 D:\SAV\STM32_Documents\lwip_st_STM32\STM32F107_ETH_LwIP_V1.0.0\Project\RIDE\STM3210C-EVAL\client.o
                0x08001b04                client_init
 .text.HelloWorld_init
                0x08001b58       0x28 D:\SAV\STM32_Documents\lwip_st_STM32\STM32F107_ETH_LwIP_V1.0.0\Project\RIDE\STM3210C-EVAL\helloworld.o
                0x08001b58                HelloWorld_init
 .text.HelloWorld_accept
                0x08001b80       0x40 D:\SAV\STM32_Documents\lwip_st_STM32\STM32F107_ETH_LwIP_V1.0.0\Project\RIDE\STM3210C-EVAL\helloworld.o
 .text.HelloWorld_conn_err
                0x08001bc0        0x8 D:\SAV\STM32_Documents\lwip_st_STM32\STM32F107_ETH_LwIP_V1.0.0\Project\RIDE\STM3210C-EVAL\helloworld.o
 .text.HelloWorld_recv
                0x08001bc8       0xf0 D:\SAV\STM32_Documents\lwip_st_STM32\STM32F107_ETH_LwIP_V1.0.0\Project\RIDE\STM3210C-EVAL\helloworld.o
 .text.fs_open  0x08001cb8       0x30 D:\SAV\STM32_Documents\lwip_st_STM32\STM32F107_ETH_LwIP_V1.0.0\Project\RIDE\STM3210C-EVAL\httpd.o
                0x08001cb8                fs_open
 .text.httpd_init
                0x08001ce8       0x28 D:\SAV\STM32_Documents\lwip_st_STM32\STM32F107_ETH_LwIP_V1.0.0\Project\RIDE\STM3210C-EVAL\httpd.o
                0x08001ce8                httpd_init
 .text.http_accept
                0x08001d10       0x48 D:\SAV\STM32_Documents\lwip_st_STM32\STM32F107_ETH_LwIP_V1.0.0\Project\RIDE\STM3210C-EVAL\httpd.o
 .text.send_data
                0x08001d58       0x30 D:\SAV\STM32_Documents\lwip_st_STM32\STM32F107_ETH_LwIP_V1.0.0\Project\RIDE\STM3210C-EVAL\httpd.o
 .text.http_poll
                0x08001d88       0x1c D:\SAV\STM32_Documents\lwip_st_STM32\STM32F107_ETH_LwIP_V1.0.0\Project\RIDE\STM3210C-EVAL\httpd.o
 .text.conn_err
                0x08001da4        0x8 D:\SAV\STM32_Documents\lwip_st_STM32\STM32F107_ETH_LwIP_V1.0.0\Project\RIDE\STM3210C-EVAL\httpd.o
 .text.close_conn
                0x08001dac       0x2c D:\SAV\STM32_Documents\lwip_st_STM32\STM32F107_ETH_LwIP_V1.0.0\Project\RIDE\STM3210C-EVAL\httpd.o
 .text.http_sent
                0x08001dd8       0x1c D:\SAV\STM32_Documents\lwip_st_STM32\STM32F107_ETH_LwIP_V1.0.0\Project\RIDE\STM3210C-EVAL\httpd.o
 .text.http_recv
                0x08001df4      0x1e0 D:\SAV\STM32_Documents\lwip_st_STM32\STM32F107_ETH_LwIP_V1.0.0\Project\RIDE\STM3210C-EVAL\httpd.o
 .text.tcp_server_accept
                0x08001fd4       0x14 D:\SAV\STM32_Documents\lwip_st_STM32\STM32F107_ETH_LwIP_V1.0.0\Project\RIDE\STM3210C-EVAL\server.o
                0x08001fd4                tcp_server_accept
 .text.tcp_server_recv
                0x08001fe8       0x34 D:\SAV\STM32_Documents\lwip_st_STM32\STM32F107_ETH_LwIP_V1.0.0\Project\RIDE\STM3210C-EVAL\server.o
 .text.udp_server_callback
                0x0800201c       0xe0 D:\SAV\STM32_Documents\lwip_st_STM32\STM32F107_ETH_LwIP_V1.0.0\Project\RIDE\STM3210C-EVAL\server.o
                0x0800201c                udp_server_callback
 .text.server_init
                0x080020fc       0x24 D:\SAV\STM32_Documents\lwip_st_STM32\STM32F107_ETH_LwIP_V1.0.0\Project\RIDE\STM3210C-EVAL\server.o
                0x080020fc                server_init
 .text.tftpd_init
                0x08002120       0x30 D:\SAV\STM32_Documents\lwip_st_STM32\STM32F107_ETH_LwIP_V1.0.0\Project\RIDE\STM3210C-EVAL\tftpserver.o
                0x08002120                tftpd_init
 .text.tftp_cleanup_wr
                0x08002150       0x44 D:\SAV\STM32_Documents\lwip_st_STM32\STM32F107_ETH_LwIP_V1.0.0\Project\RIDE\STM3210C-EVAL\tftpserver.o
                0x08002150                tftp_cleanup_wr
 .text.tftp_cleanup_rd
                0x08002194       0x44 D:\SAV\STM32_Documents\lwip_st_STM32\STM32F107_ETH_LwIP_V1.0.0\Project\RIDE\STM3210C-EVAL\tftpserver.o
                0x08002194                tftp_cleanup_rd
 .text.tftp_construct_error_message
                0x080021d8       0x30 D:\SAV\STM32_Documents\lwip_st_STM32\STM32F107_ETH_LwIP_V1.0.0\Project\RIDE\STM3210C-EVAL\tftpserver.o
                0x080021d8                tftp_construct_error_message
 .text.tftp_send_message
                0x08002208       0x48 D:\SAV\STM32_Documents\lwip_st_STM32\STM32F107_ETH_LwIP_V1.0.0\Project\RIDE\STM3210C-EVAL\tftpserver.o
                0x08002208                tftp_send_message
 .text.tftp_send_ack_packet
                0x08002250       0x38 D:\SAV\STM32_Documents\lwip_st_STM32\STM32F107_ETH_LwIP_V1.0.0\Project\RIDE\STM3210C-EVAL\tftpserver.o
                0x08002250                tftp_send_ack_packet
 .text.tftp_send_data_packet
                0x08002288       0x48 D:\SAV\STM32_Documents\lwip_st_STM32\STM32F107_ETH_LwIP_V1.0.0\Project\RIDE\STM3210C-EVAL\tftpserver.o
                0x08002288                tftp_send_data_packet
 .text.tftp_send_next_block
                0x080022d0       0x38 D:\SAV\STM32_Documents\lwip_st_STM32\STM32F107_ETH_LwIP_V1.0.0\Project\RIDE\STM3210C-EVAL\tftpserver.o
                0x080022d0                tftp_send_next_block
 .text.rrq_recv_callback
                0x08002308       0x54 D:\SAV\STM32_Documents\lwip_st_STM32\STM32F107_ETH_LwIP_V1.0.0\Project\RIDE\STM3210C-EVAL\tftpserver.o
                0x08002308                rrq_recv_callback
 .text.tftp_send_error_message
                0x0800235c       0x30 D:\SAV\STM32_Documents\lwip_st_STM32\STM32F107_ETH_LwIP_V1.0.0\Project\RIDE\STM3210C-EVAL\tftpserver.o
                0x0800235c                tftp_send_error_message
 .text.tftp_process_write
                0x0800238c       0xa0 D:\SAV\STM32_Documents\lwip_st_STM32\STM32F107_ETH_LwIP_V1.0.0\Project\RIDE\STM3210C-EVAL\tftpserver.o
                0x0800238c                tftp_process_write
 .text.wrq_recv_callback
                0x0800242c       0xac D:\SAV\STM32_Documents\lwip_st_STM32\STM32F107_ETH_LwIP_V1.0.0\Project\RIDE\STM3210C-EVAL\tftpserver.o
                0x0800242c                wrq_recv_callback
 .text.tftp_process_read
                0x080024d8       0xb0 D:\SAV\STM32_Documents\lwip_st_STM32\STM32F107_ETH_LwIP_V1.0.0\Project\RIDE\STM3210C-EVAL\tftpserver.o
                0x080024d8                tftp_process_read
 .text.process_tftp_request
                0x08002588       0xe0 D:\SAV\STM32_Documents\lwip_st_STM32\STM32F107_ETH_LwIP_V1.0.0\Project\RIDE\STM3210C-EVAL\tftpserver.o
                0x08002588                process_tftp_request
 .text.recv_callback_tftp
                0x08002668       0x18 D:\SAV\STM32_Documents\lwip_st_STM32\STM32F107_ETH_LwIP_V1.0.0\Project\RIDE\STM3210C-EVAL\tftpserver.o
                0x08002668                recv_callback_tftp
 .text.I2C_Cmd  0x08002680       0x1c D:\SAV\STM32_Documents\lwip_st_STM32\STM32F107_ETH_LwIP_V1.0.0\Project\RIDE\STM3210C-EVAL\stm32f10x_i2c.o
                0x08002680                I2C_Cmd
 .text.I2C_GenerateSTART
                0x0800269c       0x1c D:\SAV\STM32_Documents\lwip_st_STM32\STM32F107_ETH_LwIP_V1.0.0\Project\RIDE\STM3210C-EVAL\stm32f10x_i2c.o
                0x0800269c                I2C_GenerateSTART
 .text.I2C_GenerateSTOP
                0x080026b8       0x1c D:\SAV\STM32_Documents\lwip_st_STM32\STM32F107_ETH_LwIP_V1.0.0\Project\RIDE\STM3210C-EVAL\stm32f10x_i2c.o
                0x080026b8                I2C_GenerateSTOP
 .text.I2C_AcknowledgeConfig
                0x080026d4       0x1c D:\SAV\STM32_Documents\lwip_st_STM32\STM32F107_ETH_LwIP_V1.0.0\Project\RIDE\STM3210C-EVAL\stm32f10x_i2c.o
                0x080026d4                I2C_AcknowledgeConfig
 .text.I2C_SendData
                0x080026f0        0x4 D:\SAV\STM32_Documents\lwip_st_STM32\STM32F107_ETH_LwIP_V1.0.0\Project\RIDE\STM3210C-EVAL\stm32f10x_i2c.o
                0x080026f0                I2C_SendData
 .text.I2C_ReceiveData
                0x080026f4        0x8 D:\SAV\STM32_Documents\lwip_st_STM32\STM32F107_ETH_LwIP_V1.0.0\Project\RIDE\STM3210C-EVAL\stm32f10x_i2c.o
                0x080026f4                I2C_ReceiveData
 .text.I2C_Send7bitAddress
                0x080026fc       0x10 D:\SAV\STM32_Documents\lwip_st_STM32\STM32F107_ETH_LwIP_V1.0.0\Project\RIDE\STM3210C-EVAL\stm32f10x_i2c.o
                0x080026fc                I2C_Send7bitAddress
 .text.I2C_SoftwareResetCmd
                0x0800270c       0x1c D:\SAV\STM32_Documents\lwip_st_STM32\STM32F107_ETH_LwIP_V1.0.0\Project\RIDE\STM3210C-EVAL\stm32f10x_i2c.o
                0x0800270c                I2C_SoftwareResetCmd
 .text.I2C_CheckEvent
                0x08002728       0x1c D:\SAV\STM32_Documents\lwip_st_STM32\STM32F107_ETH_LwIP_V1.0.0\Project\RIDE\STM3210C-EVAL\stm32f10x_i2c.o
                0x08002728                I2C_CheckEvent
 .text.I2C_Init
                0x08002744       0xdc D:\SAV\STM32_Documents\lwip_st_STM32\STM32F107_ETH_LwIP_V1.0.0\Project\RIDE\STM3210C-EVAL\stm32f10x_i2c.o
                0x08002744                I2C_Init
 .text.RCC_GetClocksFreq
                0x08002820       0xcc D:\SAV\STM32_Documents\lwip_st_STM32\STM32F107_ETH_LwIP_V1.0.0\Project\RIDE\STM3210C-EVAL\stm32f10x_rcc.o
                0x08002820                RCC_GetClocksFreq
 .text.RCC_AHBPeriphClockCmd
                0x080028ec       0x1c D:\SAV\STM32_Documents\lwip_st_STM32\STM32F107_ETH_LwIP_V1.0.0\Project\RIDE\STM3210C-EVAL\stm32f10x_rcc.o
                0x080028ec                RCC_AHBPeriphClockCmd
 .text.RCC_APB2PeriphClockCmd
                0x08002908       0x1c D:\SAV\STM32_Documents\lwip_st_STM32\STM32F107_ETH_LwIP_V1.0.0\Project\RIDE\STM3210C-EVAL\stm32f10x_rcc.o
                0x08002908                RCC_APB2PeriphClockCmd
 .text.RCC_APB1PeriphClockCmd
                0x08002924       0x1c D:\SAV\STM32_Documents\lwip_st_STM32\STM32F107_ETH_LwIP_V1.0.0\Project\RIDE\STM3210C-EVAL\stm32f10x_rcc.o
                0x08002924                RCC_APB1PeriphClockCmd
 .text.RCC_AHBPeriphResetCmd
                0x08002940       0x1c D:\SAV\STM32_Documents\lwip_st_STM32\STM32F107_ETH_LwIP_V1.0.0\Project\RIDE\STM3210C-EVAL\stm32f10x_rcc.o
                0x08002940                RCC_AHBPeriphResetCmd
 .text.RCC_APB2PeriphResetCmd
                0x0800295c       0x1c D:\SAV\STM32_Documents\lwip_st_STM32\STM32F107_ETH_LwIP_V1.0.0\Project\RIDE\STM3210C-EVAL\stm32f10x_rcc.o
                0x0800295c                RCC_APB2PeriphResetCmd
 .text.RCC_APB1PeriphResetCmd
                0x08002978       0x1c D:\SAV\STM32_Documents\lwip_st_STM32\STM32F107_ETH_LwIP_V1.0.0\Project\RIDE\STM3210C-EVAL\stm32f10x_rcc.o
                0x08002978                RCC_APB1PeriphResetCmd
 .text.RCC_MCOConfig
                0x08002994        0xc D:\SAV\STM32_Documents\lwip_st_STM32\STM32F107_ETH_LwIP_V1.0.0\Project\RIDE\STM3210C-EVAL\stm32f10x_rcc.o
                0x08002994                RCC_MCOConfig
 .text.SPI_Init
                0x080029a0       0x40 D:\SAV\STM32_Documents\lwip_st_STM32\STM32F107_ETH_LwIP_V1.0.0\Project\RIDE\STM3210C-EVAL\stm32f10x_spi.o
                0x080029a0                SPI_Init
 .text.SPI_Cmd  0x080029e0       0x1c D:\SAV\STM32_Documents\lwip_st_STM32\STM32F107_ETH_LwIP_V1.0.0\Project\RIDE\STM3210C-EVAL\stm32f10x_spi.o
                0x080029e0                SPI_Cmd
 .text.SPI_I2S_SendData
                0x080029fc        0x4 D:\SAV\STM32_Documents\lwip_st_STM32\STM32F107_ETH_LwIP_V1.0.0\Project\RIDE\STM3210C-EVAL\stm32f10x_spi.o
                0x080029fc                SPI_I2S_SendData
 .text.SPI_I2S_ReceiveData
                0x08002a00        0x8 D:\SAV\STM32_Documents\lwip_st_STM32\STM32F107_ETH_LwIP_V1.0.0\Project\RIDE\STM3210C-EVAL\stm32f10x_spi.o
                0x08002a00                SPI_I2S_ReceiveData
 .text.SPI_I2S_GetFlagStatus
                0x08002a08        0xc D:\SAV\STM32_Documents\lwip_st_STM32\STM32F107_ETH_LwIP_V1.0.0\Project\RIDE\STM3210C-EVAL\stm32f10x_spi.o
                0x08002a08                SPI_I2S_GetFlagStatus
 .text.SPI_I2S_DeInit
                0x08002a14       0x5c D:\SAV\STM32_Documents\lwip_st_STM32\STM32F107_ETH_LwIP_V1.0.0\Project\RIDE\STM3210C-EVAL\stm32f10x_spi.o
                0x08002a14                SPI_I2S_DeInit
 .text.USART_Cmd
                0x08002a70       0x1c D:\SAV\STM32_Documents\lwip_st_STM32\STM32F107_ETH_LwIP_V1.0.0\Project\RIDE\STM3210C-EVAL\stm32f10x_usart.o
                0x08002a70                USART_Cmd
 .text.USART_SendData
                0x08002a8c        0x8 D:\SAV\STM32_Documents\lwip_st_STM32\STM32F107_ETH_LwIP_V1.0.0\Project\RIDE\STM3210C-EVAL\stm32f10x_usart.o
                0x08002a8c                USART_SendData
 .text.USART_GetFlagStatus
                0x08002a94        0xc D:\SAV\STM32_Documents\lwip_st_STM32\STM32F107_ETH_LwIP_V1.0.0\Project\RIDE\STM3210C-EVAL\stm32f10x_usart.o
                0x08002a94                USART_GetFlagStatus
 .text.USART_Init
                0x08002aa0       0x8c D:\SAV\STM32_Documents\lwip_st_STM32\STM32F107_ETH_LwIP_V1.0.0\Project\RIDE\STM3210C-EVAL\stm32f10x_usart.o
                0x08002aa0                USART_Init
 .text.NVIC_PriorityGroupConfig
                0x08002b2c       0x14 D:\SAV\STM32_Documents\lwip_st_STM32\STM32F107_ETH_LwIP_V1.0.0\Project\RIDE\STM3210C-EVAL\misc.o
                0x08002b2c                NVIC_PriorityGroupConfig
 .text.NVIC_Init
                0x08002b40       0x5c D:\SAV\STM32_Documents\lwip_st_STM32\STM32F107_ETH_LwIP_V1.0.0\Project\RIDE\STM3210C-EVAL\misc.o
                0x08002b40                NVIC_Init
 .text.NVIC_SetVectorTable
                0x08002b9c       0x14 D:\SAV\STM32_Documents\lwip_st_STM32\STM32F107_ETH_LwIP_V1.0.0\Project\RIDE\STM3210C-EVAL\misc.o
                0x08002b9c                NVIC_SetVectorTable
 .text.ADC_Init
                0x08002bb0       0x48 D:\SAV\STM32_Documents\lwip_st_STM32\STM32F107_ETH_LwIP_V1.0.0\Project\RIDE\STM3210C-EVAL\stm32f10x_adc.o
                0x08002bb0                ADC_Init
 .text.ADC_Cmd  0x08002bf8       0x14 D:\SAV\STM32_Documents\lwip_st_STM32\STM32F107_ETH_LwIP_V1.0.0\Project\RIDE\STM3210C-EVAL\stm32f10x_adc.o
                0x08002bf8                ADC_Cmd
 .text.ADC_SoftwareStartConvCmd
                0x08002c0c       0x14 D:\SAV\STM32_Documents\lwip_st_STM32\STM32F107_ETH_LwIP_V1.0.0\Project\RIDE\STM3210C-EVAL\stm32f10x_adc.o
                0x08002c0c                ADC_SoftwareStartConvCmd
 .text.ADC_RegularChannelConfig
                0x08002c20       0x9c D:\SAV\STM32_Documents\lwip_st_STM32\STM32F107_ETH_LwIP_V1.0.0\Project\RIDE\STM3210C-EVAL\stm32f10x_adc.o
                0x08002c20                ADC_RegularChannelConfig
 .text.ADC_GetConversionValue
                0x08002cbc        0x8 D:\SAV\STM32_Documents\lwip_st_STM32\STM32F107_ETH_LwIP_V1.0.0\Project\RIDE\STM3210C-EVAL\stm32f10x_adc.o
                0x08002cbc                ADC_GetConversionValue
 .text.EXTI_Init
                0x08002cc4       0x78 D:\SAV\STM32_Documents\lwip_st_STM32\STM32F107_ETH_LwIP_V1.0.0\Project\RIDE\STM3210C-EVAL\stm32f10x_exti.o
                0x08002cc4                EXTI_Init
 .text.EXTI_GetITStatus
                0x08002d3c       0x1c D:\SAV\STM32_Documents\lwip_st_STM32\STM32F107_ETH_LwIP_V1.0.0\Project\RIDE\STM3210C-EVAL\stm32f10x_exti.o
                0x08002d3c                EXTI_GetITStatus
 .text.EXTI_ClearITPendingBit
                0x08002d58        0xc D:\SAV\STM32_Documents\lwip_st_STM32\STM32F107_ETH_LwIP_V1.0.0\Project\RIDE\STM3210C-EVAL\stm32f10x_exti.o
                0x08002d58                EXTI_ClearITPendingBit
 .text.GPIO_Init
                0x08002d64       0xa8 D:\SAV\STM32_Documents\lwip_st_STM32\STM32F107_ETH_LwIP_V1.0.0\Project\RIDE\STM3210C-EVAL\stm32f10x_gpio.o
                0x08002d64                GPIO_Init
 .text.GPIO_ReadInputDataBit
                0x08002e0c        0xc D:\SAV\STM32_Documents\lwip_st_STM32\STM32F107_ETH_LwIP_V1.0.0\Project\RIDE\STM3210C-EVAL\stm32f10x_gpio.o
                0x08002e0c                GPIO_ReadInputDataBit
 .text.GPIO_SetBits
                0x08002e18        0x4 D:\SAV\STM32_Documents\lwip_st_STM32\STM32F107_ETH_LwIP_V1.0.0\Project\RIDE\STM3210C-EVAL\stm32f10x_gpio.o
                0x08002e18                GPIO_SetBits
 .text.GPIO_ResetBits
                0x08002e1c        0x4 D:\SAV\STM32_Documents\lwip_st_STM32\STM32F107_ETH_LwIP_V1.0.0\Project\RIDE\STM3210C-EVAL\stm32f10x_gpio.o
                0x08002e1c                GPIO_ResetBits
 .text.GPIO_WriteBit
                0x08002e20        0xc D:\SAV\STM32_Documents\lwip_st_STM32\STM32F107_ETH_LwIP_V1.0.0\Project\RIDE\STM3210C-EVAL\stm32f10x_gpio.o
                0x08002e20                GPIO_WriteBit
 .text.GPIO_PinRemapConfig
                0x08002e2c       0x60 D:\SAV\STM32_Documents\lwip_st_STM32\STM32F107_ETH_LwIP_V1.0.0\Project\RIDE\STM3210C-EVAL\stm32f10x_gpio.o
                0x08002e2c                GPIO_PinRemapConfig
 .text.GPIO_EXTILineConfig
                0x08002e8c       0x30 D:\SAV\STM32_Documents\lwip_st_STM32\STM32F107_ETH_LwIP_V1.0.0\Project\RIDE\STM3210C-EVAL\stm32f10x_gpio.o
                0x08002e8c                GPIO_EXTILineConfig
 .text.GPIO_ETH_MediaInterfaceConfig
                0x08002ebc        0xc D:\SAV\STM32_Documents\lwip_st_STM32\STM32F107_ETH_LwIP_V1.0.0\Project\RIDE\STM3210C-EVAL\stm32f10x_gpio.o
                0x08002ebc                GPIO_ETH_MediaInterfaceConfig
 .text.ETH_StructInit
                0x08002ec8       0xa0 D:\SAV\STM32_Documents\lwip_st_STM32\STM32F107_ETH_LwIP_V1.0.0\Project\RIDE\STM3210C-EVAL\stm32_eth.o
                0x08002ec8                ETH_StructInit
 .text.ETH_ReadPHYRegister
                0x08002f68       0x60 D:\SAV\STM32_Documents\lwip_st_STM32\STM32F107_ETH_LwIP_V1.0.0\Project\RIDE\STM3210C-EVAL\stm32_eth.o
                0x08002f68                ETH_ReadPHYRegister
 .text.ETH_WritePHYRegister
                0x08002fc8       0x58 D:\SAV\STM32_Documents\lwip_st_STM32\STM32F107_ETH_LwIP_V1.0.0\Project\RIDE\STM3210C-EVAL\stm32_eth.o
                0x08002fc8                ETH_WritePHYRegister
 .text.ETH_MACTransmissionCmd
                0x08003020       0x1c D:\SAV\STM32_Documents\lwip_st_STM32\STM32F107_ETH_LwIP_V1.0.0\Project\RIDE\STM3210C-EVAL\stm32_eth.o
                0x08003020                ETH_MACTransmissionCmd
 .text.ETH_MACReceptionCmd
                0x0800303c       0x1c D:\SAV\STM32_Documents\lwip_st_STM32\STM32F107_ETH_LwIP_V1.0.0\Project\RIDE\STM3210C-EVAL\stm32_eth.o
                0x0800303c                ETH_MACReceptionCmd
 .text.ETH_MACAddressConfig
                0x08003058       0x30 D:\SAV\STM32_Documents\lwip_st_STM32\STM32F107_ETH_LwIP_V1.0.0\Project\RIDE\STM3210C-EVAL\stm32_eth.o
                0x08003058                ETH_MACAddressConfig
 .text.ETH_DMATxDescChainInit
                0x08003088       0x48 D:\SAV\STM32_Documents\lwip_st_STM32\STM32F107_ETH_LwIP_V1.0.0\Project\RIDE\STM3210C-EVAL\stm32_eth.o
                0x08003088                ETH_DMATxDescChainInit
 .text.ETH_DMATxDescChecksumInsertionConfig
                0x080030d0        0x8 D:\SAV\STM32_Documents\lwip_st_STM32\STM32F107_ETH_LwIP_V1.0.0\Project\RIDE\STM3210C-EVAL\stm32_eth.o
                0x080030d0                ETH_DMATxDescChecksumInsertionConfig
 .text.ETH_DMARxDescChainInit
                0x080030d8       0x50 D:\SAV\STM32_Documents\lwip_st_STM32\STM32F107_ETH_LwIP_V1.0.0\Project\RIDE\STM3210C-EVAL\stm32_eth.o
                0x080030d8                ETH_DMARxDescChainInit
 .text.ETH_GetDMARxDescFrameLength
                0x08003128        0x8 D:\SAV\STM32_Documents\lwip_st_STM32\STM32F107_ETH_LwIP_V1.0.0\Project\RIDE\STM3210C-EVAL\stm32_eth.o
                0x08003128                ETH_GetDMARxDescFrameLength
 .text.ETH_GetRxPktSize
                0x08003130       0x2c D:\SAV\STM32_Documents\lwip_st_STM32\STM32F107_ETH_LwIP_V1.0.0\Project\RIDE\STM3210C-EVAL\stm32_eth.o
                0x08003130                ETH_GetRxPktSize
 .text.ETH_DMARxDescReceiveITConfig
                0x0800315c       0x14 D:\SAV\STM32_Documents\lwip_st_STM32\STM32F107_ETH_LwIP_V1.0.0\Project\RIDE\STM3210C-EVAL\stm32_eth.o
                0x0800315c                ETH_DMARxDescReceiveITConfig
 .text.ETH_SoftwareReset
                0x08003170       0x10 D:\SAV\STM32_Documents\lwip_st_STM32\STM32F107_ETH_LwIP_V1.0.0\Project\RIDE\STM3210C-EVAL\stm32_eth.o
                0x08003170                ETH_SoftwareReset
 .text.ETH_GetSoftwareResetStatus
                0x08003180       0x10 D:\SAV\STM32_Documents\lwip_st_STM32\STM32F107_ETH_LwIP_V1.0.0\Project\RIDE\STM3210C-EVAL\stm32_eth.o
                0x08003180                ETH_GetSoftwareResetStatus
 .text.ETH_DMAClearITPendingBit
                0x08003190       0x10 D:\SAV\STM32_Documents\lwip_st_STM32\STM32F107_ETH_LwIP_V1.0.0\Project\RIDE\STM3210C-EVAL\stm32_eth.o
                0x08003190                ETH_DMAClearITPendingBit
 .text.ETH_FlushTransmitFIFO
                0x080031a0       0x14 D:\SAV\STM32_Documents\lwip_st_STM32\STM32F107_ETH_LwIP_V1.0.0\Project\RIDE\STM3210C-EVAL\stm32_eth.o
                0x080031a0                ETH_FlushTransmitFIFO
 .text.ETH_DMATransmissionCmd
                0x080031b4       0x1c D:\SAV\STM32_Documents\lwip_st_STM32\STM32F107_ETH_LwIP_V1.0.0\Project\RIDE\STM3210C-EVAL\stm32_eth.o
                0x080031b4                ETH_DMATransmissionCmd
 .text.ETH_DMAReceptionCmd
                0x080031d0       0x1c D:\SAV\STM32_Documents\lwip_st_STM32\STM32F107_ETH_LwIP_V1.0.0\Project\RIDE\STM3210C-EVAL\stm32_eth.o
                0x080031d0                ETH_DMAReceptionCmd
 .text.ETH_Start
                0x080031ec       0x20 D:\SAV\STM32_Documents\lwip_st_STM32\STM32F107_ETH_LwIP_V1.0.0\Project\RIDE\STM3210C-EVAL\stm32_eth.o
                0x080031ec                ETH_Start
 .text.ETH_DMAITConfig
                0x0800320c       0x1c D:\SAV\STM32_Documents\lwip_st_STM32\STM32F107_ETH_LwIP_V1.0.0\Project\RIDE\STM3210C-EVAL\stm32_eth.o
                0x0800320c                ETH_DMAITConfig
 .text.ETH_Delay
                0x08003228       0x1c D:\SAV\STM32_Documents\lwip_st_STM32\STM32F107_ETH_LwIP_V1.0.0\Project\RIDE\STM3210C-EVAL\stm32_eth.o
 .text.ETH_Init
                0x08003244      0x248 D:\SAV\STM32_Documents\lwip_st_STM32\STM32F107_ETH_LwIP_V1.0.0\Project\RIDE\STM3210C-EVAL\stm32_eth.o
                0x08003244                ETH_Init
 .text.ETH_DeInit
                0x0800348c       0x18 D:\SAV\STM32_Documents\lwip_st_STM32\STM32F107_ETH_LwIP_V1.0.0\Project\RIDE\STM3210C-EVAL\stm32_eth.o
                0x0800348c                ETH_DeInit
 .text.tcp_output_set_header
                0x080034a4       0xd0 D:\SAV\STM32_Documents\lwip_st_STM32\STM32F107_ETH_LwIP_V1.0.0\Project\RIDE\STM3210C-EVAL\tcp_out.o
 .text.tcp_zero_window_probe
                0x08003574       0x60 D:\SAV\STM32_Documents\lwip_st_STM32\STM32F107_ETH_LwIP_V1.0.0\Project\RIDE\STM3210C-EVAL\tcp_out.o
                0x08003574                tcp_zero_window_probe
 .text.tcp_keepalive
                0x080035d4       0x44 D:\SAV\STM32_Documents\lwip_st_STM32\STM32F107_ETH_LwIP_V1.0.0\Project\RIDE\STM3210C-EVAL\tcp_out.o
                0x080035d4                tcp_keepalive
 .text.tcp_rst  0x08003618       0xec D:\SAV\STM32_Documents\lwip_st_STM32\STM32F107_ETH_LwIP_V1.0.0\Project\RIDE\STM3210C-EVAL\tcp_out.o
                0x08003618                tcp_rst
 .text.tcp_output
                0x08003704      0x3a4 D:\SAV\STM32_Documents\lwip_st_STM32\STM32F107_ETH_LwIP_V1.0.0\Project\RIDE\STM3210C-EVAL\tcp_out.o
                0x08003704                tcp_output
 .text.tcp_rexmit
                0x08003aa8       0x78 D:\SAV\STM32_Documents\lwip_st_STM32\STM32F107_ETH_LwIP_V1.0.0\Project\RIDE\STM3210C-EVAL\tcp_out.o
                0x08003aa8                tcp_rexmit
 .text.tcp_rexmit_rto
                0x08003b20       0x2c D:\SAV\STM32_Documents\lwip_st_STM32\STM32F107_ETH_LwIP_V1.0.0\Project\RIDE\STM3210C-EVAL\tcp_out.o
                0x08003b20                tcp_rexmit_rto
 .text.tcp_enqueue
                0x08003b4c      0x390 D:\SAV\STM32_Documents\lwip_st_STM32\STM32F107_ETH_LwIP_V1.0.0\Project\RIDE\STM3210C-EVAL\tcp_out.o
                0x08003b4c                tcp_enqueue
 .text.tcp_write
                0x08003edc       0x34 D:\SAV\STM32_Documents\lwip_st_STM32\STM32F107_ETH_LwIP_V1.0.0\Project\RIDE\STM3210C-EVAL\tcp_out.o
                0x08003edc                tcp_write
 .text.tcp_send_ctrl
                0x08003f10       0x18 D:\SAV\STM32_Documents\lwip_st_STM32\STM32F107_ETH_LwIP_V1.0.0\Project\RIDE\STM3210C-EVAL\tcp_out.o
                0x08003f10                tcp_send_ctrl
 .text.udp_bind
                0x08003f28       0x74 D:\SAV\STM32_Documents\lwip_st_STM32\STM32F107_ETH_LwIP_V1.0.0\Project\RIDE\STM3210C-EVAL\udp.o
                0x08003f28                udp_bind
 .text.udp_connect
                0x08003f9c       0x60 D:\SAV\STM32_Documents\lwip_st_STM32\STM32F107_ETH_LwIP_V1.0.0\Project\RIDE\STM3210C-EVAL\udp.o
                0x08003f9c                udp_connect
 .text.udp_disconnect
                0x08003ffc       0x2c D:\SAV\STM32_Documents\lwip_st_STM32\STM32F107_ETH_LwIP_V1.0.0\Project\RIDE\STM3210C-EVAL\udp.o
                0x08003ffc                udp_disconnect
 .text.udp_recv
                0x08004028        0x8 D:\SAV\STM32_Documents\lwip_st_STM32\STM32F107_ETH_LwIP_V1.0.0\Project\RIDE\STM3210C-EVAL\udp.o
                0x08004028                udp_recv
 .text.udp_new  0x08004030       0x20 D:\SAV\STM32_Documents\lwip_st_STM32\STM32F107_ETH_LwIP_V1.0.0\Project\RIDE\STM3210C-EVAL\udp.o
                0x08004030                udp_new
 .text.udp_remove
                0x08004050       0x30 D:\SAV\STM32_Documents\lwip_st_STM32\STM32F107_ETH_LwIP_V1.0.0\Project\RIDE\STM3210C-EVAL\udp.o
                0x08004050                udp_remove
 .text.udp_sendto_if
                0x08004080       0xc8 D:\SAV\STM32_Documents\lwip_st_STM32\STM32F107_ETH_LwIP_V1.0.0\Project\RIDE\STM3210C-EVAL\udp.o
                0x08004080                udp_sendto_if
 .text.udp_sendto
                0x08004148       0x2c D:\SAV\STM32_Documents\lwip_st_STM32\STM32F107_ETH_LwIP_V1.0.0\Project\RIDE\STM3210C-EVAL\udp.o
                0x08004148                udp_sendto
 .text.udp_send
                0x08004174       0x10 D:\SAV\STM32_Documents\lwip_st_STM32\STM32F107_ETH_LwIP_V1.0.0\Project\RIDE\STM3210C-EVAL\udp.o
                0x08004174                udp_send
 .text.udp_input
                0x08004184      0x1ec D:\SAV\STM32_Documents\lwip_st_STM32\STM32F107_ETH_LwIP_V1.0.0\Project\RIDE\STM3210C-EVAL\udp.o
                0x08004184                udp_input
 .text.dhcp_set_state
                0x08004370       0x10 D:\SAV\STM32_Documents\lwip_st_STM32\STM32F107_ETH_LwIP_V1.0.0\Project\RIDE\STM3210C-EVAL\dhcp.o
 .text.dhcp_option
                0x08004380       0x20 D:\SAV\STM32_Documents\lwip_st_STM32\STM32F107_ETH_LwIP_V1.0.0\Project\RIDE\STM3210C-EVAL\dhcp.o
 .text.dhcp_option_byte
                0x080043a0       0x10 D:\SAV\STM32_Documents\lwip_st_STM32\STM32F107_ETH_LwIP_V1.0.0\Project\RIDE\STM3210C-EVAL\dhcp.o
 .text.dhcp_option_short
                0x080043b0       0x20 D:\SAV\STM32_Documents\lwip_st_STM32\STM32F107_ETH_LwIP_V1.0.0\Project\RIDE\STM3210C-EVAL\dhcp.o
 .text.dhcp_option_long
                0x080043d0       0x40 D:\SAV\STM32_Documents\lwip_st_STM32\STM32F107_ETH_LwIP_V1.0.0\Project\RIDE\STM3210C-EVAL\dhcp.o
 .text.dhcp_option_trailer
                0x08004410       0x34 D:\SAV\STM32_Documents\lwip_st_STM32\STM32F107_ETH_LwIP_V1.0.0\Project\RIDE\STM3210C-EVAL\dhcp.o
 .text.dhcp_get_option_ptr
                0x08004444       0x90 D:\SAV\STM32_Documents\lwip_st_STM32\STM32F107_ETH_LwIP_V1.0.0\Project\RIDE\STM3210C-EVAL\dhcp.o
 .text.dhcp_get_option_long
                0x080044d4       0x1c D:\SAV\STM32_Documents\lwip_st_STM32\STM32F107_ETH_LwIP_V1.0.0\Project\RIDE\STM3210C-EVAL\dhcp.o
 .text.dhcp_delete_request
                0x080044f0       0x18 D:\SAV\STM32_Documents\lwip_st_STM32\STM32F107_ETH_LwIP_V1.0.0\Project\RIDE\STM3210C-EVAL\dhcp.o
 .text.dhcp_free_reply
                0x08004508       0x20 D:\SAV\STM32_Documents\lwip_st_STM32\STM32F107_ETH_LwIP_V1.0.0\Project\RIDE\STM3210C-EVAL\dhcp.o
 .text.dhcp_stop
                0x08004528       0x40 D:\SAV\STM32_Documents\lwip_st_STM32\STM32F107_ETH_LwIP_V1.0.0\Project\RIDE\STM3210C-EVAL\dhcp.o
                0x08004528                dhcp_stop
 .text.dhcp_create_request
                0x08004568      0x150 D:\SAV\STM32_Documents\lwip_st_STM32\STM32F107_ETH_LwIP_V1.0.0\Project\RIDE\STM3210C-EVAL\dhcp.o
 .text.dhcp_release
                0x080046b8       0xc4 D:\SAV\STM32_Documents\lwip_st_STM32\STM32F107_ETH_LwIP_V1.0.0\Project\RIDE\STM3210C-EVAL\dhcp.o
                0x080046b8                dhcp_release
 .text.dhcp_renew
                0x0800477c       0xa0 D:\SAV\STM32_Documents\lwip_st_STM32\STM32F107_ETH_LwIP_V1.0.0\Project\RIDE\STM3210C-EVAL\dhcp.o
                0x0800477c                dhcp_renew
 .text.dhcp_discover
                0x0800481c       0xe8 D:\SAV\STM32_Documents\lwip_st_STM32\STM32F107_ETH_LwIP_V1.0.0\Project\RIDE\STM3210C-EVAL\dhcp.o
 .text.dhcp_rebind
                0x08004904       0xa4 D:\SAV\STM32_Documents\lwip_st_STM32\STM32F107_ETH_LwIP_V1.0.0\Project\RIDE\STM3210C-EVAL\dhcp.o
 .text.dhcp_coarse_tmr
                0x080049a8       0x58 D:\SAV\STM32_Documents\lwip_st_STM32\STM32F107_ETH_LwIP_V1.0.0\Project\RIDE\STM3210C-EVAL\dhcp.o
                0x080049a8                dhcp_coarse_tmr
 .text.dhcp_arp_reply
                0x08004a00       0xb4 D:\SAV\STM32_Documents\lwip_st_STM32\STM32F107_ETH_LwIP_V1.0.0\Project\RIDE\STM3210C-EVAL\dhcp.o
                0x08004a00                dhcp_arp_reply
 .text.dhcp_select
                0x08004ab4      0x100 D:\SAV\STM32_Documents\lwip_st_STM32\STM32F107_ETH_LwIP_V1.0.0\Project\RIDE\STM3210C-EVAL\dhcp.o
 .text.dhcp_start
                0x08004bb4       0xac D:\SAV\STM32_Documents\lwip_st_STM32\STM32F107_ETH_LwIP_V1.0.0\Project\RIDE\STM3210C-EVAL\dhcp.o
                0x08004bb4                dhcp_start
 .text.dhcp_check
                0x08004c60       0x28 D:\SAV\STM32_Documents\lwip_st_STM32\STM32F107_ETH_LwIP_V1.0.0\Project\RIDE\STM3210C-EVAL\dhcp.o
 .text.dhcp_bind
                0x08004c88       0xc8 D:\SAV\STM32_Documents\lwip_st_STM32\STM32F107_ETH_LwIP_V1.0.0\Project\RIDE\STM3210C-EVAL\dhcp.o
 .text.dhcp_recv
                0x08004d50      0x288 D:\SAV\STM32_Documents\lwip_st_STM32\STM32F107_ETH_LwIP_V1.0.0\Project\RIDE\STM3210C-EVAL\dhcp.o
 .text.dhcp_fine_tmr
                0x08004fd8       0x90 D:\SAV\STM32_Documents\lwip_st_STM32\STM32F107_ETH_LwIP_V1.0.0\Project\RIDE\STM3210C-EVAL\dhcp.o
                0x08004fd8                dhcp_fine_tmr
 .text.mem_init
                0x08005068       0x3c D:\SAV\STM32_Documents\lwip_st_STM32\STM32F107_ETH_LwIP_V1.0.0\Project\RIDE\STM3210C-EVAL\mem.o
                0x08005068                mem_init
 .text.mem_free
                0x080050a4       0x9c D:\SAV\STM32_Documents\lwip_st_STM32\STM32F107_ETH_LwIP_V1.0.0\Project\RIDE\STM3210C-EVAL\mem.o
                0x080050a4                mem_free
 .text.mem_realloc
                0x08005140       0xc0 D:\SAV\STM32_Documents\lwip_st_STM32\STM32F107_ETH_LwIP_V1.0.0\Project\RIDE\STM3210C-EVAL\mem.o
                0x08005140                mem_realloc
 .text.mem_malloc
                0x08005200       0xac D:\SAV\STM32_Documents\lwip_st_STM32\STM32F107_ETH_LwIP_V1.0.0\Project\RIDE\STM3210C-EVAL\mem.o
                0x08005200                mem_malloc
 .text.mem_calloc
                0x080052ac       0x1c D:\SAV\STM32_Documents\lwip_st_STM32\STM32F107_ETH_LwIP_V1.0.0\Project\RIDE\STM3210C-EVAL\mem.o
                0x080052ac                mem_calloc
 .text.memp_init
                0x080052c8       0x50 D:\SAV\STM32_Documents\lwip_st_STM32\STM32F107_ETH_LwIP_V1.0.0\Project\RIDE\STM3210C-EVAL\memp.o
                0x080052c8                memp_init
 .text.memp_malloc
                0x08005318       0x20 D:\SAV\STM32_Documents\lwip_st_STM32\STM32F107_ETH_LwIP_V1.0.0\Project\RIDE\STM3210C-EVAL\memp.o
                0x08005318                memp_malloc
 .text.memp_free
                0x08005338       0x1c D:\SAV\STM32_Documents\lwip_st_STM32\STM32F107_ETH_LwIP_V1.0.0\Project\RIDE\STM3210C-EVAL\memp.o
                0x08005338                memp_free
 .text.netif_set_gw
                0x08005354       0x20 D:\SAV\STM32_Documents\lwip_st_STM32\STM32F107_ETH_LwIP_V1.0.0\Project\RIDE\STM3210C-EVAL\netif.o
                0x08005354                netif_set_gw
 .text.netif_set_netmask
                0x08005374       0x20 D:\SAV\STM32_Documents\lwip_st_STM32\STM32F107_ETH_LwIP_V1.0.0\Project\RIDE\STM3210C-EVAL\netif.o
                0x08005374                netif_set_netmask
 .text.netif_set_default
                0x08005394        0xc D:\SAV\STM32_Documents\lwip_st_STM32\STM32F107_ETH_LwIP_V1.0.0\Project\RIDE\STM3210C-EVAL\netif.o
                0x08005394                netif_set_default
 .text.netif_set_down
                0x080053a0       0x14 D:\SAV\STM32_Documents\lwip_st_STM32\STM32F107_ETH_LwIP_V1.0.0\Project\RIDE\STM3210C-EVAL\netif.o
                0x080053a0                netif_set_down
 .text.netif_is_up
                0x080053b4        0xc D:\SAV\STM32_Documents\lwip_st_STM32\STM32F107_ETH_LwIP_V1.0.0\Project\RIDE\STM3210C-EVAL\netif.o
                0x080053b4                netif_is_up
 .text.netif_set_up
                0x080053c0       0x24 D:\SAV\STM32_Documents\lwip_st_STM32\STM32F107_ETH_LwIP_V1.0.0\Project\RIDE\STM3210C-EVAL\netif.o
                0x080053c0                netif_set_up
 .text.netif_set_ipaddr
                0x080053e4       0x88 D:\SAV\STM32_Documents\lwip_st_STM32\STM32F107_ETH_LwIP_V1.0.0\Project\RIDE\STM3210C-EVAL\netif.o
                0x080053e4                netif_set_ipaddr
 .text.netif_set_addr
                0x0800546c       0x20 D:\SAV\STM32_Documents\lwip_st_STM32\STM32F107_ETH_LwIP_V1.0.0\Project\RIDE\STM3210C-EVAL\netif.o
                0x0800546c                netif_set_addr
 .text.netif_add
                0x0800548c       0x54 D:\SAV\STM32_Documents\lwip_st_STM32\STM32F107_ETH_LwIP_V1.0.0\Project\RIDE\STM3210C-EVAL\netif.o
                0x0800548c                netif_add
 .text.pbuf_header
                0x080054e0       0x6c D:\SAV\STM32_Documents\lwip_st_STM32\STM32F107_ETH_LwIP_V1.0.0\Project\RIDE\STM3210C-EVAL\pbuf.o
                0x080054e0                pbuf_header
 .text.pbuf_clen
                0x0800554c       0x14 D:\SAV\STM32_Documents\lwip_st_STM32\STM32F107_ETH_LwIP_V1.0.0\Project\RIDE\STM3210C-EVAL\pbuf.o
                0x0800554c                pbuf_clen
 .text.pbuf_ref
                0x08005560        0xc D:\SAV\STM32_Documents\lwip_st_STM32\STM32F107_ETH_LwIP_V1.0.0\Project\RIDE\STM3210C-EVAL\pbuf.o
                0x08005560                pbuf_ref
 .text.pbuf_cat
                0x0800556c       0x20 D:\SAV\STM32_Documents\lwip_st_STM32\STM32F107_ETH_LwIP_V1.0.0\Project\RIDE\STM3210C-EVAL\pbuf.o
                0x0800556c                pbuf_cat
 .text.pbuf_chain
                0x0800558c       0x10 D:\SAV\STM32_Documents\lwip_st_STM32\STM32F107_ETH_LwIP_V1.0.0\Project\RIDE\STM3210C-EVAL\pbuf.o
                0x0800558c                pbuf_chain
 .text.pbuf_copy_partial
                0x0800559c       0x64 D:\SAV\STM32_Documents\lwip_st_STM32\STM32F107_ETH_LwIP_V1.0.0\Project\RIDE\STM3210C-EVAL\pbuf.o
                0x0800559c                pbuf_copy_partial
 .text.pbuf_copy
                0x08005600       0x90 D:\SAV\STM32_Documents\lwip_st_STM32\STM32F107_ETH_LwIP_V1.0.0\Project\RIDE\STM3210C-EVAL\pbuf.o
                0x08005600                pbuf_copy
 .text.pbuf_free
                0x08005690       0x48 D:\SAV\STM32_Documents\lwip_st_STM32\STM32F107_ETH_LwIP_V1.0.0\Project\RIDE\STM3210C-EVAL\pbuf.o
                0x08005690                pbuf_free
 .text.pbuf_realloc
                0x080056d8       0x50 D:\SAV\STM32_Documents\lwip_st_STM32\STM32F107_ETH_LwIP_V1.0.0\Project\RIDE\STM3210C-EVAL\pbuf.o
                0x080056d8                pbuf_realloc
 .text.pbuf_alloc
                0x08005728      0x11c D:\SAV\STM32_Documents\lwip_st_STM32\STM32F107_ETH_LwIP_V1.0.0\Project\RIDE\STM3210C-EVAL\pbuf.o
                0x08005728                pbuf_alloc
 .text.raw_input
                0x08005844       0x6c D:\SAV\STM32_Documents\lwip_st_STM32\STM32F107_ETH_LwIP_V1.0.0\Project\RIDE\STM3210C-EVAL\raw.o
                0x08005844                raw_input
 .text.tcp_accept_null
                0x080058b0        0x8 D:\SAV\STM32_Documents\lwip_st_STM32\STM32F107_ETH_LwIP_V1.0.0\Project\RIDE\STM3210C-EVAL\tcp.o
 .text.tcp_update_rcv_ann_wnd
                0x080058b8       0x30 D:\SAV\STM32_Documents\lwip_st_STM32\STM32F107_ETH_LwIP_V1.0.0\Project\RIDE\STM3210C-EVAL\tcp.o
                0x080058b8                tcp_update_rcv_ann_wnd
 .text.tcp_new_port
                0x080058e8       0x68 D:\SAV\STM32_Documents\lwip_st_STM32\STM32F107_ETH_LwIP_V1.0.0\Project\RIDE\STM3210C-EVAL\tcp.o
 .text.tcp_bind
                0x08005950      0x130 D:\SAV\STM32_Documents\lwip_st_STM32\STM32F107_ETH_LwIP_V1.0.0\Project\RIDE\STM3210C-EVAL\tcp.o
                0x08005950                tcp_bind
 .text.tcp_arg  0x08005a80        0x4 D:\SAV\STM32_Documents\lwip_st_STM32\STM32F107_ETH_LwIP_V1.0.0\Project\RIDE\STM3210C-EVAL\tcp.o
                0x08005a80                tcp_arg
 .text.tcp_recv
                0x08005a84        0x8 D:\SAV\STM32_Documents\lwip_st_STM32\STM32F107_ETH_LwIP_V1.0.0\Project\RIDE\STM3210C-EVAL\tcp.o
                0x08005a84                tcp_recv
 .text.tcp_sent
                0x08005a8c        0x8 D:\SAV\STM32_Documents\lwip_st_STM32\STM32F107_ETH_LwIP_V1.0.0\Project\RIDE\STM3210C-EVAL\tcp.o
                0x08005a8c                tcp_sent
 .text.tcp_err  0x08005a94        0x8 D:\SAV\STM32_Documents\lwip_st_STM32\STM32F107_ETH_LwIP_V1.0.0\Project\RIDE\STM3210C-EVAL\tcp.o
                0x08005a94                tcp_err
 .text.tcp_accept
                0x08005a9c        0x4 D:\SAV\STM32_Documents\lwip_st_STM32\STM32F107_ETH_LwIP_V1.0.0\Project\RIDE\STM3210C-EVAL\tcp.o
                0x08005a9c                tcp_accept
 .text.tcp_poll
                0x08005aa0        0xc D:\SAV\STM32_Documents\lwip_st_STM32\STM32F107_ETH_LwIP_V1.0.0\Project\RIDE\STM3210C-EVAL\tcp.o
                0x08005aa0                tcp_poll
 .text.tcp_next_iss
                0x08005aac       0x18 D:\SAV\STM32_Documents\lwip_st_STM32\STM32F107_ETH_LwIP_V1.0.0\Project\RIDE\STM3210C-EVAL\tcp.o
                0x08005aac                tcp_next_iss
 .text.tcp_eff_send_mss
                0x08005ac4       0x20 D:\SAV\STM32_Documents\lwip_st_STM32\STM32F107_ETH_LwIP_V1.0.0\Project\RIDE\STM3210C-EVAL\tcp.o
                0x08005ac4                tcp_eff_send_mss
 .text.tcp_recved
                0x08005ae4       0x38 D:\SAV\STM32_Documents\lwip_st_STM32\STM32F107_ETH_LwIP_V1.0.0\Project\RIDE\STM3210C-EVAL\tcp.o
                0x08005ae4                tcp_recved
 .text.tcp_fasttmr
                0x08005b1c       0x5c D:\SAV\STM32_Documents\lwip_st_STM32\STM32F107_ETH_LwIP_V1.0.0\Project\RIDE\STM3210C-EVAL\tcp.o
                0x08005b1c                tcp_fasttmr
 .text.tcp_seg_free
                0x08005b78       0x20 D:\SAV\STM32_Documents\lwip_st_STM32\STM32F107_ETH_LwIP_V1.0.0\Project\RIDE\STM3210C-EVAL\tcp.o
                0x08005b78                tcp_seg_free
 .text.tcp_segs_free
                0x08005b98       0x1c D:\SAV\STM32_Documents\lwip_st_STM32\STM32F107_ETH_LwIP_V1.0.0\Project\RIDE\STM3210C-EVAL\tcp.o
                0x08005b98                tcp_segs_free
 .text.tcp_pcb_purge
                0x08005bb4       0x30 D:\SAV\STM32_Documents\lwip_st_STM32\STM32F107_ETH_LwIP_V1.0.0\Project\RIDE\STM3210C-EVAL\tcp.o
                0x08005bb4                tcp_pcb_purge
 .text.tcp_pcb_remove
                0x08005be4       0x68 D:\SAV\STM32_Documents\lwip_st_STM32\STM32F107_ETH_LwIP_V1.0.0\Project\RIDE\STM3210C-EVAL\tcp.o
                0x08005be4                tcp_pcb_remove
 .text.tcp_listen_with_backlog
                0x08005c4c       0x98 D:\SAV\STM32_Documents\lwip_st_STM32\STM32F107_ETH_LwIP_V1.0.0\Project\RIDE\STM3210C-EVAL\tcp.o
                0x08005c4c                tcp_listen_with_backlog
 .text.tcp_connect
                0x08005ce4       0xdc D:\SAV\STM32_Documents\lwip_st_STM32\STM32F107_ETH_LwIP_V1.0.0\Project\RIDE\STM3210C-EVAL\tcp.o
                0x08005ce4                tcp_connect
 .text.tcp_abandon
                0x08005dc0       0x90 D:\SAV\STM32_Documents\lwip_st_STM32\STM32F107_ETH_LwIP_V1.0.0\Project\RIDE\STM3210C-EVAL\tcp.o
                0x08005dc0                tcp_abandon
 .text.tcp_alloc
                0x08005e50      0x118 D:\SAV\STM32_Documents\lwip_st_STM32\STM32F107_ETH_LwIP_V1.0.0\Project\RIDE\STM3210C-EVAL\tcp.o
                0x08005e50                tcp_alloc
 .text.tcp_new  0x08005f68        0xc D:\SAV\STM32_Documents\lwip_st_STM32\STM32F107_ETH_LwIP_V1.0.0\Project\RIDE\STM3210C-EVAL\tcp.o
                0x08005f68                tcp_new
 .text.tcp_slowtmr
                0x08005f74      0x230 D:\SAV\STM32_Documents\lwip_st_STM32\STM32F107_ETH_LwIP_V1.0.0\Project\RIDE\STM3210C-EVAL\tcp.o
                0x08005f74                tcp_slowtmr
 .text.tcp_tmr  0x080061a4       0x20 D:\SAV\STM32_Documents\lwip_st_STM32\STM32F107_ETH_LwIP_V1.0.0\Project\RIDE\STM3210C-EVAL\tcp.o
                0x080061a4                tcp_tmr
 .text.tcp_close
                0x080061c4       0xb0 D:\SAV\STM32_Documents\lwip_st_STM32\STM32F107_ETH_LwIP_V1.0.0\Project\RIDE\STM3210C-EVAL\tcp.o
                0x080061c4                tcp_close
 .text.tcp_recv_null
                0x08006274       0x1c D:\SAV\STM32_Documents\lwip_st_STM32\STM32F107_ETH_LwIP_V1.0.0\Project\RIDE\STM3210C-EVAL\tcp.o
 .text.tcp_parseopt
                0x08006290       0x9c D:\SAV\STM32_Documents\lwip_st_STM32\STM32F107_ETH_LwIP_V1.0.0\Project\RIDE\STM3210C-EVAL\tcp_in.o
 .text.tcp_receive
                0x0800632c      0x568 D:\SAV\STM32_Documents\lwip_st_STM32\STM32F107_ETH_LwIP_V1.0.0\Project\RIDE\STM3210C-EVAL\tcp_in.o
 .text.tcp_input
                0x08006894      0x958 D:\SAV\STM32_Documents\lwip_st_STM32\STM32F107_ETH_LwIP_V1.0.0\Project\RIDE\STM3210C-EVAL\tcp_in.o
                0x08006894                tcp_input
 .text.ETH_RxPkt_ChainMode
                0x080071ec       0x64 D:\SAV\STM32_Documents\lwip_st_STM32\STM32F107_ETH_LwIP_V1.0.0\Project\RIDE\STM3210C-EVAL\ethernetif.o
                0x080071ec                ETH_RxPkt_ChainMode
 .text.ETH_TxPkt_ChainMode
                0x08007250       0x44 D:\SAV\STM32_Documents\lwip_st_STM32\STM32F107_ETH_LwIP_V1.0.0\Project\RIDE\STM3210C-EVAL\ethernetif.o
                0x08007250                ETH_TxPkt_ChainMode
 .text.ethernetif_init
                0x08007294       0xe4 D:\SAV\STM32_Documents\lwip_st_STM32\STM32F107_ETH_LwIP_V1.0.0\Project\RIDE\STM3210C-EVAL\ethernetif.o
                0x08007294                ethernetif_init
 .text.low_level_output
                0x08007378       0x30 D:\SAV\STM32_Documents\lwip_st_STM32\STM32F107_ETH_LwIP_V1.0.0\Project\RIDE\STM3210C-EVAL\ethernetif.o
 .text.ethernetif_input
                0x080073a8       0x7c D:\SAV\STM32_Documents\lwip_st_STM32\STM32F107_ETH_LwIP_V1.0.0\Project\RIDE\STM3210C-EVAL\ethernetif.o
                0x080073a8                ethernetif_input
 .text.Set_MAC_Address
                0x08007424       0x2c D:\SAV\STM32_Documents\lwip_st_STM32\STM32F107_ETH_LwIP_V1.0.0\Project\RIDE\STM3210C-EVAL\ethernetif.o
                0x08007424                Set_MAC_Address
 .text.icmp_send_response
                0x08007450       0x6c D:\SAV\STM32_Documents\lwip_st_STM32\STM32F107_ETH_LwIP_V1.0.0\Project\RIDE\STM3210C-EVAL\icmp.o
 .text.icmp_time_exceeded
                0x080074bc        0xc D:\SAV\STM32_Documents\lwip_st_STM32\STM32F107_ETH_LwIP_V1.0.0\Project\RIDE\STM3210C-EVAL\icmp.o
                0x080074bc                icmp_time_exceeded
 .text.icmp_dest_unreach
                0x080074c8        0xc D:\SAV\STM32_Documents\lwip_st_STM32\STM32F107_ETH_LwIP_V1.0.0\Project\RIDE\STM3210C-EVAL\icmp.o
                0x080074c8                icmp_dest_unreach
 .text.icmp_input
                0x080074d4      0x1a4 D:\SAV\STM32_Documents\lwip_st_STM32\STM32F107_ETH_LwIP_V1.0.0\Project\RIDE\STM3210C-EVAL\icmp.o
                0x080074d4                icmp_input
 .text.htons    0x08007678        0xc D:\SAV\STM32_Documents\lwip_st_STM32\STM32F107_ETH_LwIP_V1.0.0\Project\RIDE\STM3210C-EVAL\inet.o
                0x08007678                htons
 .text.ntohs    0x08007684        0x8 D:\SAV\STM32_Documents\lwip_st_STM32\STM32F107_ETH_LwIP_V1.0.0\Project\RIDE\STM3210C-EVAL\inet.o
                0x08007684                ntohs
 .text.htonl    0x0800768c       0x1c D:\SAV\STM32_Documents\lwip_st_STM32\STM32F107_ETH_LwIP_V1.0.0\Project\RIDE\STM3210C-EVAL\inet.o
                0x0800768c                htonl
 .text.ntohl    0x080076a8        0x8 D:\SAV\STM32_Documents\lwip_st_STM32\STM32F107_ETH_LwIP_V1.0.0\Project\RIDE\STM3210C-EVAL\inet.o
                0x080076a8                ntohl
 .text.lwip_standard_chksum
                0x080076b0       0x58 D:\SAV\STM32_Documents\lwip_st_STM32\STM32F107_ETH_LwIP_V1.0.0\Project\RIDE\STM3210C-EVAL\inet_chksum.o
 .text.inet_chksum_pbuf
                0x08007708       0x54 D:\SAV\STM32_Documents\lwip_st_STM32\STM32F107_ETH_LwIP_V1.0.0\Project\RIDE\STM3210C-EVAL\inet_chksum.o
                0x08007708                inet_chksum_pbuf
 .text.inet_chksum
                0x0800775c        0xc D:\SAV\STM32_Documents\lwip_st_STM32\STM32F107_ETH_LwIP_V1.0.0\Project\RIDE\STM3210C-EVAL\inet_chksum.o
                0x0800775c                inet_chksum
 .text.ip_output_if
                0x08007768      0x140 D:\SAV\STM32_Documents\lwip_st_STM32\STM32F107_ETH_LwIP_V1.0.0\Project\RIDE\STM3210C-EVAL\ip.o
                0x08007768                ip_output_if
 .text.ip_route
                0x080078a8       0x50 D:\SAV\STM32_Documents\lwip_st_STM32\STM32F107_ETH_LwIP_V1.0.0\Project\RIDE\STM3210C-EVAL\ip.o
                0x080078a8                ip_route
 .text.ip_output
                0x080078f8       0x40 D:\SAV\STM32_Documents\lwip_st_STM32\STM32F107_ETH_LwIP_V1.0.0\Project\RIDE\STM3210C-EVAL\ip.o
                0x080078f8                ip_output
 .text.ip_input
                0x08007938      0x1e4 D:\SAV\STM32_Documents\lwip_st_STM32\STM32F107_ETH_LwIP_V1.0.0\Project\RIDE\STM3210C-EVAL\ip.o
                0x08007938                ip_input
 .text.ip_addr_isbroadcast
                0x08007b1c       0x4c D:\SAV\STM32_Documents\lwip_st_STM32\STM32F107_ETH_LwIP_V1.0.0\Project\RIDE\STM3210C-EVAL\ip_addr.o
                0x08007b1c                ip_addr_isbroadcast
 .text.ip_frag  0x08007b68      0x160 D:\SAV\STM32_Documents\lwip_st_STM32\STM32F107_ETH_LwIP_V1.0.0\Project\RIDE\STM3210C-EVAL\ip_frag.o
                0x08007b68                ip_frag
 .text.ip_reass_dequeue_datagram
                0x08007cc8       0x24 D:\SAV\STM32_Documents\lwip_st_STM32\STM32F107_ETH_LwIP_V1.0.0\Project\RIDE\STM3210C-EVAL\ip_frag.o
 .text.ip_reass_free_complete_datagram
                0x08007cec       0x9c D:\SAV\STM32_Documents\lwip_st_STM32\STM32F107_ETH_LwIP_V1.0.0\Project\RIDE\STM3210C-EVAL\ip_frag.o
 .text.ip_reass_remove_oldest_datagram
                0x08007d88       0x94 D:\SAV\STM32_Documents\lwip_st_STM32\STM32F107_ETH_LwIP_V1.0.0\Project\RIDE\STM3210C-EVAL\ip_frag.o
 .text.ip_reass
                0x08007e1c      0x3f0 D:\SAV\STM32_Documents\lwip_st_STM32\STM32F107_ETH_LwIP_V1.0.0\Project\RIDE\STM3210C-EVAL\ip_frag.o
                0x08007e1c                ip_reass
 .text.etharp_send_ip
                0x0800820c       0x40 D:\SAV\STM32_Documents\lwip_st_STM32\STM32F107_ETH_LwIP_V1.0.0\Project\RIDE\STM3210C-EVAL\etharp.o
 .text.etharp_request
                0x0800824c       0xc0 D:\SAV\STM32_Documents\lwip_st_STM32\STM32F107_ETH_LwIP_V1.0.0\Project\RIDE\STM3210C-EVAL\etharp.o
                0x0800824c                etharp_request
 .text.free_etharp_q
                0x0800830c       0x20 D:\SAV\STM32_Documents\lwip_st_STM32\STM32F107_ETH_LwIP_V1.0.0\Project\RIDE\STM3210C-EVAL\etharp.o
 .text.find_entry
                0x0800832c      0x18c D:\SAV\STM32_Documents\lwip_st_STM32\STM32F107_ETH_LwIP_V1.0.0\Project\RIDE\STM3210C-EVAL\etharp.o
 .text.etharp_query
                0x080084b8      0x144 D:\SAV\STM32_Documents\lwip_st_STM32\STM32F107_ETH_LwIP_V1.0.0\Project\RIDE\STM3210C-EVAL\etharp.o
                0x080084b8                etharp_query
 .text.etharp_output
                0x080085fc      0x114 D:\SAV\STM32_Documents\lwip_st_STM32\STM32F107_ETH_LwIP_V1.0.0\Project\RIDE\STM3210C-EVAL\etharp.o
                0x080085fc                etharp_output
 .text.etharp_tmr
                0x08008710       0x40 D:\SAV\STM32_Documents\lwip_st_STM32\STM32F107_ETH_LwIP_V1.0.0\Project\RIDE\STM3210C-EVAL\etharp.o
                0x08008710                etharp_tmr
 .text.update_arp_entry
                0x08008750       0xe0 D:\SAV\STM32_Documents\lwip_st_STM32\STM32F107_ETH_LwIP_V1.0.0\Project\RIDE\STM3210C-EVAL\etharp.o
 .text.etharp_ip_input
                0x08008830       0x34 D:\SAV\STM32_Documents\lwip_st_STM32\STM32F107_ETH_LwIP_V1.0.0\Project\RIDE\STM3210C-EVAL\etharp.o
                0x08008830                etharp_ip_input
 .text.etharp_arp_input
                0x08008864      0x12c D:\SAV\STM32_Documents\lwip_st_STM32\STM32F107_ETH_LwIP_V1.0.0\Project\RIDE\STM3210C-EVAL\etharp.o
                0x08008864                etharp_arp_input
 .text.ethernet_input
                0x08008990       0x5c D:\SAV\STM32_Documents\lwip_st_STM32\STM32F107_ETH_LwIP_V1.0.0\Project\RIDE\STM3210C-EVAL\etharp.o
                0x08008990                ethernet_input
 .text.dir_findFreeEntryinBuf
                0x080089ec       0x5c D:\SAV\STM32_Documents\lwip_st_STM32\STM32F107_ETH_LwIP_V1.0.0\Project\RIDE\STM3210C-EVAL\dir.o
                0x080089ec                dir_findFreeEntryinBuf
 .text.dir_addCluster
                0x08008a48       0x6c D:\SAV\STM32_Documents\lwip_st_STM32\STM32F107_ETH_LwIP_V1.0.0\Project\RIDE\STM3210C-EVAL\dir.o
                0x08008a48                dir_addCluster
 .text.dir_createDefaultEntry
                0x08008ab4       0x28 D:\SAV\STM32_Documents\lwip_st_STM32\STM32F107_ETH_LwIP_V1.0.0\Project\RIDE\STM3210C-EVAL\dir.o
                0x08008ab4                dir_createDefaultEntry
 .text.dir_getFatFileName
                0x08008adc       0x54 D:\SAV\STM32_Documents\lwip_st_STM32\STM32F107_ETH_LwIP_V1.0.0\Project\RIDE\STM3210C-EVAL\dir.o
                0x08008adc                dir_getFatFileName
 .text.dir_updateDirectoryEntry
                0x08008b30       0x34 D:\SAV\STM32_Documents\lwip_st_STM32\STM32F107_ETH_LwIP_V1.0.0\Project\RIDE\STM3210C-EVAL\dir.o
                0x08008b30                dir_updateDirectoryEntry
 .text.dir_setFileSize
                0x08008b64       0x24 D:\SAV\STM32_Documents\lwip_st_STM32\STM32F107_ETH_LwIP_V1.0.0\Project\RIDE\STM3210C-EVAL\dir.o
                0x08008b64                dir_setFileSize
 .text.dir_setFirstCluster
                0x08008b88       0x30 D:\SAV\STM32_Documents\lwip_st_STM32\STM32F107_ETH_LwIP_V1.0.0\Project\RIDE\STM3210C-EVAL\dir.o
                0x08008b88                dir_setFirstCluster
 .text.dir_createDirectoryEntry
                0x08008bb8       0x34 D:\SAV\STM32_Documents\lwip_st_STM32\STM32F107_ETH_LwIP_V1.0.0\Project\RIDE\STM3210C-EVAL\dir.o
                0x08008bb8                dir_createDirectoryEntry
 .text.dir_getFileStructure
                0x08008bec       0x3c D:\SAV\STM32_Documents\lwip_st_STM32\STM32F107_ETH_LwIP_V1.0.0\Project\RIDE\STM3210C-EVAL\dir.o
                0x08008bec                dir_getFileStructure
 .text.dir_findFileinBuf
                0x08008c28       0x70 D:\SAV\STM32_Documents\lwip_st_STM32\STM32F107_ETH_LwIP_V1.0.0\Project\RIDE\STM3210C-EVAL\dir.o
                0x08008c28                dir_findFileinBuf
 .text.dir_findinBuf
                0x08008c98       0x1c D:\SAV\STM32_Documents\lwip_st_STM32\STM32F107_ETH_LwIP_V1.0.0\Project\RIDE\STM3210C-EVAL\dir.o
                0x08008c98                dir_findinBuf
 .text.dir_findinRootArea
                0x08008cb4       0x74 D:\SAV\STM32_Documents\lwip_st_STM32\STM32F107_ETH_LwIP_V1.0.0\Project\RIDE\STM3210C-EVAL\dir.o
                0x08008cb4                dir_findinRootArea
 .text.dir_findinCluster
                0x08008d28       0x6c D:\SAV\STM32_Documents\lwip_st_STM32\STM32F107_ETH_LwIP_V1.0.0\Project\RIDE\STM3210C-EVAL\dir.o
                0x08008d28                dir_findinCluster
 .text.dir_findinDir
                0x08008d94       0x60 D:\SAV\STM32_Documents\lwip_st_STM32\STM32F107_ETH_LwIP_V1.0.0\Project\RIDE\STM3210C-EVAL\dir.o
                0x08008d94                dir_findinDir
 .text.disc_loadMBR
                0x08008df4       0x54 D:\SAV\STM32_Documents\lwip_st_STM32\STM32F107_ETH_LwIP_V1.0.0\Project\RIDE\STM3210C-EVAL\disc.o
                0x08008df4                disc_loadMBR
 .text.disc_initDisc
                0x08008e48       0x10 D:\SAV\STM32_Documents\lwip_st_STM32\STM32F107_ETH_LwIP_V1.0.0\Project\RIDE\STM3210C-EVAL\disc.o
                0x08008e48                disc_initDisc
 .text.efs_init
                0x08008e58       0x74 D:\SAV\STM32_Documents\lwip_st_STM32\STM32F107_ETH_LwIP_V1.0.0\Project\RIDE\STM3210C-EVAL\efs.o
                0x08008e58                efs_init
 .text.ex_getb16
                0x08008ecc       0x10 D:\SAV\STM32_Documents\lwip_st_STM32\STM32F107_ETH_LwIP_V1.0.0\Project\RIDE\STM3210C-EVAL\extract.o
                0x08008ecc                ex_getb16
 .text.ex_getb32
                0x08008edc       0x1c D:\SAV\STM32_Documents\lwip_st_STM32\STM32F107_ETH_LwIP_V1.0.0\Project\RIDE\STM3210C-EVAL\extract.o
                0x08008edc                ex_getb32
 .text.ex_getPartitionField
                0x08008ef8       0x3c D:\SAV\STM32_Documents\lwip_st_STM32\STM32F107_ETH_LwIP_V1.0.0\Project\RIDE\STM3210C-EVAL\extract.o
                0x08008ef8                ex_getPartitionField
 .text.fat_getSectorAddressFatEntry
                0x08008f34       0x30 D:\SAV\STM32_Documents\lwip_st_STM32\STM32F107_ETH_LwIP_V1.0.0\Project\RIDE\STM3210C-EVAL\fat.o
                0x08008f34                fat_getSectorAddressFatEntry
 .text.fat_isEocMarker
                0x08008f64       0x3c D:\SAV\STM32_Documents\lwip_st_STM32\STM32F107_ETH_LwIP_V1.0.0\Project\RIDE\STM3210C-EVAL\fat.o
                0x08008f64                fat_isEocMarker
 .text.fat_giveEocMarker
                0x08008fa0       0x28 D:\SAV\STM32_Documents\lwip_st_STM32\STM32F107_ETH_LwIP_V1.0.0\Project\RIDE\STM3210C-EVAL\fat.o
                0x08008fa0                fat_giveEocMarker
 .text.fat_setNextClusterAddressWBuf
                0x08008fc8       0xb0 D:\SAV\STM32_Documents\lwip_st_STM32\STM32F107_ETH_LwIP_V1.0.0\Project\RIDE\STM3210C-EVAL\fat.o
                0x08008fc8                fat_setNextClusterAddressWBuf
 .text.fat_getNextClusterAddressWBuf
                0x08009078       0x7c D:\SAV\STM32_Documents\lwip_st_STM32\STM32F107_ETH_LwIP_V1.0.0\Project\RIDE\STM3210C-EVAL\fat.o
                0x08009078                fat_getNextClusterAddressWBuf
 .text.fat_allocClusterChain
                0x080090f4      0x124 D:\SAV\STM32_Documents\lwip_st_STM32\STM32F107_ETH_LwIP_V1.0.0\Project\RIDE\STM3210C-EVAL\fat.o
                0x080090f4                fat_allocClusterChain
 .text.fat_getNextClusterChain
                0x08009218       0x98 D:\SAV\STM32_Documents\lwip_st_STM32\STM32F107_ETH_LwIP_V1.0.0\Project\RIDE\STM3210C-EVAL\fat.o
                0x08009218                fat_getNextClusterChain
 .text.fat_LogicToDiscCluster
                0x080092b0       0x58 D:\SAV\STM32_Documents\lwip_st_STM32\STM32F107_ETH_LwIP_V1.0.0\Project\RIDE\STM3210C-EVAL\fat.o
                0x080092b0                fat_LogicToDiscCluster
 .text.fat_DiscToLogicCluster
                0x08009308       0x40 D:\SAV\STM32_Documents\lwip_st_STM32\STM32F107_ETH_LwIP_V1.0.0\Project\RIDE\STM3210C-EVAL\fat.o
                0x08009308                fat_DiscToLogicCluster
 .text.fat_countClustersInChain
                0x08009348       0x38 D:\SAV\STM32_Documents\lwip_st_STM32\STM32F107_ETH_LwIP_V1.0.0\Project\RIDE\STM3210C-EVAL\fat.o
                0x08009348                fat_countClustersInChain
 .text.fat_setNextClusterAddress
                0x08009380       0xdc D:\SAV\STM32_Documents\lwip_st_STM32\STM32F107_ETH_LwIP_V1.0.0\Project\RIDE\STM3210C-EVAL\fat.o
                0x08009380                fat_setNextClusterAddress
 .text.fat_getNextClusterAddress
                0x0800945c       0xa4 D:\SAV\STM32_Documents\lwip_st_STM32\STM32F107_ETH_LwIP_V1.0.0\Project\RIDE\STM3210C-EVAL\fat.o
                0x0800945c                fat_getNextClusterAddress
 .text.file_setpos
                0x08009500       0x14 D:\SAV\STM32_Documents\lwip_st_STM32\STM32F107_ETH_LwIP_V1.0.0\Project\RIDE\STM3210C-EVAL\file.o
                0x08009500                file_setpos
 .text.file_initFile
                0x08009514       0x2c D:\SAV\STM32_Documents\lwip_st_STM32\STM32F107_ETH_LwIP_V1.0.0\Project\RIDE\STM3210C-EVAL\file.o
                0x08009514                file_initFile
 .text.file_validateChar
                0x08009540       0x48 D:\SAV\STM32_Documents\lwip_st_STM32\STM32F107_ETH_LwIP_V1.0.0\Project\RIDE\STM3210C-EVAL\file.o
                0x08009540                file_validateChar
 .text.file_normalToFatName
                0x08009588       0x9c D:\SAV\STM32_Documents\lwip_st_STM32\STM32F107_ETH_LwIP_V1.0.0\Project\RIDE\STM3210C-EVAL\file.o
                0x08009588                file_normalToFatName
 .text.file_setAttr
                0x08009624       0x20 D:\SAV\STM32_Documents\lwip_st_STM32\STM32F107_ETH_LwIP_V1.0.0\Project\RIDE\STM3210C-EVAL\file.o
                0x08009624                file_setAttr
 .text.file_getAttr
                0x08009644       0x10 D:\SAV\STM32_Documents\lwip_st_STM32\STM32F107_ETH_LwIP_V1.0.0\Project\RIDE\STM3210C-EVAL\file.o
                0x08009644                file_getAttr
 .text.file_requiredCluster
                0x08009654       0x58 D:\SAV\STM32_Documents\lwip_st_STM32\STM32F107_ETH_LwIP_V1.0.0\Project\RIDE\STM3210C-EVAL\file.o
                0x08009654                file_requiredCluster
 .text.file_fclose
                0x080096ac       0x6c D:\SAV\STM32_Documents\lwip_st_STM32\STM32F107_ETH_LwIP_V1.0.0\Project\RIDE\STM3210C-EVAL\file.o
                0x080096ac                file_fclose
 .text.file_fopen
                0x08009718      0x248 D:\SAV\STM32_Documents\lwip_st_STM32\STM32F107_ETH_LwIP_V1.0.0\Project\RIDE\STM3210C-EVAL\file.o
                0x08009718                file_fopen
 .text.file_fwrite
                0x08009960      0x128 D:\SAV\STM32_Documents\lwip_st_STM32\STM32F107_ETH_LwIP_V1.0.0\Project\RIDE\STM3210C-EVAL\file.o
                0x08009960                file_fwrite
 .text.file_write
                0x08009a88       0x18 D:\SAV\STM32_Documents\lwip_st_STM32\STM32F107_ETH_LwIP_V1.0.0\Project\RIDE\STM3210C-EVAL\file.o
                0x08009a88                file_write
 .text.file_fread
                0x08009aa0       0xe4 D:\SAV\STM32_Documents\lwip_st_STM32\STM32F107_ETH_LwIP_V1.0.0\Project\RIDE\STM3210C-EVAL\file.o
                0x08009aa0                file_fread
 .text.file_read
                0x08009b84       0x18 D:\SAV\STM32_Documents\lwip_st_STM32\STM32F107_ETH_LwIP_V1.0.0\Project\RIDE\STM3210C-EVAL\file.o
                0x08009b84                file_read
 .text.fs_verifySanity
                0x08009b9c       0x84 D:\SAV\STM32_Documents\lwip_st_STM32\STM32F107_ETH_LwIP_V1.0.0\Project\RIDE\STM3210C-EVAL\fs.o
                0x08009b9c                fs_verifySanity
 .text.fs_countDataSectors
                0x08009c20       0x54 D:\SAV\STM32_Documents\lwip_st_STM32\STM32F107_ETH_LwIP_V1.0.0\Project\RIDE\STM3210C-EVAL\fs.o
                0x08009c20                fs_countDataSectors
 .text.fs_determineFatType
                0x08009c74       0x30 D:\SAV\STM32_Documents\lwip_st_STM32\STM32F107_ETH_LwIP_V1.0.0\Project\RIDE\STM3210C-EVAL\fs.o
                0x08009c74                fs_determineFatType
 .text.fs_findFirstSectorRootDir
                0x08009ca4       0x30 D:\SAV\STM32_Documents\lwip_st_STM32\STM32F107_ETH_LwIP_V1.0.0\Project\RIDE\STM3210C-EVAL\fs.o
                0x08009ca4                fs_findFirstSectorRootDir
 .text.fs_clusterToSector
                0x08009cd4       0x30 D:\SAV\STM32_Documents\lwip_st_STM32\STM32F107_ETH_LwIP_V1.0.0\Project\RIDE\STM3210C-EVAL\fs.o
                0x08009cd4                fs_clusterToSector
 .text.fs_giveFreeClusterHint
                0x08009d04        0x4 D:\SAV\STM32_Documents\lwip_st_STM32\STM32F107_ETH_LwIP_V1.0.0\Project\RIDE\STM3210C-EVAL\fs.o
                0x08009d04                fs_giveFreeClusterHint
 .text.fs_getFirstClusterRootDir
                0x08009d08       0x10 D:\SAV\STM32_Documents\lwip_st_STM32\STM32F107_ETH_LwIP_V1.0.0\Project\RIDE\STM3210C-EVAL\fs.o
                0x08009d08                fs_getFirstClusterRootDir
 .text.fs_initCurrentDir