<html>
<body>
<pre>
<h1>µVision Build Log</h1>
<h2>Tool Versions:</h2>
IDE-Version: µVision V5.15
Copyright (C) 2015 ARM Ltd and ARM Germany GmbH. All rights reserved.
License Information: c c, c, LIC=UJWQD-86FI0-303NC-7RCAJ-MR37R-70XXB
 
Tool Versions:
Toolchain:       MDK-ARM Standard  Version: 5.15.0
Toolchain Path:  C:\Keil_v5\ARM\ARMCC\Bin
C Compiler:      Armcc.exe V5.05 update 2 (build 169)
Assembler:       Armasm.exe V5.05 update 2 (build 169)
Linker/Locator:  ArmLink.exe V5.05 update 2 (build 169)
Library Manager: ArmAr.exe V5.05 update 2 (build 169)
Hex Converter:   FromElf.exe V5.05 update 2 (build 169)
CPU DLL:         SARMCM3.DLL V5.15.0
Dialog DLL:      DCM.DLL V1.13.2.0
Target DLL:      STLink\ST-LINKIII-KEIL_SWO.dll V2.0.15.0_KEIL
Dialog DLL:      TCM.DLL V1.14.5.0
 
<h2>Project:</h2>
C:\Users\tparlem\Desktop\stm32cubef7 (1)\STM32Cube_FW_F7_V1.2.0\Projects\STM32746G-Discovery\Applications\LwIP\LwIP_HTTP_Server_Netconn_RTOS\MDK-ARM\Project.uvprojx
Project File Date:  11/06/2015

<h2>Output:</h2>
*** Using Compiler 'V5.05 update 2 (build 169)', folder: 'C:\Keil_v5\ARM\ARMCC\Bin'
Rebuild target 'STM32746G_DISCOVERY'
compiling croutine.c...
compiling timers.c...
compiling queue.c...
compiling tasks.c...
compiling list.c...
compiling heap_4.c...
compiling cmsis_os.c...
compiling port.c...
compiling lcd_log.c...
compiling mem.c...
compiling sys.c...
compiling netif.c...
compiling tcp_in.c...
compiling init.c...
compiling memp.c...
compiling dhcp.c...
compiling pbuf.c...
compiling lwip_timers.c...
compiling def.c...
compiling udp.c...
compiling raw.c...
compiling tcp.c...
compiling stats.c...
compiling tcp_out.c...
compiling dns.c...
compiling inet.c...
compiling ip_frag.c...
compiling inet_chksum.c...
compiling igmp.c...
compiling icmp.c...
compiling autoip.c...
compiling ip.c...
compiling ip_addr.c...
compiling tcpip.c...
compiling netbuf.c...
compiling api_lib.c...
compiling sockets.c...
compiling api_msg.c...
compiling netifapi.c...
compiling err.c...
compiling netdb.c...
compiling fs.c...
compiling main.c...
..\Inc\light_control.h(11): warning:  #1-D: last line of file ends without a newline
  #endif
..\Src\main.c: 1 warning, 0 errors
compiling stm32f7xx_it.c...
compiling httpserver-netconn.c...
compiling app_ethernet.c...
compiling ethernetif.c...
compiling screenControll.c...
compiling light_control.c...
..\Inc\light_control.h(11): warning:  #1-D: last line of file ends without a newline
  #endif
..\Src\light_control.c(14): warning:  #223-D: function "osDelay" declared implicitly
                osDelay(250);
..\Src\light_control.c: 2 warnings, 0 errors
compiling stm32f7xx_hal_rcc_ex.c...
compiling stm32f7xx_hal_flash.c...
compiling stm32f7xx_hal_i2c_ex.c...
compiling stm32f7xx_hal_i2c.c...
compiling stm32f7xx_hal_dma2d.c...
compiling stm32f7xx_hal_uart.c...
compiling stm32f7xx_hal_cortex.c...
compiling stm32f7xx_hal.c...
compiling stm32f7xx_hal_eth.c...
compiling stm32f7xx_hal_dma.c...
compiling stm32f7xx_hal_ltdc.c...
compiling stm32f7xx_ll_fmc.c...
compiling stm32f7xx_hal_rcc.c...
compiling stm32f7xx_hal_pwr_ex.c...
compiling stm32f7xx_hal_flash_ex.c...
compiling stm32f7xx_hal_pwr.c...
compiling stm32f7xx_hal_sdram.c...
compiling stm32f7xx_hal_gpio.c...
compiling sys_arch.c...
..\..\..\..\..\..\Middlewares\Third_Party\LwIP\system\OS\sys_arch.c(399): warning:  #167-D: argument of type "signed char *" is incompatible with parameter of type "const char *const"
        result = 
TaskCreate( thread, ( signed portCHAR * ) name, stacksize, arg, prio, &CreatedTask );
..\..\..\..\..\..\Middlewares\Third_Party\LwIP\system\OS\sys_arch.c: 1 warning, 0 errors
compiling etharp.c...
assembling startup_stm32f746xx.s...
compiling stm32746g_discovery_sdram.c...
compiling stm32746g_discovery_lcd.c...
compiling stm32746g_discovery.c...
compiling system_stm32f7xx.c...
linking...
Program Size: Code=44104 RO-data=49496 RW-data=336 ZI-data=92648  
"STM32746G_DISCOVERY\STM32746G_DISCOVERY.axf" - 0 Error(s), 4 Warning(s).

<h2>Software Packages used:</h2>

Package Vendor: ARM
                http://www.keil.com/pack/ARM.CMSIS.4.5.0.pack
                ARM::CMSIS:CORE:4.3.0
                CMSIS (Cortex Microcontroller Software Interface Standard)
   * Component: CORE Version: 4.3.0

<h2>Collection of Component include folders:</h2>
  C:\Users\tparlem\Desktop\stm32cubef7 (1)\STM32Cube_FW_F7_V1.2.0\Projects\STM32746G-Discovery\Applications\LwIP\LwIP_HTTP_Server_Netconn_RTOS\MDK-ARM\RTE
  C:\Keil_v5\ARM\PACK\ARM\CMSIS\4.5.0\CMSIS\Include
  C:\Keil_v5\ARM\PACK\Keil\STM32F7xx_DFP\2.3.0\Drivers\CMSIS\Device\ST\STM32F7xx\Include

<h2>Collection of Component Files used:</h2>

   * Component: ARM::CMSIS:CORE:4.3.0
</pre>
</body>
</html>
